# F2 Code Quality Review - iii-runtime-spine

Lane: F2 (code quality)
Plan: .omo/plans/iii-runtime-spine.md
Date: 2026-06-19
Reviewer: Sisyphus-Junior (independent verification lane)
Verdict: PASS
Confidence: HIGH

## Scope inspected

T1 contracts:
- project/contracts/App.Command/ (App.Command.csproj + 7 .cs files)
- project/contracts/App.World/   (App.World.csproj + 4 .cs files)
- project/contracts/App.Ecs/     (App.Ecs.csproj + IService.cs; existing contract)

T3 plugins:
- project/plugins/App.Command/         (App.Command.csproj + 6 .cs files)
- project/plugins/App.World/           (App.World.csproj + 5 .cs files)
- project/plugins/App.World.Projection/ (App.World.Projection.csproj + 3 .cs files)
- project/plugins/App.Ecs/Fields/FieldComponents.cs
- project/plugins/App.Ecs/Systems/ReduceFieldsSystem.cs
- project/plugins/App.Ecs/Actors/EcsSupervisorActor.cs (modified)

Host + bootstrap:
- project/hosts/complete-app/Host.cs (modified)
- project/hosts/complete-app/RuntimeStatusViewSource.cs (new)
- project/hosts/complete-app/complete-app.csproj (modified)
- project/plugins/App.Common/Bootstrap.cs (modified ALC policy)
- project/plugins/App.Ui.Seam/ViewRenderer.cs (modified fallback string)

Sibling repo (read-only):
- /Users/apprenticegc/Work/lunar-horse/yokan-projects/fantasim-world (git status, csproj refs)

## T1 boundary audit (Task 1 / Task 4 / Task 7)

Contracts/App.Command source uses (grep across project/contracts/App.Command/*.cs):
- ServiceArchi.Contracts, ServiceArchi.Contracts.Attributes, System.*
- NO Akka, R3, Godot, iii, Hermes, App.Agent, App.Stage, FantaSim.World.*  (0 matches)

Contracts/App.World source uses:
- ServiceArchi.Contracts, ServiceArchi.Contracts.Attributes, FantaSim.App.World.Dto (own DTO)
- NO Akka, R3, Godot, iii, Hermes, App.Agent, App.Stage, FantaSim.World.*  (0 matches)

Contracts/App.Ecs source uses:
- ServiceArchi.Contracts, ServiceArchi.Contracts.Attributes
- NO world-lib / Akka / R3 / Godot refs  (0 matches)

T1 csproj refs:
- contracts/App.Command/App.Command.csproj: PluginArchi + ServiceArchi + SourceGen only
- contracts/App.World/App.World.csproj:    PluginArchi + ServiceArchi + SourceGen only
- contracts/App.Ecs/App.Ecs.csproj:        PluginArchi + ServiceArchi + SourceGen only
- Grep "Akka|R3|Godot|DynamicData|Hermes|App.Agent|App.Stage|FantaSim.World" across project/contracts/*.csproj: 0 matches

Result: T1 boundary CLEAN. World-lib types (FieldId, FieldDescriptor, FieldValue, TruthStreamIdentity, ITruthEventStore, IFieldCatalog, IFieldReducerRegistry) appear only inside T3 plugins (App.World/Services/WorldRuntime.cs, App.Ecs/Fields/FieldComponents.cs, App.Ecs/Systems/ReduceFieldsSystem.cs) and only behind #if USE_PROJECT_REFERENCES. They never cross the T1 surface.

## T3 boundary audit (Task 5 / Task 6 / Task 7 / Task 8)

- plugins/App.World/App.World.csproj: app-side T1 refs always; sibling fantasim-world refs only under Condition="'$(UseProjectReferences)' == 'true'" rooted at $(YokanProjectsRoot). No R3/DynamicData. No Godot.
- plugins/App.World.Projection/App.World.Projection.csproj: app-side only. R3 + DynamicData (T3 reactive layer). No Godot, no fantasim-world types, no Akka, no iii. Verified by grep of using directives: System.Collections.ObjectModel, FantaSim.App.World, FantaSim.App.World.Dto, FantaSim.App.World.Projection.ViewModels, R3.
- plugins/App.Command/App.Command.csproj: app-side T1 contracts only. No App.Agent, App.Stage, Hermes, or world-lib refs. Comments document the deferral explicitly.
- plugins/App.Ecs/App.Ecs.csproj: sibling World.Fields + World.Fields.Core only (no TruthStream) under UseProjectReferences=true; default build compiles only the Akka/ECS actor spine. T1 contract App.Ecs.Contracts never references world-lib.

Result: T3 boundary CLEAN. Runtime-specific deps (R3, DynamicData, Akka, sibling world-lib) live in plugins/host, not contracts.

## ALC policy (Task 9)

project/plugins/App.Common/Bootstrap.cs:79-104 SharedAssemblyPolicy prefixes (current state, read from file):
  "System.", "Microsoft.", "Godot", "GodotSharp", "netstandard",
  "PluginArchi.", "ServiceArchi.", "RegistryArchi.", "DependencyArchi.",
  "CrosscutFoundation.", "MessagePipe", "BoomHud", "R3", "ReactiveUI",
  "DynamicData", "FantaSim.App.", "FantaSim.World.", "FantaSim.App.World.",
  "FantaSim.App.Command.", "Akka", "Newtonsoft.Json"

git diff on Bootstrap.cs confirms the three new prefixes were ADDED (not replacing prior entries):
+                    "FantaSim.World.",
+                    "FantaSim.App.World.",
+                    "FantaSim.App.Command.",

Pre-existing shared prefixes (System., Microsoft., Godot, GodotSharp, netstandard, PluginArchi., ServiceArchi., RegistryArchi., DependencyArchi., CrosscutFoundation., MessagePipe, BoomHud, R3, ReactiveUI, DynamicData, FantaSim.App., Akka, Newtonsoft.Json) all preserved.

Result: ALC policy COMPLETE. Required prefixes present; prior shared prefixes preserved.

## fantasim-world runtime-neutrality (cross-repo)

$ git -C .../fantasim-world status --short
?? AGENTS.md
(only an untracked pre-existing AGENTS.md; no tracked diff)

$ git -C .../fantasim-world diff HEAD --stat
(empty)

$ grep "Akka|R3|Godot|DynamicData|Hermes" across fantasim-world/project/**/*.csproj
(0 matches)

Result: fantasim-world is unchanged by this repo work and has no Akka/R3/Godot/DynamicData/Hermes references. Runtime-neutral MAINTAINED.

## Module size / oversized-file audit (250 LOC ceiling)

wc -l on the largest new/modified files:
  193  project/plugins/App.Command/Orchestration/LocalOrchestrator.cs
  168  project/hosts/complete-app/Host.cs
  162  project/plugins/App.World.Projection/Services/FieldProjectionService.cs
  157  project/plugins/App.Common/Bootstrap.cs
  136  project/plugins/App.World/Services/WorldRuntime.cs
  118  project/plugins/App.Ecs/Systems/ReduceFieldsSystem.cs
  117  project/contracts/App.World/Dto/WorldDtos.cs
   92  project/plugins/App.Ecs/Actors/EcsSupervisorActor.cs
   80  project/hosts/complete-app/RuntimeStatusViewSource.cs
   80  project/plugins/App.World/Services/Service.cs

Result: NO oversized modules. Largest is 193 LOC (LocalOrchestrator), well under 250.

## Code smell scan

### Empty catches / swallowed errors
- App.Command/Services/Service.cs:126-129 `ParseInnerRequest` catch { return null; }: intended (malformed payload => fall back to default world.refresh). Narrow, documented by calling code. Acceptable.
- App.Command/Orchestration/LocalOrchestrator.cs:174-177 `ParseParameters` catch { return empty dict; }: intended (malformed payload JSON => empty params). Narrow. Acceptable.
- App.World/Services/Service.cs:70 `catch { /* subscriber faults are isolated */ }`: explicitly commented isolation pattern for change-callback fan-out. Acceptable.
- App.World.Projection/Services/FieldProjectionService.cs:113-117 / 125-129 `SafeGetFieldValues` / `SafeGetScalarFieldValues` catch { return empty; }: intended to keep the projection alive when the T1 contract throws. Commented. Acceptable.

None of these are broad/swallowed errors in the sloppy sense; each is a narrow, locally-commented boundary that returns a typed empty value rather than letting the caller crash. No silent error hiding in the orchestration or reduce paths.

### Speculative fallbacks
- ViewRenderer.cs:196 fallback string CHANGED from "iii + Hermes through App.Command" to "local in-process orchestration" (Task 9 explicit requirement). The subtitle at line 153 still mentions "Hermes, app commands, bundles..." but that is descriptive UI text, not a runtime-mode fallback; plan T9 only required replacing the runtime-mode fallback at line 196. Acceptable.
- App.World/Services/StubWorldRuntime.cs: documented no-op runtime used only when UseProjectReferences=false because the local lunar-horse feed does not carry FantaSim.World.* packages. This is a compile-time conditional, not a silent runtime fallback. Documented at top of file. Acceptable per plan Task 5 deviation note.
- App.Command/Orchestration/IiiBridgeOrchestrator.cs: explicit deferred stub. Every method throws NotImplementedException with a documented message. Fail-fast, not silent. Acceptable per plan.

### Fragile synchronous blocking on non-trivial async paths
- App.World/Services/WorldRuntime.cs:73 `_truthStore.GetHeadAsync(_streamId).GetAwaiter().GetResult();` and :120 `_truthStore.AppendAsync(...).GetAwaiter().GetResult();`: synchronous block over async world-lib store calls. The T1 contract `IService.GetOverviewAsync` / `RunGenerationAsync` are themselves synchronous signatures (misleading `Async` suffix — see below), so the runtime is forced to block here. This is a known trade-off documented in the plan (App.World T1 surface chosen sync for the first slice). The block is over an in-memory truth store (InMemoryTruthEventStore), so no real I/O is happening — deadlock risk is minimal. Acceptable with caveat.
- Host.cs:125 `orchestration.HealthAsync().GetAwaiter().GetResult();`: HealthAsync is synchronous under LocalOrchestrator (returns Task.FromResult), so this is effectively a no-op block. Acceptable.
- RuntimeStatusViewSource.cs:69 `_orchestration.HealthAsync().GetAwaiter().GetResult();`: same — LocalOrchestrator.HealthAsync is synchronous. Acceptable.
- EcsSupervisorActor.cs:81 `c.Ask<EcsWorldInfo>(new GetWorldSnapshot(...), TimeSpan.FromSeconds(2))` inside ListWorlds: pre-existing pattern (this file is modified but the ListWorlds ask is unchanged). 2s timeout bounds the wait; the actor is the existing ECS query path. Acceptable (pre-existing, not introduced by this work).

### Misleading names
- App.World/Services/IService.cs: WorldOverview GetOverviewAsync(), WorldFieldValues GetFieldValuesAsync(...), WorldGenerationResult RunGenerationAsync(...): all methods end in `Async` but return synchronously (no Task). This is a naming smell carried over from the prior-art App.World T1 surface and is consistent across the contract (fakes in tests also implement the same names). The plan Task 4 explicitly specified these method names. Flag as MINOR — naming is consistent across the contract, fakes, and tests, and the plan dictated the surface. Not blocking.

### Duplicate logic
- ReduceFieldsSystemTests.cs:206-211 `CompareCanonically` duplicates ReduceFieldsSystem.cs:104-109 `CompareCanonically`. The test copy is intentional: the test asserts that the cross-path materialize-then-reduce produces the same result as the live ECS reduce, so the test must sort with its own canonical comparator rather than calling into the system under test. Documented in the test. Acceptable.
- LocalOrchestrator.cs:186-193 manual JSON serialization (`SerializeGeneration`, `SerializeOverview`, `Escape`) instead of System.Text.Json. Minor — avoids serializer config surprises for the small fixed shapes. Acceptable but worth noting as a potential maintenance wart if shapes grow.

### Test gaps
- App.World/Services/Service.cs: `SubscribeGenerationChanged` + `EmitGenerationChanged` fan-out is exercised indirectly via App.World.Projection.Tests (which subscribes and fires events through a FakeWorldService). The real Service's `EmitGenerationChanged` catch-all is not directly unit-tested, but the projection tests cover the subscriber-fault isolation path via the projection's own subscriber handling. Acceptable coverage for this slice.
- App.Command/Orchestration/OrchestratorFactory.cs: no direct test, but every consumer of the factory is tested through `CommandServiceTests.ExecuteAsync_world_orchestrate_delegates_to_local_orchestrator` and `LocalOrchestratorTests`. The factory is a 2-arm switch; coverage is adequate. Acceptable.

### Unnecessary legacy compatibility
- None observed. App.Command restored from prior-art but trimmed to this slice's surface; InProcessClient comment notes "trimmed to the contract surface this slice needs."

## Adversarial class probes

### dirty_worktree
git status --short shows the worktree has:
- Modified (tracked): Directory.Build.props, Directory.Packages.props, project/FantaSim.sln, project/hosts/complete-app/Host.cs, project/hosts/complete-app/complete-app.csproj, project/plugins/App.Common/Bootstrap.cs, project/plugins/App.Ecs/Actors/EcsSupervisorActor.cs, project/plugins/App.Ecs/App.Ecs.csproj, project/plugins/App.Ui.Seam/ViewRenderer.cs, project/tests/App.Ecs.Tests/App.Ecs.Tests.csproj, project/tests/App.Ecs.Tests/App.EcsSmokeTests.cs (deleted).
- New (untracked): project/contracts/App.Command/, project/contracts/App.World/, project/plugins/App.Command/, project/plugins/App.World/, project/plugins/App.World.Projection/, project/plugins/App.Ecs/Fields/, project/plugins/App.Ecs/Systems/, project/hosts/complete-app/RuntimeStatusViewSource.cs(+.uid), project/tests/App.Command.Tests/, project/tests/App.World.Tests/, project/tests/App.World.Projection.Tests/, project/tests/App.Ecs.Tests/{EcsServiceTests,EcsSupervisorActorTests,EcsWorldActorTests,ReduceFieldsSystemTests,TestSystems}.cs.
- Unrelated dirty files: .omo/run-continuation/*.json (M), .omo/boulder.json, .omo/drafts/, .omo/evidence/, .omo/notepads/, .omo/plans/, .omo/run-continuation/*.json (??), .omo/start-work/, AGENTS.md (untracked), vault/handover/2026-06-19-restoration-progress-and-next-steps.md (A).
The .omo/* and AGENTS.md and vault/handover/* entries are orchestrator/evidence/handover artifacts, not product files. They were not inspected for code-quality findings because they are out of F2 scope. The scoped changed files (the contracts/plugins/hosts/tests listed above) are the ones this review covered.

Result: scoped vs. unrelated dirty files correctly distinguished. No product file outside the plan's targets was modified.

### stale_state
All findings in this report come from reading the CURRENT on-disk files, not from previous evidence logs. Each file was read in full this turn.

Result: stale_state risk mitigated.

### misleading_success_output
Cross-checked worker claims from prior task evidence logs against source:
- Task 1 claim "App.Command T1 has no Akka/R3/Godot/iii refs" — verified by grep across contracts/App.Command/*.cs and *.csproj (0 matches).
- Task 4 claim "App.World T1 has no FantaSim.World.* refs" — verified by grep across contracts/App.World/*.cs and *.csproj (0 matches).
- Task 5 claim "World-lib types never leak through T1" — verified by reading WorldRuntime.cs (all world-lib usages behind #if USE_PROJECT_REFERENCES) and Service.cs (only maps to app-side DTOs).
- Task 7 claim "ReduceFieldsSystem is reducer/catalog-only" — verified by reading ReduceFieldsSystem.cs (only World.Fields refs, no TruthStream) and App.Ecs.csproj (World.Fields + World.Fields.Core only, no TruthStream).
- Task 8 claim "Projection is app-side only" — verified by grep of FieldProjectionService.cs usings (no fantasim-world types).
- Task 9 claim "ALC policy includes FantaSim.World./FantaSim.App.World./FantaSim.App.Command." — verified by reading Bootstrap.cs:99-101.
- Task 9 claim "old runtime fallback replaced" — verified by reading ViewRenderer.cs:196 (now "local in-process orchestration").

Result: worker claims cross-checked against source. No misleading successes detected.

## Build + test verification (independent re-run)

$ dotnet build project/FantaSim.sln
Build succeeded. 0 Warning(s) 0 Error(s). Time Elapsed 00:00:01.69

$ dotnet test project/FantaSim.sln --filter "...~App.World.Projection.Tests|...~App.Command.Tests|...~App.Ecs.Tests" --no-build
App.Command.Tests:        11/11 passed
App.World.Projection.Tests: 4/4 passed
App.Ecs.Tests:            16/16 passed (default path; reduce tests skipped under USE_PROJECT_REFERENCES)

$ dotnet build -p:UseProjectReferences=true project/FantaSim.sln
Build succeeded. 21 Warning(s) 0 Error(s).
Warnings are pre-existing: NU1903 MessagePack CVE in fantasim-world's transitive dep (not introduced by this repo), xUnit1031 blocking-ops in tests (pre-existing test pattern).

$ dotnet test -p:UseProjectReferences=true project/FantaSim.sln --filter "...~App.World.Tests|...~App.Ecs.Tests"
App.World.Tests: 5/5 passed (proj-ref path: composition, duplicate FieldId validation, unregistered reducer validation, truth-stream append)
App.Ecs.Tests:   20/20 passed (16 default + 4 reduce/determinism under USE_PROJECT_REFERENCES)

## Findings by severity

CRITICAL: none
MAJOR: none
MINOR:
  - LocalOrchestrator.cs:186-193 manual JSON serialization (SerializeGeneration/SerializeOverview/Escape). Maintenance wart if shapes grow; acceptable for fixed small shapes.
  - App.World/Services/IService.cs: methods named `*Async` return synchronously. Misleading but consistent across contract + fakes + tests, and dictated by plan Task 4. Naming smell, not a behavior bug.
  - WorldRuntime.cs:73,120 synchronous `.GetAwaiter().GetResult()` over async world-lib store calls. Forced by the sync T1 surface; in-memory store so deadlock risk is minimal. Documented trade-off.

NITPICK:
  - ReduceFieldsSystemTests.cs duplicates CompareCanonically from ReduceFieldsSystem.cs. Intentional for cross-path proof; documented in test header.
  - ViewRenderer.cs:153 subtitle still mentions "Hermes, app commands, bundles..." — descriptive UI text, not a runtime fallback. Plan T9 only required the runtime-mode fallback at line 196, which was replaced.

## Blocking issues

None. All T1/T3 boundaries hold, ALC policy is complete, no oversized/sloppy modules, fantasim-world is runtime-neutral and unchanged, build + tests pass on both default and project-ref paths.

## Verdict

<verdict>PASS</verdict>
<confidence>HIGH</confidence>

Evidence path: .omo/evidence/final-f2-code-quality.log