# Final Verification Wave F1 - Plan Compliance Audit
# Plan: .omo/plans/iii-runtime-spine.md
# Date: 2026-06-19
# Verifier: independent read-only pass (Sisyphus-Junior, GLM 5.2)
# Scope: every Must Have (plan lines 23-34) + every Must NOT (plan lines 36-43)
# Source of truth: actual current files on disk, cross-checked against per-task independent logs.

---

## Summary verdict

verdict: PASS
confidence: HIGH (0.93)

All 11 Must-Have items delivered with independent evidence. All 7 Must-NOT guardrails
respected. Plan checkbox F1 intentionally NOT toggled (user must okay before complete).
No product/plan/ledger/notepad files edited. No commits made.

---

## Adversarial class probes (run BEFORE final assessment)

### dirty_worktree
- fantasim-app-godot git status (this verifier, fresh): tracked modifications limited
  to plan-scope files:
    M  Directory.Build.props                       (Task 2: +YokanProjectsRoot)
    M  Directory.Packages.props                    (Task 2: +R3/DynamicData versions)
    M  project/FantaSim.sln                         (Tasks 1,4,5,6,7,8: project enrollment)
    M  project/hosts/complete-app/Host.cs           (Task 9: composition + logging)
    M  project/hosts/complete-app/complete-app.csproj (Task 9: +World/Command/Projection refs)
    M  project/plugins/App.Common/Bootstrap.cs     (Task 9: +3 SharedAssemblyPolicy prefixes)
    M  project/plugins/App.Ecs/Actors/EcsSupervisorActor.cs (Task 3: lifecycle/routing/supervision)
    M  project/plugins/App.Ecs/App.Ecs.csproj       (Task 7: world-lib refs gated + InternalsVisibleTo)
    M  project/plugins/App.Ui.Seam/ViewRenderer.cs (Task 9: stale fallback replacement)
    M  project/tests/App.Ecs.Tests/App.Ecs.Tests.csproj (Task 3/7: test project refs)
    D  project/tests/App.Ecs.Tests/App.EcsSmokeTests.cs (Task 3: replaced by behavioral tests)
    A  vault/handover/2026-06-19-restoration-progress-and-next-steps.md (PRE-EXISTING staged
       by prior unrelated work, NOT touched by any plan task - confirmed unchanged by Task 9
       repair verification log lines 209-210).
  Untracked new files: project/contracts/App.Command/*, project/contracts/App.World/*,
    project/plugins/App.Command/*, project/plugins/App.World/*,
    project/plugins/App.World.Projection/*, project/plugins/App.Ecs/Fields/*,
    project/plugins/App.Ecs/Systems/*, project/hosts/complete-app/RuntimeStatusViewSource.cs,
    project/tests/App.Command.Tests/*, project/tests/App.World.Tests/*,
    project/tests/App.World.Projection.Tests/*, project/tests/App.Ecs.Tests/{EcsService,
    EcsSupervisorActor,EcsWorldActor,ReduceFieldsSystem,TestSystems}.cs.
  Pre-existing unrelated dirty files NOT touched by plan tasks:
    - .omo/run-continuation/ses_*.json (orchestrator bookkeeping; trailing-newline only
      per Wave 1 verification log lines 47-49)
    - AGENTS.md untracked, pre-existing (Wave 1 log lines 45-46)
    - .omo/* (untracked evidence/drafts/notepads/plans - expected artifacts)
- VERDICT: All dirty edits are plan-scope or pre-existing bookkeeping. PASS.

### stale_state
- Read ACTUAL current files on disk for every Must-Have and Must-NOT item below.
- Independent task verification logs cross-checked; they each reran gates and confirmed
  counts match (Wave1 16/16, Task5 5/5, Task6 11/11, Task7 20/20, Task8 4/4, Task9
  repair builds + tests + export + smoke green).
- Task 9 prior stale_state from cancelled bg_41cab294 already addressed by
  task-9-repair-independent-verification.log (lines 211-213).
- VERDICT: All claims verified against current tree. PASS.

### misleading_success_output
- F1 does not accept worker DoneClaims; only independent verification logs are used as
  proof. Worker evidence TRX/build logs are noted only where the independent verifier
  cross-checked them against a fresh rerun and they matched.
- Task 8 log lines 86-90 caught a tooling-level misleading-success-output
  (`tail` masking exit code); verifier re-ran with explicit $? and recorded true exits.
  This is a tooling artifact, not a worker misrepresentation, and was caught+corrected.
- VERDICT: PASS.

---

## Must Have audit (plan lines 23-34)

### MH1. App.Command T1 + IWorldOrchestration seam (plan line 24)
Evidence:
- project/contracts/App.Command/Orchestration/IWorldOrchestration.cs:7-17 declares
  `public interface IWorldOrchestration` with `TriggerAsync(CommandRequest, CT)` and
  `HealthAsync(CT)`. Pure T1: only `using System; System.Threading; System.Threading.Tasks`.
- project/contracts/App.Command/App.Command.csproj: ServiceArchiTier=T1; only
  GiantCroissant.* packages. No Akka/R3/Godot/iii/Hermes/App.Agent (grep: 0 matches).
- Independent Wave1 verification (wave1-independent-verification.log:9-15): App.Command
  builds clean, integrated into FantaSim.sln at line 46.
- Task 6 log (task-6-independent-verification.log:56-64): T1 purity reconfirmed.
STATUS: ACHIEVED.

### MH2. Local in-process orchestration; native bridge deferred behind seam (line 25)
Evidence:
- project/plugins/App.Command/Orchestration/LocalOrchestrator.cs implements
  IWorldOrchestration. Resolves FantaSim.App.World.IService + FantaSim.App.Ecs.IService
  via IRegistry. Dispatches Generate/Tick/Refresh. (Task 6 log lines 79-94).
- project/plugins/App.Command/Orchestration/IiiBridgeOrchestrator.cs implements
  IWorldOrchestration and throws documented NotImplementedException: "The native iii
  bridge (Rust/Hermes) is not built in this slice. Use LocalOrchestrator for in-process
  orchestration; this stub exists only to make the IWorldOrchestration seam explicit and
  deferred." (Task 6 log lines 96-104).
- OrchestratorFactory.Create defaults to Local mode. No external process spawning
  (grep Process.Start in plugins/App.Command: 0 matches).
STATUS: ACHIEVED.

### MH3. YokanProjectsRoot + UseProjectReferences-gated sibling refs (line 26)
Evidence:
- Directory.Build.props:15-16:
    <PlateProjectsRoot ...>/Users/apprenticegc/Work/lunar-horse/plate-projects</PlateProjectsRoot>
    <YokanProjectsRoot ...>/Users/apprenticegc/Work/lunar-horse/yokan-projects</YokanProjectsRoot>
  Mirrors PlateProjectsRoot style. Default UseProjectReferences value unchanged
  (per Task 2 acceptance).
- project/plugins/App.World/App.World.csproj:44-50: World.Fields, World.Fields.Core,
  World.Parameters, World.TruthStream, World.TruthStream.Core all conditionally
  referenced via $(YokanProjectsRoot) under UseProjectReferences=true.
- project/plugins/App.Ecs/App.Ecs.csproj:52-55: World.Fields + World.Fields.Core
  under same gate.
STATUS: ACHIEVED.

### MH4. App.World T1 thin + T3 consuming World.Parameters/Fields/TruthStream (line 27)
Evidence:
- project/contracts/App.World/Services/IService.cs:11-16 exposes GetOverviewAsync,
  GetFieldValuesAsync, GetRenderSnapshotAsync, RunGenerationAsync,
  SubscribeGenerationChanged. Pure app-side DTOs only (grep FantaSim.World in
  contracts/App.World: 0 matches; Task 5 log lines 30-34, 49-60 confirm T1 purity).
- project/plugins/App.World/Services/WorldRuntime.cs:3-6 imports
  FantaSim.World.Fields, FantaSim.World.Fields.Core, FantaSim.World.TruthStream,
  FantaSim.World.TruthStream.Core. Composes CompositeFieldCatalog +
  FieldReducerRegistry + DefaultReducers + CatalogValidator + InMemoryTruthEventStore
  at construction (lines 43-62). #if USE_PROJECT_REFERENCES wrapped (Task 5 log
  lines 18-19, 109-110).
- World.Parameters reached via project ref (csproj line 47) transitively.
STATUS: ACHIEVED.

### MH5. App.Ecs behavioral tests before field systems (line 28)
Evidence:
- project/tests/App.Ecs.Tests/App.EcsSmokeTests.cs DELETED (D in git status).
- New behavioral tests present:
    EcsServiceTests.cs, EcsSupervisorActorTests.cs, EcsWorldActorTests.cs
- Independent Wave1 log (lines 21-23): `dotnet test --filter App.Ecs.Tests` shows
  16/16 Passed, no sleeps, deterministic re-run.
- Task 3 acceptance (per plan line 97): at least four meaningful tests - delivered
  and exceeded (16 tests across 3 files).
STATUS: ACHIEVED.

### MH6. ECS field components + ReduceFieldsSystem using pure fantasim-world reducers/catalog (line 29)
Evidence:
- project/plugins/App.Ecs/Fields/FieldComponents.cs: internal components
  FieldSubject, FieldContributionBuffer, ResolvedFields, #if USE_PROJECT_REFERENCES.
  Grep for forbidden R3/DynamicData/Godot/Hermes/App.Agent/App.Stage: 0 matches.
- project/plugins/App.Ecs/Systems/ReduceFieldsSystem.cs: internal sealed.
  Groups by (Field, Subject, Tick), catalog lookup (_catalog.TryGet line 80),
  reducer lookup (_reducers.TryGet line 82), canonical sort (list.Sort(CompareCanonically)
  line 89), reduce (reducer.Reduce line 90), write ResolvedFields (line 95), clear
  buffer (contributions.Clear line 99). CompareCanonically = (Tick asc, ProducerId
  ordinal) lines 104-109. (Task 7 log lines 38-45.)
STATUS: ACHIEVED.

### MH7. Cross-path determinism test (line 30)
Evidence:
- project/tests/App.Ecs.Tests/ReduceFieldsSystemTests.cs contains
  `Direct_reduce_equals_truth_stream_materialized_reduce` using InMemoryTruthEventStore
  + DelegateMaterializer (Task 7 log line 56).
- Task 7 independent run: 4/4 ReduceFieldsSystemTests pass, including determinism test
  (task-7-independent-reduce.trx). Full App.Ecs.Tests: 20/20 pass (Task 7 log lines
  77-91).
STATUS: ACHIEVED.

### MH8. App.World.Projection T3 with R3 + ObservableCollection (line 31)
Evidence:
- project/plugins/App.World.Projection/App.World.Projection.csproj: ServiceArchiTier=T3;
  ProjectReference App.World T1; PackageReference R3 + DynamicData. No Godot/Akka/iii.
- project/plugins/App.World.Projection/Services/FieldProjectionService.cs uses `using R3;`
  + System.Collections.ObjectModel.ObservableCollection. Consumes only
  FantaSim.App.World.Dto types (Task 8 log lines 31-36).
- 4 tests pass (Task 8 log lines 50-57): collection count matches seeded fields
  (acceptance criterion 1), GenerationChanged observable emits after change
  (acceptance criterion 2).
- Plan deviation re: DynamicData SourceList deferred, ObservableCollection used
  directly. Verifier accepted: plan wording is "ObservableCollection/DynamicData-backed"
  (either/or). Not a failure (Task 8 log lines 36, 97-98).
STATUS: ACHIEVED.

### MH9. Host composition Resource -> SceneFlow -> Ecs -> World -> Command -> Ui (line 32)
Evidence:
- project/hosts/complete-app/Host.cs:24-29:
    ComposeResource(_composition);
    ComposeSceneFlow(_composition);
    ComposeEcs(_composition);
    ComposeWorld(_composition);
    ComposeCommand(_composition);
    ComposeUi(_composition);
- Projection registered inside ComposeWorld (Host.cs:94-101) as a World detail,
  NOT a seventh top-level step. This was the prior blocker #1, now resolved
  (Task 9 repair log lines 27-41).
- All six services registered with tags: resource (line 47-60), scene-flow (65-73),
  ecs (77-84), world (88-92), command+orchestration+client (109-123), ui (149-157).
  No existing services removed (Task 9 repair log lines 43-54).
STATUS: ACHIEVED.

### MH10. SharedAssemblyPolicy additions (line 33)
Evidence:
- project/plugins/App.Common/Bootstrap.cs:99-101 adds:
    "FantaSim.World."
    "FantaSim.App.World."
    "FantaSim.App.Command."
  to the prefixes array. Existing prefixes preserved (lines 83-103).
- project/hosts/complete-app/complete-app.csproj:15-17 references App.World,
  App.Command, App.World.Projection plugins.
STATUS: ACHIEVED.

### MH11. Final gates readiness (line 34)
Evidence (Task 9 repair log lines 142-181):
- dotnet build project/FantaSim.sln (default): 0 errors, 17 warnings (all pre-existing
  xUnit1031 in App.Ecs.Tests).
- dotnet build -p:UseProjectReferences=true project/FantaSim.sln: 0 errors, 21 warnings
  (NU1903 MessagePack pre-existing in fantasim-world + 19 xUnit1031 pre-existing).
- Targeted tests: App.Command 11/11, App.World 5/5, App.World.Projection 4/4, App.Ecs
  20/20.
- task build:godot:desktop: succeeded; artifact
  build/_artifacts/5.0.0/godot/osx/complete-app.app/Contents/MacOS/complete-app
  (185,268,208 bytes).
- Dev headless smoke exit 0; explicit enumeration of all six services (Task 9 log lines
  60-70).
- Exported headless smoke exit 0; explicit enumeration (lines 72-82).
STATUS: ACHIEVED.

---

## Must NOT audit (plan lines 36-43)

### MN1. No Akka/R3/Godot/iii deps in fantasim-world (line 37)
Evidence:
- fantasim-world git status: only untracked AGENTS.md (pre-existing user file). Tracked
  diff: EMPTY (this verifier, fresh: `git -C fantasim-world diff --stat HEAD` empty,
  `git status --short` shows only `?? AGENTS.md`).
- fantasim-world recent commits are all "feat(fields): ..." pre-existing work
  (latest: 4c429b9 CatalogValidator), none touched by this plan.
- App.World / App.Ecs plugins reference fantasim-world via project refs, not NuGet
  packages; no fantasim-world package versions were added to Directory.Packages.props
  (only R3 + DynamicData added, lines 8-9).
STATUS: RESPECTED.

### MN2. No Hermes/Python required (line 38)
Evidence:
- Grep `Process\.Start|System\.Diagnostics\.Process|ProcessStartInfo` in
  project/plugins/App.Command: 0 matches.
- Grep `(?i)\b(Hermes|Python|App\.Agent|App\.Stage)\b` in plugins/App.Command: 10
  matches, ALL in XML doc comments / csproj comments / IiiBridgeOrchestrator doc strings
  that explicitly state "No Hermes/Python", "deferred", "does not reference
  App.Agent/App.Stage". Zero code-level references (Task 6 log lines 70-74).
- Host.cs, RuntimeStatusViewSource.cs, complete-app.csproj, Bootstrap.cs,
  ViewRenderer.cs: only legacy UI label text mentions "Hermes" (ViewRenderer.cs:153
  subtitle label, pre-existing, not runtime wiring) (Task 9 log lines 196-198).
STATUS: RESPECTED.

### MN3. No Rust iii bridge build (line 39)
Evidence:
- Grep `(?i)\b(iii-bridge|iii\.bridge|cargo build|rustc)\b` across project/: 0 matches.
- IiiBridgeOrchestrator.cs is a stub throwing NotImplementedException (deferred).
- No .rs files, no Cargo.toml in fantasim-app-godot (would have appeared in git status
  if added).
STATUS: RESPECTED.

### MN4. No pack-to-feed of fantasim-world (line 40)
Evidence:
- Grep `(?i)\b(pack-to-feed|dotnet pack.*fantasim-world|nuget push.*fantasim-world)\b`
  across repo root: 0 matches.
- No new fantasim-world PackageVersion entries in Directory.Packages.props (only R3 +
  DynamicData added).
- fantasim-world tracked diff: EMPTY.
STATUS: RESPECTED.

### MN5. No App.Stage scene-tier bundle (line 41)
Evidence:
- `ls project/contracts/`: App.Command, App.Ecs, App.Resource, App.SceneFlow, App.Ui,
  App.World, Cross.Abstractions. No App.Stage.
- `ls project/plugins/`: App.Command, App.Common, App.Ecs, App.Resource,
  App.Resource.Bundle.Seam, App.SceneFlow, App.Ui, App.Ui.Seam, App.World,
  App.World.Projection. No App.Stage.
- All matches for "App.Stage" in plan-scope files are doc comments asserting "no
  App.Stage references" (plugins/App.Command/Services/Service.cs:14,
  App.Command.csproj:26, IiiBridgeOrchestrator.cs:15).
STATUS: RESPECTED.

### MN6. No per-tick iii calls; iii triggers worlds/recipes only (line 42)
Evidence:
- LocalOrchestrator.cs:89 comment: "triggers worlds/recipes, it does not drive per-tick
  simulation math."
- IiiBridgeOrchestrator throws NotImplementedException - cannot make per-tick calls.
- ReduceFieldsSystem processes contribution buffers per ECS tick (not per iii call).
  FieldComponents.cs:19 doc comment explains buffer reuse across ticks (alloc avoidance,
  not iii per-tick driving).
- No iii runtime calls anywhere in the diff; iii only exists as a deferred seam name.
STATUS: RESPECTED.

### MN7. No edits to user-owned uncommitted files outside plan targets (line 43)
Evidence:
- AGENTS.md: untracked, pre-existing. Not modified by plan tasks (Wave1 log lines 45-46).
- vault/handover/2026-06-19-restoration-progress-and-next-steps.md: staged (A)
  pre-existing, 349 lines, NOT a plan-task edit (Wave1 log line 46; Task 9 repair log
  lines 207-210).
- .omo/run-continuation/ses_*.json: only trailing-newline additions (cosmetic,
  orchestrator bookkeeping, not task content) (Wave1 log lines 47-49).
- All tracked modifications enumerated in dirty_worktree probe above are plan-target
  files (Directory.Build.props, Directory.Packages.props, FantaSim.sln, Host.cs,
  complete-app.csproj, Bootstrap.cs, EcsSupervisorActor.cs, App.Ecs.csproj,
  ViewRenderer.cs, App.Ecs.Tests.csproj, App.EcsSmokeTests.cs deletion).
STATUS: RESPECTED.

---

## Cross-reference: Success criteria (plan lines 162-168)

1. dotnet build project/FantaSim.sln default exits 0 - CONFIRMED (Task 9 log line 144).
2. dotnet build -p:UseProjectReferences=true exits 0 - CONFIRMED (Task 9 log line 150).
3. dotnet test exits 0 with App.Ecs/App.World/App.Command/App.World.Projection tests -
   CONFIRMED (Task 9 log lines 155-158: 11/11, 5/5, 4/4, 20/20).
4. task verify exits 0 - not directly re-run in F1; relied on Task 9 evidence. F3 lane
   covers this; not a blocker for F1 (plan compliance = must-haves + must-nots, not
   gate re-execution).
5. task build:godot:desktop exports - CONFIRMED (Task 9 log lines 162-170).
6. Exported/headless smoke logs six services + real runtime mode - CONFIRMED (Task 9
   log lines 60-82; stale "iii + Hermes through App.Command" string absent: grep
   across project/ = 0 matches, Task 9 log lines 187-188).
7. fantasim-world no diff + no new Akka/R3/Godot/iii deps - CONFIRMED (this verifier,
   fresh git status).

Note: criterion #4 (task verify) is owned by F3, not F1. F1 audits plan compliance;
plan line 34 lists "Final gates" as a Must-Have but defers execution to F3 per plan
line 154 ("F3. Real manual QA - run `task verify` plus exported/headless app smoke").
The Task 9 repair independent log already shows task build:godot:desktop and smoke
green; F3 will complete the formal task verify gate. This is correct lane separation.

---

## Cleanup receipt

- Files written by this verifier: only this log
  (.omo/evidence/final-f1-plan-compliance.log).
- No product source/test/csproj/solution/plan/ledger/AGENTS.md/handover/run-continuation
  files edited.
- No commits made.
- Plan checkbox F1 NOT toggled (awaiting user's explicit okay per plan line 150).
- No QA resource left running. No temporary probe directories created.

---

## Residual notes (non-blocking)

- NU1903 MessagePack 3.1.4 high-severity warning is pre-existing in
  fantasim-world/project/plugins/World.TruthStream.Core. Not introduced by this plan;
  not actionable in F1 scope. Should be tracked as an upstream risk separately.
- xUnit1031 analyzer warnings in App.Ecs.Tests (actor test pattern with
  .GetAwaiter().GetResult()) are pre-existing (Task 3) plus one Task 7-introduced
  instance at ReduceFieldsSystemTests.cs:187. Codebase convention; not a defect.
- App.World.Tests yields 0 tests under default build (no UseProjectReferences) because
  the entire test class is #if USE_PROJECT_REFERENCES wrapped. This is the documented
  deviation; tests only run under project-ref flag. Not a failure (Task 5 log lines
  40-48).
- RuntimeStatusViewSource.BuildDocument calls HealthAsync().GetAwaiter().GetResult()
  synchronously. Safe for current LocalOrchestrator (Task.FromResult). Noted for
  future non-trivial orchestrators (Task 9 log line 245).

---

## Final F1 verdict

PASS - All 11 Must-Have items delivered with independent evidence. All 7 Must-NOT
guardrails respected with on-disk verification. Adversarial probes (dirty_worktree,
stale_state, misleading_success_output) all PASS. Confidence HIGH (0.93).

Lane separation respected: F1 audits plan compliance (must-haves + must-nots); F3
owns the formal `task verify` gate per plan line 154. F1 does not mark the plan
checkbox; awaits user's explicit okay per plan line 150.