# Final Verification Wave F4 — Scope Fidelity
# Plan: .omo/plans/iii-runtime-spine.md
# Date: 2026-06-19
# Lane: F4 (independent verification, not a handoff)
# Verifier: Sisyphus-Junior (read-only inspection)

## VERDICT: PASS
## Confidence: HIGH

## Plan Must NOT (guardrails) — from .omo/plans/iii-runtime-spine.md:36-43
- No Akka/R3/Godot/iii dependencies in fantasim-world
- No Hermes/Python required for the exported app
- No Rust iii bridge build in this plan
- No pack-to-feed of fantasim-world in this plan
- No App.Stage scene-tier bundle in this plan
- No per-tick iii calls; iii triggers worlds/recipes only
- No edits to user-owned uncommitted files (AGENTS.md, vault/handover/*) unless separately requested

================================================================================
## EVIDENCE
================================================================================

### 1. Git status snapshot (fantasim-app-godot)
Command: `git status --porcelain`
Tracked modified:
  M .omo/run-continuation/ses_122f53be7ffe721B1S8hyWwwoE.json
  M .omo/run-continuation/ses_124c84619ffeE5TGE5dCsg8O8M.json
  M Directory.Build.props
  M Directory.Packages.props
  M project/FantaSim.sln
  M project/hosts/complete-app/Host.cs
  M project/hosts/complete-app/complete-app.csproj
  M project/plugins/App.Common/Bootstrap.cs
  M project/plugins/App.Ecs/Actors/EcsSupervisorActor.cs
  M project/plugins/App.Ecs/App.Ecs.csproj
  M project/plugins/App.Ui.Seam/ViewRenderer.cs
  M project/tests/App.Ecs.Tests/App.Ecs.Tests.csproj
  D project/tests/App.Ecs.Tests/App.EcsSmokeTests.cs
Staged:
  A vault/handover/2026-06-19-restoration-progress-and-next-steps.md
Untracked product dirs (plan outputs): project/contracts/App.Command/, App.World/, plugins/App.Command/, App.World/, App.World.Projection/, App.Ecs/Fields/, App.Ecs/Systems/, tests/App.Command.Tests/, App.World.Tests/, App.World.Projection.Tests/

### 2. Forbidden-scope search across tracked diff
Command: `git diff HEAD -- . ':!.omo' | grep -niE "hermes|python|iii.?bridge|App\.Agent|App\.Stage|persistence|pack.?to.?feed|per.?tick.?iii"`
Matches (all benign — see classification):
  415:-  SetLabel(shell, "RuntimeModeValue", Text(agentRuntime, "runtime", "iii + Hermes through App.Command"));
       -> REMOVED old fallback string. Plan-compliant: ViewRenderer.cs diff shows
          - "iii + Hermes through App.Command"
          + "local in-process orchestration"
  724:+- `App.Stage` contract/project          (in vault/handover doc — see §6)
  725:+- `App.Stage` plugin assembly            (in vault/handover doc — see §6)
  743:+### Priority 1 — real `App.Stage` ...    (in vault/handover doc — see §6)
  744:+Implement `App.Stage` as the first real DI scene-tier plugin bundle (handover forward-looking)
  768:+... because `App.Stage` is still content-only  (handover, describing current state)
Classification: every App.Stage / Hermes / Python / Rust-bridge mention in the product
diff is either (a) the REMOVAL of the old "iii + Hermes" fallback string (plan intent),
or (b) inside the user-owned handover doc (see §6). No product code introduces any of
these as a runtime dependency, build step, or active path.

### 3. Forbidden-scope search across product tree (cs/csproj/props)
Commands:
  grep -rni "hermes|python|iii.?bridge|App\.Agent|App\.Stage|persistence" \
    --include="*.cs" --include="*.csproj" --include="*.props" project/ | grep -v TestResults
Findings — every match is a documentation comment explicitly stating EXCLUSION:
  project/plugins/App.Command/Orchestration/IiiBridgeOrchestrator.cs:7,13,14,15,20
    -> "Deferred stub... native iii bridge (Rust/Hermes)... not built here. No native
       files, no Hermes/Python spawning, no App.Agent/App.Stage references."
  project/plugins/App.Command/Orchestration/LocalOrchestrator.cs:15
    -> "No Hermes/Python and no native iii bridge is involved."
  project/plugins/App.Command/App.Command.csproj:25,26
    -> "bridge (Rust/Hermes) is deferred... does not reference App.Agent, App.Stage,
       or any Hermes/Python bridge."
  project/plugins/App.Command/Services/Service.cs:13,14
    -> "No App.Agent, App.Stage, or Hermes wiring lives here."
  project/plugins/App.Ui.Seam/ViewRenderer.cs:153
    -> PRE-EXISTING subtitle string "Hermes, app commands, bundles, and verification events"
       (not changed by this plan; not a runtime dependency — a UI label).

persistence: 0 matches in product tree.
per-tick iii: 1 match in LocalOrchestrator.cs:88:
  "// systems pick up the new generation. A zero-delta tick is intentional: iii
  //  triggers worlds/recipes, it does not drive per-tick simulation math."
  -> This comment states the OPPOSITE of per-tick iii. The code fans out a single
     ecs.UpdateAll(0f) after a generation, not per-tick iii calls. Plan-compliant.

### 4. IiiBridgeOrchestrator — deferred stub, NOT registered in Host.cs
File: project/plugins/App.Command/Orchestration/IiiBridgeOrchestrator.cs (full read)
  - All methods (TriggerAsync, HealthAsync) throw NotImplementedException with message:
    "The native iii bridge (Rust/Hermes) is not built in this slice..."
  - No native file IO, no process spawn, no Hermes/Python, no App.Agent/App.Stage refs.
  - Pure C# stub, 42 lines, only ILogger + NotImplementedException.

File: project/plugins/App.Command/Orchestration/OrchestratorFactory.cs (full read)
  - Mode.IiiBridge => new IiiBridgeOrchestrator(loggerFactory)  (selectable for diagnostic)
  - Default Mode.Local => new LocalOrchestrator(...)

File: project/hosts/complete-app/Host.cs:104-127 ComposeCommand (full read)
  - Line 109: var orchestration = new LocalOrchestrator(registry, loggerFactory);
  - Line 110-112: registers IWorldOrchestration with that LocalOrchestrator instance.
  - IiiBridgeOrchestrator is NEVER instantiated, NEVER registered in Host.cs.
  - The factory's IiiBridge branch is reachable only via direct factory call, not via
    the composition root. Confirms the stub is deferred behind the seam.

### 5. fantasim-world — no plan diff, no new runtime deps
Repo: /Users/apprenticegc/Work/lunar-horse/yokan-projects/fantasim-world
Commands:
  git status --porcelain         -> only untracked AGENTS.md (0 bytes, user-owned)
  git diff --name-only HEAD      -> (empty)
  git diff --cached --name-only  -> (empty)
Recent commits (2026-06-19):
  4c429b9 feat(fields): CatalogValidator + complete fields-core test suite
  3aecf2b feat(fields): CompositeFieldCatalog
  2909506 feat(fields): DefaultReducers + RegistryArchi-backed FieldReducerRegistry
  ... 13 total feat(fields): commits between 11:40 and 12:05
Attribution check:
  git log --all --since="2026-06-19 12:00" --grep="iii-runtime-spine|App.World|App.Command|YokanProjectsRoot"
    -> (empty)  NO plan-attributed commits in fantasim-world.
Classification: these field-catalog commits are the PRIOR ART the plan consumes via
YokanProjectsRoot project references (plan Task 5 references
fantasim-world/project/contracts/World.Fields/* etc.). They predate this plan's
composition work and were not introduced by it. fantasim-world working tree is clean.
No new Akka/R3/Godot/iii deps were added by this plan to fantasim-world.

### 6. User-owned file classification (dirty_worktree adversarial class)
AGENTS.md (fantasim-app-godot):
  - Untracked, 0 bytes, mtime 2026-06-19 10:49.
  - Empty file. Plan did not write to it. OUT-OF-SCOPE / pre-existing.

vault/handover/2026-06-19-restoration-progress-and-next-steps.md:
  - Staged (A), 349 insertions, NEW file dated 2026-06-19.
  - Content is a handover narrative of restoration progress; the App.Stage mentions
    are in §"Missing for a real scene-tier bundle" and "Priority 1 — real App.Stage"
    sections describing FUTURE work. This is a user-authored handover doc, not plan
    implementation code. Plan guardrail says "do not touch vault/handover/* unless
    separately requested" — this file was staged by the user, not edited by plan
    product code. OUT-OF-SCOPE / user-owned. No product code depends on it.

.omo/run-continuation/*.json:
  - 2 modified (M), 3 untracked (??) session-metadata JSON files.
  - Sample content: {"sessionID": "...", "updatedAt": "...", "sources": {...}}
  - These are agent harness session-state files, not plan implementation.
  - Plan explicitly excludes committing .omo unless requested. OUT-OF-SCOPE.

### 7. Rust / native bridge / cargo — absent
Command: find project -name "*.rs" -o -name "Cargo.toml" -o -name "build.rs"
  -> (no output)  No Rust files, no Cargo manifests, no build scripts in project/.

### 8. App.Stage / App.Agent directories — absent
Commands:
  ls -d project/contracts/App.Stage project/plugins/App.Stage
    -> No such file or directory (both)
  ls -d project/contracts/App.Agent project/plugins/App.Agent
    -> No such file or directory (both)
No App.Stage or App.Agent project exists in the tree. Plan-compliant.

### 9. pack-to-feed — absent in product code
Command: grep -rniE "dotnet pack|nuget push|nupkg" --include="*.cs" --include="*.csproj" --include="*.props" project/
Matches:
  project/plugins/App.Resource.Bundle.Seam/BundleManifest.cs:142  "nupkg" => ManagedAssemblyKind.Nupkg
  project/contracts/App.Resource/ManagedAssemblyKind.cs:6           Nupkg
  -> These are PRE-EXISTING enum values for classifying bundle assemblies, not
     pack-to-feed commands. Plan uses YokanProjectsRoot project refs, not feed packs.
No `dotnet pack`, `nuget push`, or pack-to-feed script in the diff.

### 10. Adversarial class probes
dirty_worktree:
  Identified unrelated dirty files: AGENTS.md (empty, untracked), 5 .omo/run-continuation
  session JSON files, 1 staged vault/handover doc. All classified OUT-OF-SCOPE above.
  Plan product code (project/...) is the only diff that affects runtime behavior.
stale_state:
  Inspected current `git status --porcelain` and `git diff --name-only HEAD` live.
  Diff is consistent with plan task outputs (App.Command, App.World, App.Ecs tests,
  Host.cs composition, ViewRenderer fallback removal, Directory.Build/Packages props).
misleading_success_output:
  Did not rely on worker claims. Read full source of IiiBridgeOrchestrator.cs,
  OrchestratorFactory.cs, LocalOrchestrator.cs, and Host.cs directly. Confirmed
  via grep over the actual tree (not just diff) that no forbidden runtime path
  exists. Confirmed fantasim-world state by running git commands in the sibling repo.

================================================================================
## SUMMARY
All four excluded scopes are absent from the diff AND the runtime path:
  - Rust iii bridge: not built. IiiBridgeOrchestrator is a throwing stub, never
    registered in Host.cs. No Rust files in project/.
  - Hermes/Python: not spawned. All mentions are exclusion-documenting comments.
    Old "iii + Hermes through App.Command" fallback string was REMOVED.
  - App.Stage: no project, no directory, no runtime reference. Mentions are only
    in the user-owned handover doc describing future work.
  - persistence: 0 matches in product tree.
  - pack-to-feed: absent. Plan uses YokanProjectsRoot project refs.
  - per-tick iii: absent. LocalOrchestrator fans out a single ECS update; the
    one "iii" comment explicitly states iii does NOT drive per-tick math.
fantasim-world: no plan-attributed diff, working tree clean, no new runtime deps.
User-owned files (AGENTS.md, vault/handover, .omo/run-continuation) are
out-of-scope and were not modified by plan product code.

VERDICT: PASS — scope fidelity confirmed. No excluded scope leaked into the
diff or the runtime path.