=== F3.1 task verify ===
Start: 2026-06-19T09:30:55Z
Command: task verify
---
task: [verify] task build
task: [restore] dotnet tool restore
Tool 'gitversion.tool' (version '6.5.1') was restored. Available commands: dotnet-gitversion
Tool 'unifybuild.tool' (version '0.1.2-1') was restored. Available commands: unify-build

Restore was successful.
task: [build] dotnet build project/FantaSim.sln
  Determining projects to restore...
  Restored /Users/apprenticegc/Work/lunar-horse/yokan-projects/fantasim-app-godot/project/plugins/App.Resource/App.Resource.csproj (in 85 ms).
  Restored /Users/apprenticegc/Work/lunar-horse/yokan-projects/fantasim-app-godot/project/plugins/App.Common/App.Common.csproj (in 85 ms).
  Restored /Users/apprenticegc/Work/lunar-horse/yokan-projects/fantasim-app-godot/project/plugins/App.World.Projection/App.World.Projection.csproj (in 104 ms).
  Restored /Users/apprenticegc/Work/lunar-horse/yokan-projects/fantasim-app-godot/project/contracts/App.Ui/App.Ui.csproj (in 104 ms).
  Restored /Users/apprenticegc/Work/lunar-horse/yokan-projects/fantasim-app-godot/project/contracts/App.World/App.World.csproj (in 104 ms).
  Restored /Users/apprenticegc/Work/lunar-horse/yokan-projects/fantasim-app-godot/project/contracts/App.SceneFlow/App.SceneFlow.csproj (in 84 ms).
  Restored /Users/apprenticegc/Work/lunar-horse/yokan-projects/fantasim-app-godot/project/contracts/App.Resource/App.Resource.csproj (in 84 ms).
  Restored /Users/apprenticegc/Work/lunar-horse/yokan-projects/fantasim-app-godot/project/plugins/App.Ecs/App.Ecs.csproj (in 85 ms).
  Restored /Users/apprenticegc/Work/lunar-horse/yokan-projects/fantasim-app-godot/project/plugins/App.World/App.World.csproj (in 104 ms).
  Restored /Users/apprenticegc/Work/lunar-horse/yokan-projects/fantasim-app-godot/project/plugins/App.Ui/App.Ui.csproj (in 105 ms).
  Restored /Users/apprenticegc/Work/lunar-horse/yokan-projects/fantasim-app-godot/project/contracts/App.Ecs/App.Ecs.csproj (in 1 ms).
  Restored /Users/apprenticegc/Work/lunar-horse/yokan-projects/fantasim-app-godot/project/contracts/App.Command/App.Command.csproj (in 1 ms).
  Restored /Users/apprenticegc/Work/lunar-horse/yokan-projects/fantasim-app-godot/project/plugins/App.Command/App.Command.csproj (in 1 ms).
  Restored /Users/apprenticegc/Work/lunar-horse/yokan-projects/fantasim-app-godot/project/plugins/App.Resource.Bundle.Seam/App.Resource.Bundle.Seam.csproj (in 5 ms).
  Restored /Users/apprenticegc/Work/lunar-horse/yokan-projects/fantasim-app-godot/project/plugins/App.Ui.Seam/App.Ui.Seam.csproj (in 5 ms).
  Restored /Users/apprenticegc/Work/lunar-horse/yokan-projects/fantasim-app-godot/project/plugins/App.SceneFlow/App.SceneFlow.csproj (in 1 ms).
  Restored /Users/apprenticegc/Work/lunar-horse/yokan-projects/fantasim-app-godot/project/hosts/complete-app/complete-app.csproj (in 10 ms).
  7 of 24 projects are up-to-date for restore.
  App.Ecs -> /Users/apprenticegc/Work/lunar-horse/yokan-projects/fantasim-app-godot/project/contracts/App.Ecs/bin/Debug/net8.0/FantaSim.App.Ecs.Contracts.dll
  App.Resource -> /Users/apprenticegc/Work/lunar-horse/yokan-projects/fantasim-app-godot/project/contracts/App.Resource/bin/Debug/netstandard2.1/FantaSim.App.Resource.Contracts.dll
  App.SceneFlow -> /Users/apprenticegc/Work/lunar-horse/yokan-projects/fantasim-app-godot/project/contracts/App.SceneFlow/bin/Debug/netstandard2.1/FantaSim.App.SceneFlow.Contracts.dll
  App.Ui -> /Users/apprenticegc/Work/lunar-horse/yokan-projects/fantasim-app-godot/project/contracts/App.Ui/bin/Debug/net8.0/FantaSim.App.Ui.Contracts.dll
  App.Common -> /Users/apprenticegc/Work/lunar-horse/yokan-projects/fantasim-app-godot/project/plugins/App.Common/bin/Debug/net8.0/FantaSim.App.Common.dll
  App.World -> /Users/apprenticegc/Work/lunar-horse/yokan-projects/fantasim-app-godot/project/contracts/App.World/bin/Debug/net8.0/FantaSim.App.World.Contracts.dll
  App.SceneFlow -> /Users/apprenticegc/Work/lunar-horse/yokan-projects/fantasim-app-godot/project/plugins/App.SceneFlow/bin/Debug/net8.0/FantaSim.App.SceneFlow.dll
  App.Ui -> /Users/apprenticegc/Work/lunar-horse/yokan-projects/fantasim-app-godot/project/plugins/App.Ui/bin/Debug/net8.0/FantaSim.App.Ui.dll
  App.Command -> /Users/apprenticegc/Work/lunar-horse/yokan-projects/fantasim-app-godot/project/contracts/App.Command/bin/Debug/net8.0/FantaSim.App.Command.Contracts.dll
  App.Ecs -> /Users/apprenticegc/Work/lunar-horse/yokan-projects/fantasim-app-godot/project/plugins/App.Ecs/bin/Debug/net8.0/FantaSim.App.Ecs.dll
  App.Resource -> /Users/apprenticegc/Work/lunar-horse/yokan-projects/fantasim-app-godot/project/plugins/App.Resource/bin/Debug/net8.0/FantaSim.App.Resource.dll
  App.World -> /Users/apprenticegc/Work/lunar-horse/yokan-projects/fantasim-app-godot/project/plugins/App.World/bin/Debug/net8.0/FantaSim.App.World.dll
  App.World.Projection -> /Users/apprenticegc/Work/lunar-horse/yokan-projects/fantasim-app-godot/project/plugins/App.World.Projection/bin/Debug/net8.0/FantaSim.App.World.Projection.dll
  App.SceneFlow.Tests -> /Users/apprenticegc/Work/lunar-horse/yokan-projects/fantasim-app-godot/project/tests/App.SceneFlow.Tests/bin/Debug/net8.0/App.SceneFlow.Tests.dll
  App.Command -> /Users/apprenticegc/Work/lunar-horse/yokan-projects/fantasim-app-godot/project/plugins/App.Command/bin/Debug/net8.0/FantaSim.App.Command.dll
  App.Ui.Seam -> /Users/apprenticegc/Work/lunar-horse/yokan-projects/fantasim-app-godot/project/plugins/App.Ui.Seam/.godot/mono/temp/bin/Debug/FantaSim.App.Ui.Seam.dll
  App.Resource.Tests -> /Users/apprenticegc/Work/lunar-horse/yokan-projects/fantasim-app-godot/project/tests/App.Resource.Tests/bin/Debug/net8.0/App.Resource.Tests.dll
  App.Ecs.Tests -> /Users/apprenticegc/Work/lunar-horse/yokan-projects/fantasim-app-godot/project/tests/App.Ecs.Tests/bin/Debug/net8.0/App.Ecs.Tests.dll
  App.World.Tests -> /Users/apprenticegc/Work/lunar-horse/yokan-projects/fantasim-app-godot/project/tests/App.World.Tests/bin/Debug/net8.0/App.World.Tests.dll
  App.Ui.Tests -> /Users/apprenticegc/Work/lunar-horse/yokan-projects/fantasim-app-godot/project/tests/App.Ui.Tests/bin/Debug/net8.0/App.Ui.Tests.dll
  App.Resource.Bundle.Seam -> /Users/apprenticegc/Work/lunar-horse/yokan-projects/fantasim-app-godot/project/plugins/App.Resource.Bundle.Seam/.godot/mono/temp/bin/Debug/FantaSim.App.Resource.Bundle.Seam.dll
  App.Command.Tests -> /Users/apprenticegc/Work/lunar-horse/yokan-projects/fantasim-app-godot/project/tests/App.Command.Tests/bin/Debug/net8.0/App.Command.Tests.dll
  App.World.Projection.Tests -> /Users/apprenticegc/Work/lunar-horse/yokan-projects/fantasim-app-godot/project/tests/App.World.Projection.Tests/bin/Debug/net8.0/App.World.Projection.Tests.dll
  complete-app -> /Users/apprenticegc/Work/lunar-horse/yokan-projects/fantasim-app-godot/project/hosts/complete-app/.godot/mono/temp/bin/Debug/complete-app.dll

Build succeeded.
    0 Warning(s)
    0 Error(s)

Time Elapsed 00:00:01.93
task: [verify] task test
task: [restore] dotnet tool restore
Tool 'gitversion.tool' (version '6.5.1') was restored. Available commands: dotnet-gitversion
Tool 'unifybuild.tool' (version '0.1.2-1') was restored. Available commands: unify-build

Restore was successful.
task: [build] dotnet build project/FantaSim.sln
  Determining projects to restore...
  All projects are up-to-date for restore.
  App.Resource -> /Users/apprenticegc/Work/lunar-horse/yokan-projects/fantasim-app-godot/project/contracts/App.Resource/bin/Debug/netstandard2.1/FantaSim.App.Resource.Contracts.dll
  App.Ecs -> /Users/apprenticegc/Work/lunar-horse/yokan-projects/fantasim-app-godot/project/contracts/App.Ecs/bin/Debug/net8.0/FantaSim.App.Ecs.Contracts.dll
  App.SceneFlow -> /Users/apprenticegc/Work/lunar-horse/yokan-projects/fantasim-app-godot/project/contracts/App.SceneFlow/bin/Debug/netstandard2.1/FantaSim.App.SceneFlow.Contracts.dll
  App.Ui -> /Users/apprenticegc/Work/lunar-horse/yokan-projects/fantasim-app-godot/project/contracts/App.Ui/bin/Debug/net8.0/FantaSim.App.Ui.Contracts.dll
  App.Common -> /Users/apprenticegc/Work/lunar-horse/yokan-projects/fantasim-app-godot/project/plugins/App.Common/bin/Debug/net8.0/FantaSim.App.Common.dll
  App.Command -> /Users/apprenticegc/Work/lunar-horse/yokan-projects/fantasim-app-godot/project/contracts/App.Command/bin/Debug/net8.0/FantaSim.App.Command.Contracts.dll
  App.World -> /Users/apprenticegc/Work/lunar-horse/yokan-projects/fantasim-app-godot/project/contracts/App.World/bin/Debug/net8.0/FantaSim.App.World.Contracts.dll
  App.Resource -> /Users/apprenticegc/Work/lunar-horse/yokan-projects/fantasim-app-godot/project/plugins/App.Resource/bin/Debug/net8.0/FantaSim.App.Resource.dll
  App.SceneFlow -> /Users/apprenticegc/Work/lunar-horse/yokan-projects/fantasim-app-godot/project/plugins/App.SceneFlow/bin/Debug/net8.0/FantaSim.App.SceneFlow.dll
  App.Ui -> /Users/apprenticegc/Work/lunar-horse/yokan-projects/fantasim-app-godot/project/plugins/App.Ui/bin/Debug/net8.0/FantaSim.App.Ui.dll
  App.World -> /Users/apprenticegc/Work/lunar-horse/yokan-projects/fantasim-app-godot/project/plugins/App.World/bin/Debug/net8.0/FantaSim.App.World.dll
  App.Ecs -> /Users/apprenticegc/Work/lunar-horse/yokan-projects/fantasim-app-godot/project/plugins/App.Ecs/bin/Debug/net8.0/FantaSim.App.Ecs.dll
  App.Command -> /Users/apprenticegc/Work/lunar-horse/yokan-projects/fantasim-app-godot/project/plugins/App.Command/bin/Debug/net8.0/FantaSim.App.Command.dll
  App.World.Projection -> /Users/apprenticegc/Work/lunar-horse/yokan-projects/fantasim-app-godot/project/plugins/App.World.Projection/bin/Debug/net8.0/FantaSim.App.World.Projection.dll
  App.SceneFlow.Tests -> /Users/apprenticegc/Work/lunar-horse/yokan-projects/fantasim-app-godot/project/tests/App.SceneFlow.Tests/bin/Debug/net8.0/App.SceneFlow.Tests.dll
  App.World.Projection.Tests -> /Users/apprenticegc/Work/lunar-horse/yokan-projects/fantasim-app-godot/project/tests/App.World.Projection.Tests/bin/Debug/net8.0/App.World.Projection.Tests.dll
  App.Ui.Seam -> /Users/apprenticegc/Work/lunar-horse/yokan-projects/fantasim-app-godot/project/plugins/App.Ui.Seam/.godot/mono/temp/bin/Debug/FantaSim.App.Ui.Seam.dll
  App.World.Tests -> /Users/apprenticegc/Work/lunar-horse/yokan-projects/fantasim-app-godot/project/tests/App.World.Tests/bin/Debug/net8.0/App.World.Tests.dll
  App.Ecs.Tests -> /Users/apprenticegc/Work/lunar-horse/yokan-projects/fantasim-app-godot/project/tests/App.Ecs.Tests/bin/Debug/net8.0/App.Ecs.Tests.dll
  App.Ui.Tests -> /Users/apprenticegc/Work/lunar-horse/yokan-projects/fantasim-app-godot/project/tests/App.Ui.Tests/bin/Debug/net8.0/App.Ui.Tests.dll
  App.Resource.Bundle.Seam -> /Users/apprenticegc/Work/lunar-horse/yokan-projects/fantasim-app-godot/project/plugins/App.Resource.Bundle.Seam/.godot/mono/temp/bin/Debug/FantaSim.App.Resource.Bundle.Seam.dll
  App.Resource.Tests -> /Users/apprenticegc/Work/lunar-horse/yokan-projects/fantasim-app-godot/project/tests/App.Resource.Tests/bin/Debug/net8.0/App.Resource.Tests.dll
  App.Command.Tests -> /Users/apprenticegc/Work/lunar-horse/yokan-projects/fantasim-app-godot/project/tests/App.Command.Tests/bin/Debug/net8.0/App.Command.Tests.dll
  complete-app -> /Users/apprenticegc/Work/lunar-horse/yokan-projects/fantasim-app-godot/project/hosts/complete-app/.godot/mono/temp/bin/Debug/complete-app.dll

Build succeeded.
    0 Warning(s)
    0 Error(s)

Time Elapsed 00:00:01.43
task: [test] dotnet test project/FantaSim.sln --no-build
Test run for /Users/apprenticegc/Work/lunar-horse/yokan-projects/fantasim-app-godot/project/tests/App.Ecs.Tests/bin/Debug/net8.0/App.Ecs.Tests.dll (.NETCoreApp,Version=v8.0)
VSTest version 17.14.1 (arm64)

Starting test execution, please wait...
Test run for /Users/apprenticegc/Work/lunar-horse/yokan-projects/fantasim-app-godot/project/tests/App.SceneFlow.Tests/bin/Debug/net8.0/App.SceneFlow.Tests.dll (.NETCoreApp,Version=v8.0)
Test run for /Users/apprenticegc/Work/lunar-horse/yokan-projects/fantasim-app-godot/project/tests/App.Resource.Tests/bin/Debug/net8.0/App.Resource.Tests.dll (.NETCoreApp,Version=v8.0)
A total of 1 test files matched the specified pattern.
Test run for /Users/apprenticegc/Work/lunar-horse/yokan-projects/fantasim-app-godot/project/tests/App.Ui.Tests/bin/Debug/net8.0/App.Ui.Tests.dll (.NETCoreApp,Version=v8.0)
VSTest version 17.14.1 (arm64)

VSTest version 17.14.1 (arm64)

Test run for /Users/apprenticegc/Work/lunar-horse/yokan-projects/fantasim-app-godot/project/tests/App.World.Tests/bin/Debug/net8.0/App.World.Tests.dll (.NETCoreApp,Version=v8.0)
Starting test execution, please wait...
VSTest version 17.14.1 (arm64)

Starting test execution, please wait...
Test run for /Users/apprenticegc/Work/lunar-horse/yokan-projects/fantasim-app-godot/project/tests/App.World.Projection.Tests/bin/Debug/net8.0/App.World.Projection.Tests.dll (.NETCoreApp,Version=v8.0)
A total of 1 test files matched the specified pattern.
VSTest version 17.14.1 (arm64)

Test run for /Users/apprenticegc/Work/lunar-horse/yokan-projects/fantasim-app-godot/project/tests/App.Command.Tests/bin/Debug/net8.0/App.Command.Tests.dll (.NETCoreApp,Version=v8.0)
A total of 1 test files matched the specified pattern.
VSTest version 17.14.1 (arm64)

Starting test execution, please wait...
Starting test execution, please wait...
A total of 1 test files matched the specified pattern.
A total of 1 test files matched the specified pattern.
Starting test execution, please wait...
A total of 1 test files matched the specified pattern.
VSTest version 17.14.1 (arm64)

Starting test execution, please wait...
A total of 1 test files matched the specified pattern.
No test is available in /Users/apprenticegc/Work/lunar-horse/yokan-projects/fantasim-app-godot/project/tests/App.World.Tests/bin/Debug/net8.0/App.World.Tests.dll. Make sure that test discoverer & executors are registered and platform & framework version settings are appropriate and try again.

Additionally, path to test adapters can be specified using /TestAdapterPath command. Example  /TestAdapterPath:<pathToCustomAdapters>.

Passed!  - Failed:     0, Passed:     1, Skipped:     0, Total:     1, Duration: 2 ms - App.Resource.Tests.dll (net8.0)

Passed!  - Failed:     0, Passed:     1, Skipped:     0, Total:     1, Duration: 2 ms - App.SceneFlow.Tests.dll (net8.0)

Passed!  - Failed:     0, Passed:     1, Skipped:     0, Total:     1, Duration: 3 ms - App.Ui.Tests.dll (net8.0)

Passed!  - Failed:     0, Passed:     4, Skipped:     0, Total:     4, Duration: 18 ms - App.World.Projection.Tests.dll (net8.0)

Passed!  - Failed:     0, Passed:    11, Skipped:     0, Total:    11, Duration: 50 ms - App.Command.Tests.dll (net8.0)

Passed!  - Failed:     0, Passed:    16, Skipped:     0, Total:    16, Duration: 1 s - App.Ecs.Tests.dll (net8.0)
task: [verify] task build:godot:desktop
task: [restore] dotnet tool restore
task: [restore] dotnet tool restore
Tool 'gitversion.tool' (version '6.5.1') was restored. Available commands: dotnet-gitversion
Tool 'unifybuild.tool' (version '0.1.2-1') was restored. Available commands: unify-build

Restore was successful.
task: [build] dotnet build project/FantaSim.sln
Tool 'gitversion.tool' (version '6.5.1') was restored. Available commands: dotnet-gitversion
Tool 'unifybuild.tool' (version '0.1.2-1') was restored. Available commands: unify-build

Restore was successful.
  Determining projects to restore...
  All projects are up-to-date for restore.
  App.Ecs -> /Users/apprenticegc/Work/lunar-horse/yokan-projects/fantasim-app-godot/project/contracts/App.Ecs/bin/Debug/net8.0/FantaSim.App.Ecs.Contracts.dll
  App.SceneFlow -> /Users/apprenticegc/Work/lunar-horse/yokan-projects/fantasim-app-godot/project/contracts/App.SceneFlow/bin/Debug/netstandard2.1/FantaSim.App.SceneFlow.Contracts.dll
  App.Resource -> /Users/apprenticegc/Work/lunar-horse/yokan-projects/fantasim-app-godot/project/contracts/App.Resource/bin/Debug/netstandard2.1/FantaSim.App.Resource.Contracts.dll
  App.Common -> /Users/apprenticegc/Work/lunar-horse/yokan-projects/fantasim-app-godot/project/plugins/App.Common/bin/Debug/net8.0/FantaSim.App.Common.dll
  App.Ui -> /Users/apprenticegc/Work/lunar-horse/yokan-projects/fantasim-app-godot/project/contracts/App.Ui/bin/Debug/net8.0/FantaSim.App.Ui.Contracts.dll
  App.Command -> /Users/apprenticegc/Work/lunar-horse/yokan-projects/fantasim-app-godot/project/contracts/App.Command/bin/Debug/net8.0/FantaSim.App.Command.Contracts.dll
  App.World -> /Users/apprenticegc/Work/lunar-horse/yokan-projects/fantasim-app-godot/project/contracts/App.World/bin/Debug/net8.0/FantaSim.App.World.Contracts.dll
  App.Resource -> /Users/apprenticegc/Work/lunar-horse/yokan-projects/fantasim-app-godot/project/plugins/App.Resource/bin/Debug/net8.0/FantaSim.App.Resource.dll
  App.World.Projection -> /Users/apprenticegc/Work/lunar-horse/yokan-projects/fantasim-app-godot/project/plugins/App.World.Projection/bin/Debug/net8.0/FantaSim.App.World.Projection.dll
  App.Ui -> /Users/apprenticegc/Work/lunar-horse/yokan-projects/fantasim-app-godot/project/plugins/App.Ui/bin/Debug/net8.0/FantaSim.App.Ui.dll
  App.World -> /Users/apprenticegc/Work/lunar-horse/yokan-projects/fantasim-app-godot/project/plugins/App.World/bin/Debug/net8.0/FantaSim.App.World.dll
  App.Command -> /Users/apprenticegc/Work/lunar-horse/yokan-projects/fantasim-app-godot/project/plugins/App.Command/bin/Debug/net8.0/FantaSim.App.Command.dll
  App.SceneFlow -> /Users/apprenticegc/Work/lunar-horse/yokan-projects/fantasim-app-godot/project/plugins/App.SceneFlow/bin/Debug/net8.0/FantaSim.App.SceneFlow.dll
  App.Resource.Tests -> /Users/apprenticegc/Work/lunar-horse/yokan-projects/fantasim-app-godot/project/tests/App.Resource.Tests/bin/Debug/net8.0/App.Resource.Tests.dll
  App.Ecs -> /Users/apprenticegc/Work/lunar-horse/yokan-projects/fantasim-app-godot/project/plugins/App.Ecs/bin/Debug/net8.0/FantaSim.App.Ecs.dll
  App.Resource.Bundle.Seam -> /Users/apprenticegc/Work/lunar-horse/yokan-projects/fantasim-app-godot/project/plugins/App.Resource.Bundle.Seam/.godot/mono/temp/bin/Debug/FantaSim.App.Resource.Bundle.Seam.dll
  App.SceneFlow.Tests -> /Users/apprenticegc/Work/lunar-horse/yokan-projects/fantasim-app-godot/project/tests/App.SceneFlow.Tests/bin/Debug/net8.0/App.SceneFlow.Tests.dll
  App.World.Tests -> /Users/apprenticegc/Work/lunar-horse/yokan-projects/fantasim-app-godot/project/tests/App.World.Tests/bin/Debug/net8.0/App.World.Tests.dll
  App.World.Projection.Tests -> /Users/apprenticegc/Work/lunar-horse/yokan-projects/fantasim-app-godot/project/tests/App.World.Projection.Tests/bin/Debug/net8.0/App.World.Projection.Tests.dll
  App.Ui.Seam -> /Users/apprenticegc/Work/lunar-horse/yokan-projects/fantasim-app-godot/project/plugins/App.Ui.Seam/.godot/mono/temp/bin/Debug/FantaSim.App.Ui.Seam.dll
  App.Ui.Tests -> /Users/apprenticegc/Work/lunar-horse/yokan-projects/fantasim-app-godot/project/tests/App.Ui.Tests/bin/Debug/net8.0/App.Ui.Tests.dll
  App.Ecs.Tests -> /Users/apprenticegc/Work/lunar-horse/yokan-projects/fantasim-app-godot/project/tests/App.Ecs.Tests/bin/Debug/net8.0/App.Ecs.Tests.dll
  App.Command.Tests -> /Users/apprenticegc/Work/lunar-horse/yokan-projects/fantasim-app-godot/project/tests/App.Command.Tests/bin/Debug/net8.0/App.Command.Tests.dll
  complete-app -> /Users/apprenticegc/Work/lunar-horse/yokan-projects/fantasim-app-godot/project/hosts/complete-app/.godot/mono/temp/bin/Debug/complete-app.dll

Build succeeded.
    0 Warning(s)
    0 Error(s)

Time Elapsed 00:00:00.75
task: [build:godot:desktop] dotnet tool run unify-build -- BuildGodotDesktop
​
[39;1m███╗   ██╗██╗   ██╗██╗  ██╗███████╗[0m
[39;1m████╗  ██║██║   ██║██║ ██╔╝██╔════╝[0m
[39;1m██╔██╗ ██║██║   ██║█████╔╝ █████╗  [0m
[39;1m██║╚██╗██║██║   ██║██╔═██╗ ██╔══╝  [0m
[39;1m██║ ╚████║╚██████╔╝██║  ██╗███████╗[0m
[39;1m╚═╝  ╚═══╝ ╚═════╝ ╚═╝  ╚═╝╚══════╝[0m
​
[38;5;45;1mNUKE Execution Engine version 8.0.0 (OSX,.NETCoreApp,Version=v8.0)[0m
​
​
[39;1m╬════════════[0m
[39;1m║ [38;5;45;1mCompile[0m[0m
[39;1m╬═══[0m
​
[38;5;247m17:31:06[0m[38;5;247m [[0m[38;5;45;1mINF[0m[38;5;247m] [0m[39mLoading build configuration[0m
​
[39;1m╬══════════════════════[0m
[39;1m║ [38;5;45;1mBuildGodotDesktop[0m[0m
[39;1m╬═════════════[0m
​
[38;5;247m17:31:07[0m[38;5;247m [[0m[38;5;45;1mINF[0m[38;5;247m] [0m[39mLoading build configuration[0m
[38;5;247m17:31:07[0m[38;5;247m [[0m[38;5;45;1mINF[0m[38;5;247m] [0m[39mLoading build configuration[0m
[38;5;247m17:31:07[0m[38;5;247m [[0m[38;5;45;1mINF[0m[38;5;247m] [0m[39mExporting [osx] -> macOS...[0m
[38;5;247m17:31:07[0m[38;5;247m [[0m[38;5;45;1mINF[0m[38;5;247m] [0m[39m> [0m[38;5;45;1m/Users/apprenticegc/Work/lunar-horse/tools/Godot_mono.app/Contents/MacOS/Godot[0m[39m [0m[38;5;45;1m--headless --path /Users/apprenticegc/Work/lunar-horse/yokan-projects/fantasim-app-godot/project/hosts/complete-app --export-release macOS /Users/apprenticegc/Work/lunar-horse/yokan-projects/fantasim-app-godot/build/_artifacts/5.0.0/godot/osx/complete-app.zip[0m
[38;5;247m17:31:07[0m[38;5;247m [[0m[38;5;45;1mINF[0m[38;5;247m] [0m[39m@ [0m[38;5;45;1m/Users/apprenticegc/Work/lunar-horse/yokan-projects/fantasim-app-godot/project/hosts/complete-app[0m
[38;5;247m17:31:07[0m[38;5;247m [[0m[39;1mDBG[0m[38;5;247m] [0m[39mGodot Engine v4.6.3.stable.mono.official.7d41c59c4 - https://godotengine.org[0m
[38;5;247m17:31:07[0m[38;5;247m [[0m[39;1mDBG[0m[38;5;247m] [0m[39m[0m
[38;5;247m17:31:09[0m[38;5;247m [[0m[39;1mDBG[0m[38;5;247m] [0m[39m[   0% ] [90m[1mfirst_scan_filesystem[22m | Started Project initialization (5 steps)[39m[0m[0m
[38;5;247m17:31:09[0m[38;5;247m [[0m[39;1mDBG[0m[38;5;247m] [0m[39m[   0% ] [90m[1mfirst_scan_filesystem[22m | Scanning file structure...[39m[0m[0m
[38;5;247m17:31:09[0m[38;5;247m [[0m[39;1mDBG[0m[38;5;247m] [0m[39m[  16% ] [90m[1mfirst_scan_filesystem[22m | Loading global class names...[39m[0m[0m
[38;5;247m17:31:09[0m[38;5;247m [[0m[39;1mDBG[0m[38;5;247m] [0m[39m[  33% ] [90m[1mfirst_scan_filesystem[22m | Verifying GDExtensions...[39m[0m[0m
[38;5;247m17:31:09[0m[38;5;247m [[0m[39;1mDBG[0m[38;5;247m] [0m[39m[  50% ] [90m[1mfirst_scan_filesystem[22m | Creating autoload scripts...[39m[0m[0m
[38;5;247m17:31:09[0m[38;5;247m [[0m[39;1mDBG[0m[38;5;247m] [0m[39m[  66% ] [90m[1mfirst_scan_filesystem[22m | Initializing plugins...[39m[0m[0m
[38;5;247m17:31:09[0m[38;5;247m [[0m[39;1mDBG[0m[38;5;247m] [0m[39m[  83% ] [90m[1mfirst_scan_filesystem[22m | Starting file scan...[39m[0m[0m
[38;5;247m17:31:09[0m[38;5;247m [[0m[39;1mDBG[0m[38;5;247m] [0m[39m[92m[ DONE ][39m [1mfirst_scan_filesystem[22m[0m
[38;5;247m17:31:09[0m[38;5;247m [[0m[39;1mDBG[0m[38;5;247m] [0m[39m[0m[0m
[38;5;247m17:31:09[0m[38;5;247m [[0m[39;1mDBG[0m[38;5;247m] [0m[39m[   0% ] [90m[1mdotnet_publish_project[22m | Started Publishing .NET project... (1 steps)[39m[0m[0m
[38;5;247m17:31:09[0m[38;5;247m [[0m[39;1mDBG[0m[38;5;247m] [0m[39m[   0% ] [90m[1mdotnet_publish_project[22m | Running dotnet publish[39m[0m[0m
[38;5;247m17:31:10[0m[38;5;247m [[0m[39;1mDBG[0m[38;5;247m] [0m[39m[92m[ DONE ][39m [1mdotnet_publish_project[22m[0m
[38;5;247m17:31:10[0m[38;5;247m [[0m[39;1mDBG[0m[38;5;247m] [0m[39m[0m[0m
[38;5;247m17:31:10[0m[38;5;247m [[0m[39;1mDBG[0m[38;5;247m] [0m[39m[   0% ] [90m[1mdotnet_publish_project[22m | Started Publishing .NET project... (1 steps)[39m[0m[0m
[38;5;247m17:31:10[0m[38;5;247m [[0m[39;1mDBG[0m[38;5;247m] [0m[39m[   0% ] [90m[1mdotnet_publish_project[22m | Running dotnet publish[39m[0m[0m
[38;5;247m17:31:12[0m[38;5;247m [[0m[39;1mDBG[0m[38;5;247m] [0m[39m[92m[ DONE ][39m [1mdotnet_publish_project[22m[0m
[38;5;247m17:31:12[0m[38;5;247m [[0m[39;1mDBG[0m[38;5;247m] [0m[39m[0m[0m
[38;5;247m17:31:12[0m[38;5;247m [[0m[39;1mDBG[0m[38;5;247m] [0m[39m[   0% ] [90m[1mexport[22m | Started Exporting for macOS (3 steps)[39m[0m[0m
[38;5;247m17:31:12[0m[38;5;247m [[0m[39;1mDBG[0m[38;5;247m] [0m[39m[   0% ] [90m[1mexport[22m | Creating app bundle[39m[0m[0m
[38;5;247m17:31:13[0m[38;5;247m [[0m[39;1mDBG[0m[38;5;247m] [0m[39m[  25% ] [90m[1mexport[22m | Making PKG[39m[0m[0m
[38;5;247m17:31:13[0m[38;5;247m [[0m[39;1mDBG[0m[38;5;247m] [0m[39m[   0% ] [90m[1msavepack[22m | Started Packing (102 steps)[39m[0m[0m
[38;5;247m17:31:13[0m[38;5;247m [[0m[39;1mDBG[0m[38;5;247m] [0m[39m[   1% ] [90m[1msavepack[22m | Storing File: res://config/collectible-bundles.json[39m[0m[0m
[38;5;247m17:31:13[0m[38;5;247m [[0m[39;1mDBG[0m[38;5;247m] [0m[39m[  17% ] [90m[1msavepack[22m | Storing File: res://Host.cs[39m[0m[0m
[38;5;247m17:31:13[0m[38;5;247m [[0m[39;1mDBG[0m[38;5;247m] [0m[39m[  33% ] [90m[1msavepack[22m | Storing File: res://.godot/imported/icon.svg-218a8f2b3041327d8a5756f3a245f83b.ctex[39m[0m[0m
[38;5;247m17:31:13[0m[38;5;247m [[0m[39;1mDBG[0m[38;5;247m] [0m[39m[  33% ] [90m[1msavepack[22m | Storing File: res://icon.svg.import[39m[0m[0m
[38;5;247m17:31:13[0m[38;5;247m [[0m[39;1mDBG[0m[38;5;247m] [0m[39m[  50% ] [90m[1msavepack[22m | Storing File: res://Main.cs[39m[0m[0m
[38;5;247m17:31:13[0m[38;5;247m [[0m[39;1mDBG[0m[38;5;247m] [0m[39m[  66% ] [90m[1msavepack[22m | Storing File: res://.godot/exported/133200997/export-bcb0d2eb5949c52b6a65bfe9de3e985b-Main.scn[39m[0m[0m
[38;5;247m17:31:13[0m[38;5;247m [[0m[39;1mDBG[0m[38;5;247m] [0m[39m[  82% ] [90m[1msavepack[22m | Storing File: res://RuntimeStatusViewSource.cs[39m[0m[0m
[38;5;247m17:31:13[0m[38;5;247m [[0m[39;1mDBG[0m[38;5;247m] [0m[39m[  82% ] [90m[1msavepack[22m | Storing File: res://Main.tscn.remap[39m[0m[0m
[38;5;247m17:31:13[0m[38;5;247m [[0m[39;1mDBG[0m[38;5;247m] [0m[39m[  82% ] [90m[1msavepack[22m | Storing File: res://.godot/global_script_class_cache.cfg[39m[0m[0m
[38;5;247m17:31:13[0m[38;5;247m [[0m[39;1mDBG[0m[38;5;247m] [0m[39m[  82% ] [90m[1msavepack[22m | Storing File: res://icon.svg[39m[0m[0m
[38;5;247m17:31:13[0m[38;5;247m [[0m[39;1mDBG[0m[38;5;247m] [0m[39m[  82% ] [90m[1msavepack[22m | Storing File: res://.godot/uid_cache.bin[39m[0m[0m
[38;5;247m17:31:13[0m[38;5;247m [[0m[39;1mDBG[0m[38;5;247m] [0m[39m[  82% ] [90m[1msavepack[22m | Storing File: res://project.binary[39m[0m[0m
[38;5;247m17:31:13[0m[38;5;247m [[0m[39;1mDBG[0m[38;5;247m] [0m[39m[92m[ DONE ][39m [1msavepack[22m[0m
[38;5;247m17:31:13[0m[38;5;247m [[0m[39;1mDBG[0m[38;5;247m] [0m[39m[0m[0m
[38;5;247m17:31:14[0m[38;5;247m [[0m[39;1mDBG[0m[38;5;247m] [0m[39m[  75% ] [90m[1mexport[22m | Making ZIP[39m[0m[0m
[38;5;247m17:31:22[0m[38;5;247m [[0m[39;1mDBG[0m[38;5;247m] [0m[39m[92m[ DONE ][39m [1mexport[22m[0m
[38;5;247m17:31:22[0m[38;5;247m [[0m[39;1mDBG[0m[38;5;247m] [0m[39m[0m[0m
[38;5;247m17:31:23[0m[38;5;247m [[0m[38;5;45;1mINF[0m[38;5;247m] [0m[39mExtracted runnable bundle -> /Users/apprenticegc/Work/lunar-horse/yokan-projects/fantasim-app-godot/build/_artifacts/5.0.0/godot/osx[0m
[38;5;247m17:31:23[0m[38;5;247m [[0m[38;5;45;1mINF[0m[38;5;247m] [0m[39mDone: /Users/apprenticegc/Work/lunar-horse/yokan-projects/fantasim-app-godot/build/_artifacts/5.0.0/godot/osx[0m
​
[39;1m═════════════════════════════════════════[0m
[38;5;45;1mTarget               Status      Duration[0m
[39;1m─────────────────────────────────────────[0m
[32;1mCompile              Succeeded     < 1sec[0m
[32;1mBuildGodotDesktop    Succeeded       0:15[0m
[39;1m─────────────────────────────────────────[0m
[38;5;45;1mTotal                                0:15[0m
[39;1m═════════════════════════════════════════[0m
​
[32;1mBuild succeeded on 6/19/2026 5:31:23 PM. ＼（＾ᴗ＾）／[0m
task: [verify] task bundle:stage
task: [bundle:link] rm -rf project/hosts/content-app/bundles
task: [bundle:link] ln -s ../../bundles project/hosts/content-app/bundles
task: [bundle:stage] mkdir -p build/_artifacts/5.0.0/godot/bundles
task: [bundle:stage] /Users/apprenticegc/Work/lunar-horse/tools/Godot_mono.app/Contents/MacOS/Godot --headless --path project/hosts/content-app --export-pack "stage PCK" /Users/apprenticegc/Work/lunar-horse/yokan-projects/fantasim-app-godot/build/_artifacts/5.0.0/godot/bundles/stage.pck
Godot Engine v4.6.3.stable.mono.official.7d41c59c4 - https://godotengine.org

[   0% ] [90m[1mfirst_scan_filesystem[22m | Started Project initialization (5 steps)[39m[0m
[   0% ] [90m[1mfirst_scan_filesystem[22m | Scanning file structure...[39m[0m
[  16% ] [90m[1mfirst_scan_filesystem[22m | Loading global class names...[39m[0m
[  33% ] [90m[1mfirst_scan_filesystem[22m | Verifying GDExtensions...[39m[0m
[  50% ] [90m[1mfirst_scan_filesystem[22m | Creating autoload scripts...[39m[0m
[  66% ] [90m[1mfirst_scan_filesystem[22m | Initializing plugins...[39m[0m
[  83% ] [90m[1mfirst_scan_filesystem[22m | Starting file scan...[39m[0m
[92m[ DONE ][39m [1mfirst_scan_filesystem[22m
[0m
[   0% ] [90m[1msavepack[22m | Started Packing (102 steps)[39m[0m
[   1% ] [90m[1msavepack[22m | Storing File: res://.godot/exported/133200997/export-9c3aed9a2cf4cd870d81b683dc3800b9-stage_entry.scn[39m[0m
[  50% ] [90m[1msavepack[22m | Storing File: res://bundles/stage/manifest.json[39m[0m
[  50% ] [90m[1msavepack[22m | Storing File: res://bundles/stage/scenes/stage_entry.tscn.remap[39m[0m
[  50% ] [90m[1msavepack[22m | Storing File: res://.godot/global_script_class_cache.cfg[39m[0m
[  50% ] [90m[1msavepack[22m | Storing File: res://icon.svg[39m[0m
[  50% ] [90m[1msavepack[22m | Storing File: res://.godot/uid_cache.bin[39m[0m
[  50% ] [90m[1msavepack[22m | Storing File: res://project.binary[39m[0m
[92m[ DONE ][39m [1msavepack[22m
[0m
task: [verify] task artifacts
task: [artifacts] ls -la build/_artifacts/5.0.0/godot/
total 0
drwxr-xr-x@ 4 apprenticegc  staff  128 Jun 19 17:31 .
drwxr-xr-x@ 3 apprenticegc  staff   96 Jun 19 16:52 ..
drwxr-xr-x@ 3 apprenticegc  staff   96 Jun 19 17:31 bundles
drwxr-xr-x@ 5 apprenticegc  staff  160 Jun 19 17:31 osx
EXIT=0
---
Duration: 31s
End: 2026-06-19T09:31:26Z
