=== F3.4 exported headless smoke ===
Start: 2026-06-19T09:32:00Z
Command: build/_artifacts/5.0.0/godot/osx/complete-app.app/Contents/MacOS/complete-app --headless --quit-after 2000
---
Godot Engine v4.6.3.stable.mono.official.7d41c59c4 - https://godotengine.org

[INFO][06/19/2026 09:32:16.193Z][Thread 0001][CoordinatedShutdown (akka://fantasim)] CoordinatedShutdown invoked due to [Reason:Akka.Actor.CoordinatedShutdown+ActorSystemTerminateReason]. Exiting with [ExitCode:0].
[Host] composition root starting...
[Host] registered: Resource
[Host] registered: SceneFlow
[Host] registered: Ecs
[Host] registered: World
[Host] World detail: projection registered
[Host] registered: Command (orchestration healthy, 3 commands)
[Host] registered: Ui
[Host] composed services: Resource, SceneFlow, Ecs, World, Command, Ui
[Host] composition activated.
[Main] Host autoload should have composed all services.
EXIT=0
---
Duration: 16s
End: 2026-06-19T09:32:16Z
