# Task 6 Independent Verification — App.Command T3 Local Orchestration

Plan: .omo/plans/iii-runtime-spine.md
Task: 6. Add `App.Command` T3 local orchestration implementation
Verifier: Sisyphus-Junior (independent pass, GLM 5.2)
Date: 2026-06-19

## Acceptance criteria (from plan line 117-123)

- Create `project/plugins/App.Command/`, restore prior-art `InProcessClient`/dispatcher patterns,
  implement trimmed command service plus `LocalOrchestrator` that calls App.World/App.Ecs,
  and add `IiiBridgeOrchestrator` stub that clearly says the native bridge is deferred.
- Must NOT: spawn Hermes/Python or reference App.Agent/App.Stage.
- Acceptance: local orchestrator test drives mock App.World plus App.Ecs and returns success;
  bridge stub throws documented `NotImplementedException`.
- QA: happy local orchestration end-to-end test; failure missing App.World registration returns
  clear error. Evidence `.omo/evidence/task-6-iii-runtime-spine.trx`.
- Commit: Y | `feat(app-command): add local orchestration service`

## Files inspected

Contracts (T1):
- project/contracts/App.Command/App.Command.csproj
- project/contracts/App.Command/CommandTypes.cs
- project/contracts/App.Command/Orchestration/IWorldOrchestration.cs
- project/contracts/App.Command/AssemblyInfo.cs
- project/contracts/App.Command/Clients/IClient.cs
- project/contracts/App.Command/Clients/Client.cs
- project/contracts/App.Command/Services/IService.cs
- project/contracts/App.Command/Services/Service.cs

Plugins (T3):
- project/plugins/App.Command/App.Command.csproj
- project/plugins/App.Command/Orchestration/LocalOrchestrator.cs
- project/plugins/App.Command/Orchestration/IiiBridgeOrchestrator.cs
- project/plugins/App.Command/Orchestration/OrchestratorFactory.cs
- project/plugins/App.Command/Services/Service.cs
- project/plugins/App.Command/Clients/InProcessClient.cs
- project/plugins/App.Command/Providers/IMainThreadDispatcher.cs

Tests:
- project/tests/App.Command.Tests/App.Command.Tests.csproj
- project/tests/App.Command.Tests/LocalOrchestratorTests.cs

Cross-contract (to confirm orchestration consumes real interfaces, not stubs):
- project/contracts/App.World/Services/IService.cs
- project/contracts/App.World/Dto/WorldDtos.cs
- project/contracts/App.Ecs/Services/IService.cs

Solution / plan / ledger:
- project/FantaSim.sln (diff inspected)
- .omo/plans/iii-runtime-spine.md (re-read Task 6 criteria)
- .omo/start-work/ledger.jsonl (Task 6 DoneClaim)
- .omo/evidence/task-6-iii-runtime-spine.trx (worker TRX, 11/11 Passed)

## Boundary audit — T1 purity

Grep across project/contracts/App.Command for `(?i)\b(Akka|R3|Godot|Hermes|App\.Agent|App\.Stage)\b`:
RESULT: No matches found. T1 contract is pure — no forbidden runtime/agent/stage references.

T1 csproj references: GiantCroissant.PluginArchi.Extensibility.Abstractions,
GiantCroissant.ServiceArchi.Contracts, GiantCroissant.ServiceArchi.SourceGen (PrivateAssets=all).
No ProjectReference to any plugin/world/ecs project. ServiceArchiTier=T1. PASS.

## Boundary audit — T3

Grep across project/plugins/App.Command for `Process\.Start|System\.Diagnostics\.Process|ProcessStartInfo|new Process`:
RESULT: No matches found. No external process spawning.

Grep across project/plugins/App.Command for `(?i)\b(Hermes|Python|App\.Agent|App\.Stage)\b`:
RESULT: 10 matches, ALL in XML doc comments / csproj comments / IiiBridgeOrchestrator doc
strings that explicitly state "No Hermes/Python", "deferred", "does not reference App.Agent/App.Stage".
Zero code-level references. PASS.

T3 csproj ProjectReferences: App.Command (T1), App.World (T1), App.Ecs (T1). No App.Agent,
no App.Stage, no fantasim-world project refs, no Akka/R3/Godot packages. ServiceArchiTier=T3.

## Orchestration behavior audit (LocalOrchestrator.cs)

- Implements IWorldOrchestration (the T1 seam from Task 1).
- Constructor takes IRegistry + ILoggerFactory. Resolves WorldService = FantaSim.App.World.IService
  and EcsService = FantaSim.App.Ecs.IService via _registry.TryGet<T>() — real ServiceArchi
  contract interfaces, not trivially-stubbed helpers.
- TriggerAsync dispatches on WellKnownCommands.Generate / Tick / Refresh; unknown commands
  return typed CommandError("unknown-command", ...) without throwing.
- Generate path: parses payload -> builds WorldGenerationRequest -> world.RunGenerationAsync
  -> on success fans out ecs.UpdateAll(0f) (comment explains iii triggers worlds/recipes,
  not per-tick sim). Result serialized as JSON. Missing App.World returns typed
  "missing-service" error naming "FantaSim.App.World.IService".
- Tick path: forwards delta to ecs.UpdateAll(delta). Missing App.Ecs returns typed
  missing-service error.
- Refresh path: world.GetOverviewAsync(), no ECS touch.
- HealthAsync: Ok=true only when both WorldService and EcsService registered; Commands=3.
- No Process.Start, no external clocks, single-threaded deterministic. PASS.

## Iii bridge stub audit (IiiBridgeOrchestrator.cs)

- Implements IWorldOrchestration.
- TriggerAsync and HealthAsync both throw NotImplementedException with documented message:
  "The native iii bridge (Rust/Hermes) is not built in this slice. Use LocalOrchestrator
  for in-process orchestration; this stub exists only to make the IWorldOrchestration seam
  explicit and deferred."
- No process spawning, no App.Agent/App.Stage references. Clearly defers native bridge work.
  PASS.

## OrchestratorFactory audit

- internal static; Mode enum { Local, IiiBridge }.
- Create(IRegistry, ILoggerFactory, Mode=Local) -> LocalOrchestrator or IiiBridgeOrchestrator.
- Default is Local. PASS.

## Service.cs (T3) + InProcessClient.cs audit

- Service implements IService + IDisposable. Owns command-handler registry, routes
  ExecuteAsync to registered handlers via IMainThreadDispatcher.InvokeAsync.
- Built-in "world.orchestrate" command delegates inner CommandRequest to IWorldOrchestration.
- No App.Agent/App.Stage/Hermes. PASS.
- InProcessClient implements IClient; routes Health/Status/Command to IService. Restored
  prior-art pattern. PASS.

## Commands run (independent rerun, this verification pass)

1. `dotnet build project/contracts/App.Command/App.Command.csproj`
   -> Build succeeded. 0 Warning(s), 0 Error(s). 0.40s.
2. `dotnet build project/plugins/App.Command/App.Command.csproj`
   -> Build succeeded. 0 Warning(s), 0 Error(s). 0.67s.
3. `dotnet test project/tests/App.Command.Tests/App.Command.Tests.csproj --logger "trx;logfilename=task-6-independent-verification.trx"`
   -> Passed! - Failed: 0, Passed: 11, Skipped: 0, Total: 11, Duration: 28 ms.
   -> TRX: project/tests/App.Command.Tests/TestResults/task-6-independent-verification.trx
4. `dotnet test project/tests/App.Command.Tests/App.Command.Tests.csproj --logger "console;verbosity=normal"` (flakiness re-run)
   -> 11/11 Passed, 0.2287s. Deterministic, no sleeps observed (all durations <8ms).
5. `dotnet build project/FantaSim.sln`
   -> Build succeeded. 17 Warning(s) [ALL pre-existing xUnit1031 in App.Ecs.Tests, NOT
      App.Command.Tests which had 0 warnings], 0 Error(s). 3.97s.

## Test inventory (11 tests, all Passed twice)

LocalOrchestratorTests (6):
- Generate_drives_world_generation_and_ecs_update_then_returns_success  [drives mock App.World + App.Ecs, asserts Ok + GenerateCalls=1 + UpdateAllCalls=1 + delta=0f]
- Tick_forwards_delta_to_ecs_update_all                                [forwards 0.25 to ecs.UpdateAll]
- Refresh_reports_overview_without_ecs_update                          [overview JSON, no ECS]
- Generate_without_world_registered_returns_missing_service_error      [failure QA scenario: missing App.World -> typed "missing-service" error]
- Unknown_command_returns_typed_error                                  [unknown-command typed error]
- Health_reports_ok_only_when_both_services_registered                 [partial=false, full=true, Commands=3]

IiiBridgeOrchestratorTests (2):
- TriggerAsync_throws_documented_NotImplementedException               [asserts "native iii bridge" + "not built" in message]
- HealthAsync_throws_documented_NotImplementedException

CommandServiceTests (3):
- ExecuteAsync_routes_registered_command_to_handler                     [ping -> pong JSON]
- ExecuteAsync_unknown_command_returns_typed_error
- ExecuteAsync_world_orchestrate_delegates_to_local_orchestrator        [world.orchestrate -> inner world.refresh reaches world.OverviewCalls=1]

## Adversarial class probes

- dirty_worktree: PASS.
  - Scoped task files (App.Command contract/plugin/test + FantaSim.sln additions) present as
    untracked/modified. Pre-existing dirty files NOT touched by this verifier:
    AGENTS.md (untracked, not modified), vault/handover/2026-06-19-restoration-progress-and-next-steps.md
    (staged by prior work, not touched here), .omo/run-continuation/*.json (modified by
    orchestrator, not touched here).
  - git diff --stat confirms unrelated modified files (Directory.Build.props,
    Directory.Packages.props, project/FantaSim.sln, App.Ecs files) belong to Tasks 2/3 and
    the wave-1 solution integration, NOT Task 6. Task 6's only solution-level change is the
    additive App.Command plugin + test project entries.
  - git diff project/FantaSim.sln shows PURELY ADDITIVE entries for App.Command plugin + test
    (and sibling Wave-1/2 projects). No existing project lines modified.

- stale_state: PASS.
  - Re-read plan Task 6 acceptance criteria immediately before verification.
  - Read all current App.Command source files on disk (not cached claims).
  - Worker TRX (.omo/evidence/task-6-iii-runtime-spine.trx, 11/11 Passed) cross-checked
    against independent rerun (11/11 Passed). No drift.

- misleading_success_output: PASS.
  - All four required commands rerun independently from this verifier, real stdout captured
    above. Test runner reports exact counts: Failed: 0, Passed: 11, Skipped: 0, Total: 11.
  - Build outputs show 0 errors on all three project builds + solution build.
  - The 17 solution warnings are all pre-existing xUnit1031 in App.Ecs.Tests, NOT in
    App.Command.Tests (which compiles with 0 warnings).

- flaky_tests: PASS.
  - Two consecutive runs of App.Command.Tests: 11/11 both times.
  - Per-test durations all <10ms; no sleeps, no time-dependent assertions, no random data,
    no network, no filesystem, no thread timing. Tests use deterministic fakes
    (FakeWorldService / FakeEcsService) with call counters. Deterministic by construction.

- long_commands: LOW RISK / PASS.
  - All builds <1s (incremental) except solution build at 3.97s (cold-ish). Test runs <0.3s.
    No hung or multi-minute commands.

## Plan deviation note

Worker's DoneClaim noted: "Task 1 had omitted App.Command service/client source-gen partials;
worker restored them as a minimal pure T1 compatibility adjustment." Verified: the T1
contracts/Services/Service.cs and Clients/Client.cs are partial source-gen realizer classes
with [RealizeService(typeof(IService|IClient))]. They reference only ServiceArchi.Contracts
and stay pure (no Akka/R3/Godot/Hermes/App.Agent/App.Stage). This is a legitimate T1
restoration, not scope creep, and does not violate Task 1 purity. Accepted.

## Cleanup receipt

This verifier wrote only this log file (.omo/evidence/task-6-independent-verification.log)
and the test runner produced the independent TRX at
project/tests/App.Command.Tests/TestResults/task-6-independent-verification.trx.
No product source/test/csproj/solution/plan/ledger files were modified.
No QA resource left running. No temporary probe directories created.

## Verdict

confirmed

Confidence: high (0.95)

All acceptance criteria met. All four required build/test gates exit 0 independently.
T1 purity and T3 boundary constraints satisfied. IiiBridgeOrchestrator defers native bridge
work explicitly via documented NotImplementedException. LocalOrchestrator genuinely calls
real App.World/App.Ecs contract interfaces (resolved via IRegistry) — not trivially stubbed.
Tests cover both the happy orchestration path and the failure scenario (missing App.World
registration returns a typed error). No external process spawning, no forbidden references.