  Determining projects to restore...
  Restored /Users/apprenticegc/Work/lunar-horse/yokan-projects/fantasim-app-godot/project/plugins/App.World/App.World.csproj (in 73 ms).
  Restored /Users/apprenticegc/Work/lunar-horse/yokan-projects/fantasim-app-godot/project/tests/App.World.Tests/App.World.Tests.csproj (in 73 ms).
  18 of 20 projects are up-to-date for restore.
  App.SceneFlow -> /Users/apprenticegc/Work/lunar-horse/yokan-projects/fantasim-app-godot/project/contracts/App.SceneFlow/bin/Debug/netstandard2.1/FantaSim.App.SceneFlow.Contracts.dll
  App.Ui -> /Users/apprenticegc/Work/lunar-horse/yokan-projects/fantasim-app-godot/project/contracts/App.Ui/bin/Debug/net8.0/FantaSim.App.Ui.Contracts.dll
  App.Ecs -> /Users/apprenticegc/Work/lunar-horse/yokan-projects/fantasim-app-godot/project/contracts/App.Ecs/bin/Debug/net8.0/FantaSim.App.Ecs.Contracts.dll
  App.Resource -> /Users/apprenticegc/Work/lunar-horse/yokan-projects/fantasim-app-godot/project/contracts/App.Resource/bin/Debug/netstandard2.1/FantaSim.App.Resource.Contracts.dll
  App.Common -> /Users/apprenticegc/Work/lunar-horse/yokan-projects/fantasim-app-godot/project/plugins/App.Common/bin/Debug/net8.0/FantaSim.App.Common.dll
  App.Command -> /Users/apprenticegc/Work/lunar-horse/yokan-projects/fantasim-app-godot/project/contracts/App.Command/bin/Debug/net8.0/FantaSim.App.Command.Contracts.dll
  App.World -> /Users/apprenticegc/Work/lunar-horse/yokan-projects/fantasim-app-godot/project/contracts/App.World/bin/Debug/net8.0/FantaSim.App.World.Contracts.dll
  App.SceneFlow -> /Users/apprenticegc/Work/lunar-horse/yokan-projects/fantasim-app-godot/project/plugins/App.SceneFlow/bin/Debug/net8.0/FantaSim.App.SceneFlow.dll
  App.Ecs -> /Users/apprenticegc/Work/lunar-horse/yokan-projects/fantasim-app-godot/project/plugins/App.Ecs/bin/Debug/net8.0/FantaSim.App.Ecs.dll
  App.Resource -> /Users/apprenticegc/Work/lunar-horse/yokan-projects/fantasim-app-godot/project/plugins/App.Resource/bin/Debug/net8.0/FantaSim.App.Resource.dll
  App.Ui -> /Users/apprenticegc/Work/lunar-horse/yokan-projects/fantasim-app-godot/project/plugins/App.Ui/bin/Debug/net8.0/FantaSim.App.Ui.dll
  App.SceneFlow.Tests -> /Users/apprenticegc/Work/lunar-horse/yokan-projects/fantasim-app-godot/project/tests/App.SceneFlow.Tests/bin/Debug/net8.0/App.SceneFlow.Tests.dll
  App.Resource.Tests -> /Users/apprenticegc/Work/lunar-horse/yokan-projects/fantasim-app-godot/project/tests/App.Resource.Tests/bin/Debug/net8.0/App.Resource.Tests.dll
  App.Resource.Bundle.Seam -> /Users/apprenticegc/Work/lunar-horse/yokan-projects/fantasim-app-godot/project/plugins/App.Resource.Bundle.Seam/.godot/mono/temp/bin/Debug/FantaSim.App.Resource.Bundle.Seam.dll
  App.Ecs.Tests -> /Users/apprenticegc/Work/lunar-horse/yokan-projects/fantasim-app-godot/project/tests/App.Ecs.Tests/bin/Debug/net8.0/App.Ecs.Tests.dll
  App.Ui.Seam -> /Users/apprenticegc/Work/lunar-horse/yokan-projects/fantasim-app-godot/project/plugins/App.Ui.Seam/.godot/mono/temp/bin/Debug/FantaSim.App.Ui.Seam.dll
  App.World -> /Users/apprenticegc/Work/lunar-horse/yokan-projects/fantasim-app-godot/project/plugins/App.World/bin/Debug/net8.0/FantaSim.App.World.dll
  App.Ui.Tests -> /Users/apprenticegc/Work/lunar-horse/yokan-projects/fantasim-app-godot/project/tests/App.Ui.Tests/bin/Debug/net8.0/App.Ui.Tests.dll
  complete-app -> /Users/apprenticegc/Work/lunar-horse/yokan-projects/fantasim-app-godot/project/hosts/complete-app/.godot/mono/temp/bin/Debug/complete-app.dll
  App.World.Tests -> /Users/apprenticegc/Work/lunar-horse/yokan-projects/fantasim-app-godot/project/tests/App.World.Tests/bin/Debug/net8.0/App.World.Tests.dll

Build succeeded.
    0 Warning(s)
    0 Error(s)

Time Elapsed 00:00:01.74
