<?xml version="1.0" encoding="utf-8"?>
<TestRun id="ba76e381-03de-4485-8004-1dd60fd0fac0" name="@Juis-Mac-mini 2026-06-19 14:44:58" xmlns="http://microsoft.com/schemas/VisualStudio/TeamTest/2010">
  <Times creation="2026-06-19T14:44:58.7927570+08:00" queuing="2026-06-19T14:44:58.7927570+08:00" start="2026-06-19T14:44:58.3904240+08:00" finish="2026-06-19T14:44:58.7947240+08:00" />
  <TestSettings name="default" id="748c1fff-cbf6-40c0-a963-aef48dd8c0ec">
    <Deployment runDeploymentRoot="_Juis-Mac-mini_2026-06-19_14_44_58" />
  </TestSettings>
  <Results>
    <UnitTestResult executionId="2b9538a6-ed15-422e-acf5-2463bd3b953c" testId="ccac3286-015b-c4d1-5192-6bec800f08f0" testName="FantaSim.App.World.Tests.WorldRuntimeTests.Unregistered_reducer_in_catalog_throws_at_composition" computerName="Juis-Mac-mini" duration="00:00:00.0007525" startTime="2026-06-19T14:44:58.7354830+08:00" endTime="2026-06-19T14:44:58.7354830+08:00" testType="13cdc9d9-ddb5-4fa4-a97d-d965ccfc6d4b" outcome="Passed" testListId="8c84fa94-04c1-424b-9868-57a2d4851a1d" relativeResultsDirectory="2b9538a6-ed15-422e-acf5-2463bd3b953c" />
    <UnitTestResult executionId="d9deca6d-062c-4faf-9dd2-011063e8db7c" testId="cf479cc8-ed21-6f2d-a561-617923564812" testName="FantaSim.App.World.Tests.WorldRuntimeTests.Duplicate_field_id_in_catalog_throws_at_composition" computerName="Juis-Mac-mini" duration="00:00:00.0067577" startTime="2026-06-19T14:44:58.7341450+08:00" endTime="2026-06-19T14:44:58.7341570+08:00" testType="13cdc9d9-ddb5-4fa4-a97d-d965ccfc6d4b" outcome="Passed" testListId="8c84fa94-04c1-424b-9868-57a2d4851a1d" relativeResultsDirectory="d9deca6d-062c-4faf-9dd2-011063e8db7c" />
    <UnitTestResult executionId="f481b8bd-ffa0-4f64-8a57-be674497f4cb" testId="831cc32d-141c-a694-4e87-a87a4c740871" testName="FantaSim.App.World.Tests.WorldRuntimeTests.RunGeneration_appends_truth_event_and_marks_world_dirty" computerName="Juis-Mac-mini" duration="00:00:00.0145384" startTime="2026-06-19T14:44:58.7510750+08:00" endTime="2026-06-19T14:44:58.7510750+08:00" testType="13cdc9d9-ddb5-4fa4-a97d-d965ccfc6d4b" outcome="Passed" testListId="8c84fa94-04c1-424b-9868-57a2d4851a1d" relativeResultsDirectory="f481b8bd-ffa0-4f64-8a57-be674497f4cb" />
    <UnitTestResult executionId="e059a08c-a7de-45de-abb5-6eeee09f288c" testId="e3bc12fd-b2a4-5893-4c78-a6fd0fbcbea5" testName="FantaSim.App.World.Tests.WorldRuntimeTests.GetOverview_reports_composed_field_count" computerName="Juis-Mac-mini" duration="00:00:00.0014272" startTime="2026-06-19T14:44:58.7525390+08:00" endTime="2026-06-19T14:44:58.7525390+08:00" testType="13cdc9d9-ddb5-4fa4-a97d-d965ccfc6d4b" outcome="Passed" testListId="8c84fa94-04c1-424b-9868-57a2d4851a1d" relativeResultsDirectory="e059a08c-a7de-45de-abb5-6eeee09f288c" />
    <UnitTestResult executionId="3700b8aa-706e-411c-b9e2-90c75b50408d" testId="846c27e0-1d41-7785-c130-31e5abf31e2d" testName="FantaSim.App.World.Tests.WorldRuntimeTests.GetFieldValues_maps_catalog_descriptors_to_dto" computerName="Juis-Mac-mini" duration="00:00:00.0017876" startTime="2026-06-19T14:44:58.7364850+08:00" endTime="2026-06-19T14:44:58.7364850+08:00" testType="13cdc9d9-ddb5-4fa4-a97d-d965ccfc6d4b" outcome="Passed" testListId="8c84fa94-04c1-424b-9868-57a2d4851a1d" relativeResultsDirectory="3700b8aa-706e-411c-b9e2-90c75b50408d" />
  </Results>
  <TestDefinitions>
    <UnitTest name="FantaSim.App.World.Tests.WorldRuntimeTests.GetOverview_reports_composed_field_count" storage="/users/apprenticegc/work/lunar-horse/yokan-projects/fantasim-app-godot/project/tests/app.world.tests/bin/debug/net8.0/app.world.tests.dll" id="e3bc12fd-b2a4-5893-4c78-a6fd0fbcbea5">
      <Execution id="e059a08c-a7de-45de-abb5-6eeee09f288c" />
      <TestMethod codeBase="/Users/apprenticegc/Work/lunar-horse/yokan-projects/fantasim-app-godot/project/tests/App.World.Tests/bin/Debug/net8.0/App.World.Tests.dll" adapterTypeName="executor://xunit/VsTestRunner2/netcoreapp" className="FantaSim.App.World.Tests.WorldRuntimeTests" name="GetOverview_reports_composed_field_count" />
    </UnitTest>
    <UnitTest name="FantaSim.App.World.Tests.WorldRuntimeTests.GetFieldValues_maps_catalog_descriptors_to_dto" storage="/users/apprenticegc/work/lunar-horse/yokan-projects/fantasim-app-godot/project/tests/app.world.tests/bin/debug/net8.0/app.world.tests.dll" id="846c27e0-1d41-7785-c130-31e5abf31e2d">
      <Execution id="3700b8aa-706e-411c-b9e2-90c75b50408d" />
      <TestMethod codeBase="/Users/apprenticegc/Work/lunar-horse/yokan-projects/fantasim-app-godot/project/tests/App.World.Tests/bin/Debug/net8.0/App.World.Tests.dll" adapterTypeName="executor://xunit/VsTestRunner2/netcoreapp" className="FantaSim.App.World.Tests.WorldRuntimeTests" name="GetFieldValues_maps_catalog_descriptors_to_dto" />
    </UnitTest>
    <UnitTest name="FantaSim.App.World.Tests.WorldRuntimeTests.Duplicate_field_id_in_catalog_throws_at_composition" storage="/users/apprenticegc/work/lunar-horse/yokan-projects/fantasim-app-godot/project/tests/app.world.tests/bin/debug/net8.0/app.world.tests.dll" id="cf479cc8-ed21-6f2d-a561-617923564812">
      <Execution id="d9deca6d-062c-4faf-9dd2-011063e8db7c" />
      <TestMethod codeBase="/Users/apprenticegc/Work/lunar-horse/yokan-projects/fantasim-app-godot/project/tests/App.World.Tests/bin/Debug/net8.0/App.World.Tests.dll" adapterTypeName="executor://xunit/VsTestRunner2/netcoreapp" className="FantaSim.App.World.Tests.WorldRuntimeTests" name="Duplicate_field_id_in_catalog_throws_at_composition" />
    </UnitTest>
    <UnitTest name="FantaSim.App.World.Tests.WorldRuntimeTests.RunGeneration_appends_truth_event_and_marks_world_dirty" storage="/users/apprenticegc/work/lunar-horse/yokan-projects/fantasim-app-godot/project/tests/app.world.tests/bin/debug/net8.0/app.world.tests.dll" id="831cc32d-141c-a694-4e87-a87a4c740871">
      <Execution id="f481b8bd-ffa0-4f64-8a57-be674497f4cb" />
      <TestMethod codeBase="/Users/apprenticegc/Work/lunar-horse/yokan-projects/fantasim-app-godot/project/tests/App.World.Tests/bin/Debug/net8.0/App.World.Tests.dll" adapterTypeName="executor://xunit/VsTestRunner2/netcoreapp" className="FantaSim.App.World.Tests.WorldRuntimeTests" name="RunGeneration_appends_truth_event_and_marks_world_dirty" />
    </UnitTest>
    <UnitTest name="FantaSim.App.World.Tests.WorldRuntimeTests.Unregistered_reducer_in_catalog_throws_at_composition" storage="/users/apprenticegc/work/lunar-horse/yokan-projects/fantasim-app-godot/project/tests/app.world.tests/bin/debug/net8.0/app.world.tests.dll" id="ccac3286-015b-c4d1-5192-6bec800f08f0">
      <Execution id="2b9538a6-ed15-422e-acf5-2463bd3b953c" />
      <TestMethod codeBase="/Users/apprenticegc/Work/lunar-horse/yokan-projects/fantasim-app-godot/project/tests/App.World.Tests/bin/Debug/net8.0/App.World.Tests.dll" adapterTypeName="executor://xunit/VsTestRunner2/netcoreapp" className="FantaSim.App.World.Tests.WorldRuntimeTests" name="Unregistered_reducer_in_catalog_throws_at_composition" />
    </UnitTest>
  </TestDefinitions>
  <TestEntries>
    <TestEntry testId="ccac3286-015b-c4d1-5192-6bec800f08f0" executionId="2b9538a6-ed15-422e-acf5-2463bd3b953c" testListId="8c84fa94-04c1-424b-9868-57a2d4851a1d" />
    <TestEntry testId="cf479cc8-ed21-6f2d-a561-617923564812" executionId="d9deca6d-062c-4faf-9dd2-011063e8db7c" testListId="8c84fa94-04c1-424b-9868-57a2d4851a1d" />
    <TestEntry testId="831cc32d-141c-a694-4e87-a87a4c740871" executionId="f481b8bd-ffa0-4f64-8a57-be674497f4cb" testListId="8c84fa94-04c1-424b-9868-57a2d4851a1d" />
    <TestEntry testId="e3bc12fd-b2a4-5893-4c78-a6fd0fbcbea5" executionId="e059a08c-a7de-45de-abb5-6eeee09f288c" testListId="8c84fa94-04c1-424b-9868-57a2d4851a1d" />
    <TestEntry testId="846c27e0-1d41-7785-c130-31e5abf31e2d" executionId="3700b8aa-706e-411c-b9e2-90c75b50408d" testListId="8c84fa94-04c1-424b-9868-57a2d4851a1d" />
  </TestEntries>
  <TestLists>
    <TestList name="Results Not in a List" id="8c84fa94-04c1-424b-9868-57a2d4851a1d" />
    <TestList name="All Loaded Results" id="19431567-8539-422a-85d7-44ee4e166bda" />
  </TestLists>
  <ResultSummary outcome="Completed">
    <Counters total="5" executed="5" passed="5" failed="0" error="0" timeout="0" aborted="0" inconclusive="0" passedButRunAborted="0" notRunnable="0" notExecuted="0" disconnected="0" warning="0" completed="0" inProgress="0" pending="0" />
    <Output>
      <StdOut>[xUnit.net 00:00:00.00] xUnit.net VSTest Adapter v2.8.2+699d445a1a (64-bit .NET 8.0.24)
[xUnit.net 00:00:00.03]   Discovering: App.World.Tests
[xUnit.net 00:00:00.05]   Discovered:  App.World.Tests
[xUnit.net 00:00:00.05]   Starting:    App.World.Tests
[xUnit.net 00:00:00.10]   Finished:    App.World.Tests
</StdOut>
    </Output>
  </ResultSummary>
</TestRun>