<?xml version="1.0" encoding="utf-8"?>
<TestRun id="d813be25-b6be-47d1-a02b-6a8d3b5496b1" name="@Juis-Mac-mini 2026-06-19 16:42:32" xmlns="http://microsoft.com/schemas/VisualStudio/TeamTest/2010">
  <Times creation="2026-06-19T16:42:32.0507690+08:00" queuing="2026-06-19T16:42:32.0507690+08:00" start="2026-06-19T16:42:31.7441130+08:00" finish="2026-06-19T16:42:33.0890150+08:00" />
  <TestSettings name="default" id="49f13264-08ad-4ba4-8225-c2d6babeb57c">
    <Deployment runDeploymentRoot="_Juis-Mac-mini_2026-06-19_16_42_32" />
  </TestSettings>
  <Results>
    <UnitTestResult executionId="757a0802-019b-4f34-b1f0-85b97f9a821f" testId="a6faefa3-5ca3-30ac-086b-049b7fc3c35a" testName="FantaSim.App.Ecs.Tests.EcsSupervisorActorTests.CreateWorld_replies_with_snapshot_when_world_is_fresh" computerName="Juis-Mac-mini" duration="00:00:00.0125041" startTime="2026-06-19T16:42:33.0532110+08:00" endTime="2026-06-19T16:42:33.0532110+08:00" testType="13cdc9d9-ddb5-4fa4-a97d-d965ccfc6d4b" outcome="Passed" testListId="8c84fa94-04c1-424b-9868-57a2d4851a1d" relativeResultsDirectory="757a0802-019b-4f34-b1f0-85b97f9a821f" />
    <UnitTestResult executionId="63bb0b7b-e560-48a1-bd01-b0f3eff7fd41" testId="d1d764b0-c4f7-005d-90e5-6aa3ae95b17e" testName="FantaSim.App.Ecs.Tests.EcsWorldActorTests.UpdateWorld_ticks_registered_system_and_grows_entity_count" computerName="Juis-Mac-mini" duration="00:00:00.0027732" startTime="2026-06-19T16:42:32.0457170+08:00" endTime="2026-06-19T16:42:32.0457170+08:00" testType="13cdc9d9-ddb5-4fa4-a97d-d965ccfc6d4b" outcome="Passed" testListId="8c84fa94-04c1-424b-9868-57a2d4851a1d" relativeResultsDirectory="63bb0b7b-e560-48a1-bd01-b0f3eff7fd41" />
    <UnitTestResult executionId="7d6940d3-4089-4af4-988b-8136683ccd3a" testId="87c9675e-67bc-038b-ed27-6bb427b31b78" testName="FantaSim.App.Ecs.Tests.EcsWorldActorTests.RegisterSystem_after_initialize_is_rejected_and_never_ticks" computerName="Juis-Mac-mini" duration="00:00:00.0816236" startTime="2026-06-19T16:42:32.0226630+08:00" endTime="2026-06-19T16:42:32.0226630+08:00" testType="13cdc9d9-ddb5-4fa4-a97d-d965ccfc6d4b" outcome="Passed" testListId="8c84fa94-04c1-424b-9868-57a2d4851a1d" relativeResultsDirectory="7d6940d3-4089-4af4-988b-8136683ccd3a" />
    <UnitTestResult executionId="2a407262-c386-4999-965c-ef7a1b5bbaad" testId="8be46771-1928-df88-9ddc-abab5e1edc27" testName="FantaSim.App.Ecs.Tests.EcsSupervisorActorTests.UpdateAll_fans_out_update_to_all_worlds" computerName="Juis-Mac-mini" duration="00:00:00.0071389" startTime="2026-06-19T16:42:33.0604490+08:00" endTime="2026-06-19T16:42:33.0604500+08:00" testType="13cdc9d9-ddb5-4fa4-a97d-d965ccfc6d4b" outcome="Passed" testListId="8c84fa94-04c1-424b-9868-57a2d4851a1d" relativeResultsDirectory="2a407262-c386-4999-965c-ef7a1b5bbaad" />
    <UnitTestResult executionId="179674c8-609f-4989-b41f-0da6ddffc7bb" testId="3e948fee-642d-9406-61c9-23209049db5f" testName="FantaSim.App.Ecs.Tests.EcsSupervisorActorTests.DestroyWorld_returns_false_when_world_id_is_unknown" computerName="Juis-Mac-mini" duration="00:00:00.0073326" startTime="2026-06-19T16:42:32.0382040+08:00" endTime="2026-06-19T16:42:32.0382040+08:00" testType="13cdc9d9-ddb5-4fa4-a97d-d965ccfc6d4b" outcome="Passed" testListId="8c84fa94-04c1-424b-9868-57a2d4851a1d" relativeResultsDirectory="179674c8-609f-4989-b41f-0da6ddffc7bb" />
    <UnitTestResult executionId="596f2c16-5056-4794-9349-d3a93f90f37a" testId="a00f5bde-8c84-927e-b095-91137109ee3b" testName="FantaSim.App.Ecs.Tests.EcsWorldActorTests.InitializeWorld_flips_initialized_flag_and_second_call_is_noop" computerName="Juis-Mac-mini" duration="00:00:00.0032624" startTime="2026-06-19T16:42:32.0382660+08:00" endTime="2026-06-19T16:42:32.0382660+08:00" testType="13cdc9d9-ddb5-4fa4-a97d-d965ccfc6d4b" outcome="Passed" testListId="8c84fa94-04c1-424b-9868-57a2d4851a1d" relativeResultsDirectory="596f2c16-5056-4794-9349-d3a93f90f37a" />
    <UnitTestResult executionId="ae8d0020-1a29-4882-bf22-c9366d64ac4c" testId="29d59af7-acb9-08bf-ac74-74b258fd4c69" testName="FantaSim.App.Ecs.Tests.EcsWorldActorTests.DestroyWorld_replies_true_and_stops_actor" computerName="Juis-Mac-mini" duration="00:00:00.0109865" startTime="2026-06-19T16:42:32.0382270+08:00" endTime="2026-06-19T16:42:32.0382270+08:00" testType="13cdc9d9-ddb5-4fa4-a97d-d965ccfc6d4b" outcome="Passed" testListId="8c84fa94-04c1-424b-9868-57a2d4851a1d" relativeResultsDirectory="ae8d0020-1a29-4882-bf22-c9366d64ac4c" />
    <UnitTestResult executionId="0e46f7ee-5f60-4694-a39e-93a6182440d4" testId="37e2d393-96bf-a070-f7d3-13899a4baa8d" testName="FantaSim.App.Ecs.Tests.ReduceFieldsSystemTests.Canonical_sort_makes_order_sensitive_reducer_deterministic" computerName="Juis-Mac-mini" duration="00:00:00.0187553" startTime="2026-06-19T16:42:31.9608290+08:00" endTime="2026-06-19T16:42:31.9608360+08:00" testType="13cdc9d9-ddb5-4fa4-a97d-d965ccfc6d4b" outcome="Passed" testListId="8c84fa94-04c1-424b-9868-57a2d4851a1d" relativeResultsDirectory="0e46f7ee-5f60-4694-a39e-93a6182440d4" />
    <UnitTestResult executionId="ff4d0957-de77-402f-ab63-c963c6d840ab" testId="eb5e8f20-0002-c645-4bf6-9d0059152464" testName="FantaSim.App.Ecs.Tests.EcsServiceTests.ListWorlds_returns_all_created_worlds" computerName="Juis-Mac-mini" duration="00:00:00.0825335" startTime="2026-06-19T16:42:32.0223830+08:00" endTime="2026-06-19T16:42:32.0223830+08:00" testType="13cdc9d9-ddb5-4fa4-a97d-d965ccfc6d4b" outcome="Passed" testListId="8c84fa94-04c1-424b-9868-57a2d4851a1d" relativeResultsDirectory="ff4d0957-de77-402f-ab63-c963c6d840ab" />
    <UnitTestResult executionId="4b82111c-373e-498d-a3f5-0c6419fcdb4e" testId="f37f0918-3193-30e6-bcac-1d7c4e015240" testName="FantaSim.App.Ecs.Tests.EcsServiceTests.DestroyWorld_removes_world_from_list" computerName="Juis-Mac-mini" duration="00:00:00.0069741" startTime="2026-06-19T16:42:32.0381290+08:00" endTime="2026-06-19T16:42:32.0381290+08:00" testType="13cdc9d9-ddb5-4fa4-a97d-d965ccfc6d4b" outcome="Passed" testListId="8c84fa94-04c1-424b-9868-57a2d4851a1d" relativeResultsDirectory="4b82111c-373e-498d-a3f5-0c6419fcdb4e" />
    <UnitTestResult executionId="ab9fdb64-01da-4fda-8a54-b817ba03e64c" testId="5351dd2c-c93e-bbed-24ca-6baa74927382" testName="FantaSim.App.Ecs.Tests.EcsServiceTests.CreateWorld_is_idempotent_for_existing_id" computerName="Juis-Mac-mini" duration="00:00:00.0025184" startTime="2026-06-19T16:42:32.0454750+08:00" endTime="2026-06-19T16:42:32.0454750+08:00" testType="13cdc9d9-ddb5-4fa4-a97d-d965ccfc6d4b" outcome="Passed" testListId="8c84fa94-04c1-424b-9868-57a2d4851a1d" relativeResultsDirectory="ab9fdb64-01da-4fda-8a54-b817ba03e64c" />
    <UnitTestResult executionId="901f6376-33a7-459c-a45e-136423580f03" testId="1e7e9a81-de08-fef7-5238-4443af0ca676" testName="FantaSim.App.Ecs.Tests.EcsServiceTests.CreateWorld_returns_snapshot_and_world_appears_in_list" computerName="Juis-Mac-mini" duration="00:00:00.0067260" startTime="2026-06-19T16:42:32.0382480+08:00" endTime="2026-06-19T16:42:32.0382480+08:00" testType="13cdc9d9-ddb5-4fa4-a97d-d965ccfc6d4b" outcome="Passed" testListId="8c84fa94-04c1-424b-9868-57a2d4851a1d" relativeResultsDirectory="901f6376-33a7-459c-a45e-136423580f03" />
    <UnitTestResult executionId="eb3432ed-2e4f-4d02-a1c0-cb80c3916740" testId="bcee7992-2d1e-5969-9c7b-bea7b6368c13" testName="FantaSim.App.Ecs.Tests.EcsSupervisorActorTests.DestroyWorld_stops_child_and_removes_it_from_supervisor_map" computerName="Juis-Mac-mini" duration="00:00:01.0107245" startTime="2026-06-19T16:42:33.0405150+08:00" endTime="2026-06-19T16:42:33.0405150+08:00" testType="13cdc9d9-ddb5-4fa4-a97d-d965ccfc6d4b" outcome="Passed" testListId="8c84fa94-04c1-424b-9868-57a2d4851a1d" relativeResultsDirectory="eb3432ed-2e4f-4d02-a1c0-cb80c3916740" />
    <UnitTestResult executionId="147322e4-0719-4d17-b433-ec0ebb2632e2" testId="45843447-4dae-d04f-d949-7d88729bdac3" testName="FantaSim.App.Ecs.Tests.EcsServiceTests.GetWorld_returns_snapshot_for_existing_world" computerName="Juis-Mac-mini" duration="00:00:00.0022192" startTime="2026-06-19T16:42:32.0384340+08:00" endTime="2026-06-19T16:42:32.0384340+08:00" testType="13cdc9d9-ddb5-4fa4-a97d-d965ccfc6d4b" outcome="Passed" testListId="8c84fa94-04c1-424b-9868-57a2d4851a1d" relativeResultsDirectory="147322e4-0719-4d17-b433-ec0ebb2632e2" />
    <UnitTestResult executionId="d81a59bb-137a-47f0-8f7e-3496517bc547" testId="22864dae-c804-2e9f-6376-8f3f68b49eba" testName="FantaSim.App.Ecs.Tests.EcsSupervisorActorTests.CreateWorld_is_idempotent_when_world_id_already_exists" computerName="Juis-Mac-mini" duration="00:00:00.0823948" startTime="2026-06-19T16:42:32.0222780+08:00" endTime="2026-06-19T16:42:32.0222780+08:00" testType="13cdc9d9-ddb5-4fa4-a97d-d965ccfc6d4b" outcome="Passed" testListId="8c84fa94-04c1-424b-9868-57a2d4851a1d" relativeResultsDirectory="d81a59bb-137a-47f0-8f7e-3496517bc547" />
    <UnitTestResult executionId="402d91a7-5529-4e57-a06a-ef51b383b2e0" testId="f98a0afe-f3bc-5e6e-d438-5d54ae1a921b" testName="FantaSim.App.Ecs.Tests.EcsWorldActorTests.Snapshot_before_initialize_reports_identity_and_uninitialized_state" computerName="Juis-Mac-mini" duration="00:00:00.0054108" startTime="2026-06-19T16:42:32.0429040+08:00" endTime="2026-06-19T16:42:32.0429040+08:00" testType="13cdc9d9-ddb5-4fa4-a97d-d965ccfc6d4b" outcome="Passed" testListId="8c84fa94-04c1-424b-9868-57a2d4851a1d" relativeResultsDirectory="402d91a7-5529-4e57-a06a-ef51b383b2e0" />
    <UnitTestResult executionId="c88171aa-e937-4ff8-916d-34e29ea7c93d" testId="547625b2-9206-3696-f6d9-081f16216689" testName="FantaSim.App.Ecs.Tests.ReduceFieldsSystemTests.Reduce_clears_contribution_buffer_in_place" computerName="Juis-Mac-mini" duration="00:00:00.0006616" startTime="2026-06-19T16:42:31.9660070+08:00" endTime="2026-06-19T16:42:31.9660070+08:00" testType="13cdc9d9-ddb5-4fa4-a97d-d965ccfc6d4b" outcome="Passed" testListId="8c84fa94-04c1-424b-9868-57a2d4851a1d" relativeResultsDirectory="c88171aa-e937-4ff8-916d-34e29ea7c93d" />
    <UnitTestResult executionId="2af5d9cb-06a3-4551-a629-a88894cb308a" testId="b6a52668-d919-ec81-d4a5-c648b244f0ab" testName="FantaSim.App.Ecs.Tests.EcsServiceTests.DestroyWorld_returns_false_for_unknown_id" computerName="Juis-Mac-mini" duration="00:00:00.0044301" startTime="2026-06-19T16:42:32.0429280+08:00" endTime="2026-06-19T16:42:32.0429280+08:00" testType="13cdc9d9-ddb5-4fa4-a97d-d965ccfc6d4b" outcome="Passed" testListId="8c84fa94-04c1-424b-9868-57a2d4851a1d" relativeResultsDirectory="2af5d9cb-06a3-4551-a629-a88894cb308a" />
    <UnitTestResult executionId="2eb4fdde-81a6-429b-91d2-45412cecf2e3" testId="3a67dac7-b50d-ec84-8c88-f6c70ff0011b" testName="FantaSim.App.Ecs.Tests.ReduceFieldsSystemTests.Direct_reduce_equals_truth_stream_materialized_reduce" computerName="Juis-Mac-mini" duration="00:00:00.0152488" startTime="2026-06-19T16:42:31.9812910+08:00" endTime="2026-06-19T16:42:31.9812910+08:00" testType="13cdc9d9-ddb5-4fa4-a97d-d965ccfc6d4b" outcome="Passed" testListId="8c84fa94-04c1-424b-9868-57a2d4851a1d" relativeResultsDirectory="2eb4fdde-81a6-429b-91d2-45412cecf2e3" />
    <UnitTestResult executionId="ec4c131b-18ef-459b-8453-460dd506e7b9" testId="bd1fd275-35f2-054e-2ebc-f7f82673eb09" testName="FantaSim.App.Ecs.Tests.ReduceFieldsSystemTests.Shuffled_contributions_reduce_to_identical_value_under_canonical_sort" computerName="Juis-Mac-mini" duration="00:00:00.0050048" startTime="2026-06-19T16:42:31.9653280+08:00" endTime="2026-06-19T16:42:31.9653280+08:00" testType="13cdc9d9-ddb5-4fa4-a97d-d965ccfc6d4b" outcome="Passed" testListId="8c84fa94-04c1-424b-9868-57a2d4851a1d" relativeResultsDirectory="ec4c131b-18ef-459b-8453-460dd506e7b9" />
  </Results>
  <TestDefinitions>
    <UnitTest name="FantaSim.App.Ecs.Tests.EcsSupervisorActorTests.DestroyWorld_returns_false_when_world_id_is_unknown" storage="/users/apprenticegc/work/lunar-horse/yokan-projects/fantasim-app-godot/project/tests/app.ecs.tests/bin/debug/net8.0/app.ecs.tests.dll" id="3e948fee-642d-9406-61c9-23209049db5f">
      <Execution id="179674c8-609f-4989-b41f-0da6ddffc7bb" />
      <TestMethod codeBase="/Users/apprenticegc/Work/lunar-horse/yokan-projects/fantasim-app-godot/project/tests/App.Ecs.Tests/bin/Debug/net8.0/App.Ecs.Tests.dll" adapterTypeName="executor://xunit/VsTestRunner2/netcoreapp" className="FantaSim.App.Ecs.Tests.EcsSupervisorActorTests" name="DestroyWorld_returns_false_when_world_id_is_unknown" />
    </UnitTest>
    <UnitTest name="FantaSim.App.Ecs.Tests.EcsSupervisorActorTests.CreateWorld_replies_with_snapshot_when_world_is_fresh" storage="/users/apprenticegc/work/lunar-horse/yokan-projects/fantasim-app-godot/project/tests/app.ecs.tests/bin/debug/net8.0/app.ecs.tests.dll" id="a6faefa3-5ca3-30ac-086b-049b7fc3c35a">
      <Execution id="757a0802-019b-4f34-b1f0-85b97f9a821f" />
      <TestMethod codeBase="/Users/apprenticegc/Work/lunar-horse/yokan-projects/fantasim-app-godot/project/tests/App.Ecs.Tests/bin/Debug/net8.0/App.Ecs.Tests.dll" adapterTypeName="executor://xunit/VsTestRunner2/netcoreapp" className="FantaSim.App.Ecs.Tests.EcsSupervisorActorTests" name="CreateWorld_replies_with_snapshot_when_world_is_fresh" />
    </UnitTest>
    <UnitTest name="FantaSim.App.Ecs.Tests.EcsSupervisorActorTests.CreateWorld_is_idempotent_when_world_id_already_exists" storage="/users/apprenticegc/work/lunar-horse/yokan-projects/fantasim-app-godot/project/tests/app.ecs.tests/bin/debug/net8.0/app.ecs.tests.dll" id="22864dae-c804-2e9f-6376-8f3f68b49eba">
      <Execution id="d81a59bb-137a-47f0-8f7e-3496517bc547" />
      <TestMethod codeBase="/Users/apprenticegc/Work/lunar-horse/yokan-projects/fantasim-app-godot/project/tests/App.Ecs.Tests/bin/Debug/net8.0/App.Ecs.Tests.dll" adapterTypeName="executor://xunit/VsTestRunner2/netcoreapp" className="FantaSim.App.Ecs.Tests.EcsSupervisorActorTests" name="CreateWorld_is_idempotent_when_world_id_already_exists" />
    </UnitTest>
    <UnitTest name="FantaSim.App.Ecs.Tests.ReduceFieldsSystemTests.Reduce_clears_contribution_buffer_in_place" storage="/users/apprenticegc/work/lunar-horse/yokan-projects/fantasim-app-godot/project/tests/app.ecs.tests/bin/debug/net8.0/app.ecs.tests.dll" id="547625b2-9206-3696-f6d9-081f16216689">
      <Execution id="c88171aa-e937-4ff8-916d-34e29ea7c93d" />
      <TestMethod codeBase="/Users/apprenticegc/Work/lunar-horse/yokan-projects/fantasim-app-godot/project/tests/App.Ecs.Tests/bin/Debug/net8.0/App.Ecs.Tests.dll" adapterTypeName="executor://xunit/VsTestRunner2/netcoreapp" className="FantaSim.App.Ecs.Tests.ReduceFieldsSystemTests" name="Reduce_clears_contribution_buffer_in_place" />
    </UnitTest>
    <UnitTest name="FantaSim.App.Ecs.Tests.EcsWorldActorTests.DestroyWorld_replies_true_and_stops_actor" storage="/users/apprenticegc/work/lunar-horse/yokan-projects/fantasim-app-godot/project/tests/app.ecs.tests/bin/debug/net8.0/app.ecs.tests.dll" id="29d59af7-acb9-08bf-ac74-74b258fd4c69">
      <Execution id="ae8d0020-1a29-4882-bf22-c9366d64ac4c" />
      <TestMethod codeBase="/Users/apprenticegc/Work/lunar-horse/yokan-projects/fantasim-app-godot/project/tests/App.Ecs.Tests/bin/Debug/net8.0/App.Ecs.Tests.dll" adapterTypeName="executor://xunit/VsTestRunner2/netcoreapp" className="FantaSim.App.Ecs.Tests.EcsWorldActorTests" name="DestroyWorld_replies_true_and_stops_actor" />
    </UnitTest>
    <UnitTest name="FantaSim.App.Ecs.Tests.EcsWorldActorTests.UpdateWorld_ticks_registered_system_and_grows_entity_count" storage="/users/apprenticegc/work/lunar-horse/yokan-projects/fantasim-app-godot/project/tests/app.ecs.tests/bin/debug/net8.0/app.ecs.tests.dll" id="d1d764b0-c4f7-005d-90e5-6aa3ae95b17e">
      <Execution id="63bb0b7b-e560-48a1-bd01-b0f3eff7fd41" />
      <TestMethod codeBase="/Users/apprenticegc/Work/lunar-horse/yokan-projects/fantasim-app-godot/project/tests/App.Ecs.Tests/bin/Debug/net8.0/App.Ecs.Tests.dll" adapterTypeName="executor://xunit/VsTestRunner2/netcoreapp" className="FantaSim.App.Ecs.Tests.EcsWorldActorTests" name="UpdateWorld_ticks_registered_system_and_grows_entity_count" />
    </UnitTest>
    <UnitTest name="FantaSim.App.Ecs.Tests.EcsServiceTests.DestroyWorld_returns_false_for_unknown_id" storage="/users/apprenticegc/work/lunar-horse/yokan-projects/fantasim-app-godot/project/tests/app.ecs.tests/bin/debug/net8.0/app.ecs.tests.dll" id="b6a52668-d919-ec81-d4a5-c648b244f0ab">
      <Execution id="2af5d9cb-06a3-4551-a629-a88894cb308a" />
      <TestMethod codeBase="/Users/apprenticegc/Work/lunar-horse/yokan-projects/fantasim-app-godot/project/tests/App.Ecs.Tests/bin/Debug/net8.0/App.Ecs.Tests.dll" adapterTypeName="executor://xunit/VsTestRunner2/netcoreapp" className="FantaSim.App.Ecs.Tests.EcsServiceTests" name="DestroyWorld_returns_false_for_unknown_id" />
    </UnitTest>
    <UnitTest name="FantaSim.App.Ecs.Tests.EcsServiceTests.DestroyWorld_removes_world_from_list" storage="/users/apprenticegc/work/lunar-horse/yokan-projects/fantasim-app-godot/project/tests/app.ecs.tests/bin/debug/net8.0/app.ecs.tests.dll" id="f37f0918-3193-30e6-bcac-1d7c4e015240">
      <Execution id="4b82111c-373e-498d-a3f5-0c6419fcdb4e" />
      <TestMethod codeBase="/Users/apprenticegc/Work/lunar-horse/yokan-projects/fantasim-app-godot/project/tests/App.Ecs.Tests/bin/Debug/net8.0/App.Ecs.Tests.dll" adapterTypeName="executor://xunit/VsTestRunner2/netcoreapp" className="FantaSim.App.Ecs.Tests.EcsServiceTests" name="DestroyWorld_removes_world_from_list" />
    </UnitTest>
    <UnitTest name="FantaSim.App.Ecs.Tests.EcsWorldActorTests.RegisterSystem_after_initialize_is_rejected_and_never_ticks" storage="/users/apprenticegc/work/lunar-horse/yokan-projects/fantasim-app-godot/project/tests/app.ecs.tests/bin/debug/net8.0/app.ecs.tests.dll" id="87c9675e-67bc-038b-ed27-6bb427b31b78">
      <Execution id="7d6940d3-4089-4af4-988b-8136683ccd3a" />
      <TestMethod codeBase="/Users/apprenticegc/Work/lunar-horse/yokan-projects/fantasim-app-godot/project/tests/App.Ecs.Tests/bin/Debug/net8.0/App.Ecs.Tests.dll" adapterTypeName="executor://xunit/VsTestRunner2/netcoreapp" className="FantaSim.App.Ecs.Tests.EcsWorldActorTests" name="RegisterSystem_after_initialize_is_rejected_and_never_ticks" />
    </UnitTest>
    <UnitTest name="FantaSim.App.Ecs.Tests.EcsServiceTests.GetWorld_returns_snapshot_for_existing_world" storage="/users/apprenticegc/work/lunar-horse/yokan-projects/fantasim-app-godot/project/tests/app.ecs.tests/bin/debug/net8.0/app.ecs.tests.dll" id="45843447-4dae-d04f-d949-7d88729bdac3">
      <Execution id="147322e4-0719-4d17-b433-ec0ebb2632e2" />
      <TestMethod codeBase="/Users/apprenticegc/Work/lunar-horse/yokan-projects/fantasim-app-godot/project/tests/App.Ecs.Tests/bin/Debug/net8.0/App.Ecs.Tests.dll" adapterTypeName="executor://xunit/VsTestRunner2/netcoreapp" className="FantaSim.App.Ecs.Tests.EcsServiceTests" name="GetWorld_returns_snapshot_for_existing_world" />
    </UnitTest>
    <UnitTest name="FantaSim.App.Ecs.Tests.EcsWorldActorTests.Snapshot_before_initialize_reports_identity_and_uninitialized_state" storage="/users/apprenticegc/work/lunar-horse/yokan-projects/fantasim-app-godot/project/tests/app.ecs.tests/bin/debug/net8.0/app.ecs.tests.dll" id="f98a0afe-f3bc-5e6e-d438-5d54ae1a921b">
      <Execution id="402d91a7-5529-4e57-a06a-ef51b383b2e0" />
      <TestMethod codeBase="/Users/apprenticegc/Work/lunar-horse/yokan-projects/fantasim-app-godot/project/tests/App.Ecs.Tests/bin/Debug/net8.0/App.Ecs.Tests.dll" adapterTypeName="executor://xunit/VsTestRunner2/netcoreapp" className="FantaSim.App.Ecs.Tests.EcsWorldActorTests" name="Snapshot_before_initialize_reports_identity_and_uninitialized_state" />
    </UnitTest>
    <UnitTest name="FantaSim.App.Ecs.Tests.ReduceFieldsSystemTests.Canonical_sort_makes_order_sensitive_reducer_deterministic" storage="/users/apprenticegc/work/lunar-horse/yokan-projects/fantasim-app-godot/project/tests/app.ecs.tests/bin/debug/net8.0/app.ecs.tests.dll" id="37e2d393-96bf-a070-f7d3-13899a4baa8d">
      <Execution id="0e46f7ee-5f60-4694-a39e-93a6182440d4" />
      <TestMethod codeBase="/Users/apprenticegc/Work/lunar-horse/yokan-projects/fantasim-app-godot/project/tests/App.Ecs.Tests/bin/Debug/net8.0/App.Ecs.Tests.dll" adapterTypeName="executor://xunit/VsTestRunner2/netcoreapp" className="FantaSim.App.Ecs.Tests.ReduceFieldsSystemTests" name="Canonical_sort_makes_order_sensitive_reducer_deterministic" />
    </UnitTest>
    <UnitTest name="FantaSim.App.Ecs.Tests.EcsSupervisorActorTests.DestroyWorld_stops_child_and_removes_it_from_supervisor_map" storage="/users/apprenticegc/work/lunar-horse/yokan-projects/fantasim-app-godot/project/tests/app.ecs.tests/bin/debug/net8.0/app.ecs.tests.dll" id="bcee7992-2d1e-5969-9c7b-bea7b6368c13">
      <Execution id="eb3432ed-2e4f-4d02-a1c0-cb80c3916740" />
      <TestMethod codeBase="/Users/apprenticegc/Work/lunar-horse/yokan-projects/fantasim-app-godot/project/tests/App.Ecs.Tests/bin/Debug/net8.0/App.Ecs.Tests.dll" adapterTypeName="executor://xunit/VsTestRunner2/netcoreapp" className="FantaSim.App.Ecs.Tests.EcsSupervisorActorTests" name="DestroyWorld_stops_child_and_removes_it_from_supervisor_map" />
    </UnitTest>
    <UnitTest name="FantaSim.App.Ecs.Tests.EcsServiceTests.CreateWorld_returns_snapshot_and_world_appears_in_list" storage="/users/apprenticegc/work/lunar-horse/yokan-projects/fantasim-app-godot/project/tests/app.ecs.tests/bin/debug/net8.0/app.ecs.tests.dll" id="1e7e9a81-de08-fef7-5238-4443af0ca676">
      <Execution id="901f6376-33a7-459c-a45e-136423580f03" />
      <TestMethod codeBase="/Users/apprenticegc/Work/lunar-horse/yokan-projects/fantasim-app-godot/project/tests/App.Ecs.Tests/bin/Debug/net8.0/App.Ecs.Tests.dll" adapterTypeName="executor://xunit/VsTestRunner2/netcoreapp" className="FantaSim.App.Ecs.Tests.EcsServiceTests" name="CreateWorld_returns_snapshot_and_world_appears_in_list" />
    </UnitTest>
    <UnitTest name="FantaSim.App.Ecs.Tests.ReduceFieldsSystemTests.Direct_reduce_equals_truth_stream_materialized_reduce" storage="/users/apprenticegc/work/lunar-horse/yokan-projects/fantasim-app-godot/project/tests/app.ecs.tests/bin/debug/net8.0/app.ecs.tests.dll" id="3a67dac7-b50d-ec84-8c88-f6c70ff0011b">
      <Execution id="2eb4fdde-81a6-429b-91d2-45412cecf2e3" />
      <TestMethod codeBase="/Users/apprenticegc/Work/lunar-horse/yokan-projects/fantasim-app-godot/project/tests/App.Ecs.Tests/bin/Debug/net8.0/App.Ecs.Tests.dll" adapterTypeName="executor://xunit/VsTestRunner2/netcoreapp" className="FantaSim.App.Ecs.Tests.ReduceFieldsSystemTests" name="Direct_reduce_equals_truth_stream_materialized_reduce" />
    </UnitTest>
    <UnitTest name="FantaSim.App.Ecs.Tests.ReduceFieldsSystemTests.Shuffled_contributions_reduce_to_identical_value_under_canonical_sort" storage="/users/apprenticegc/work/lunar-horse/yokan-projects/fantasim-app-godot/project/tests/app.ecs.tests/bin/debug/net8.0/app.ecs.tests.dll" id="bd1fd275-35f2-054e-2ebc-f7f82673eb09">
      <Execution id="ec4c131b-18ef-459b-8453-460dd506e7b9" />
      <TestMethod codeBase="/Users/apprenticegc/Work/lunar-horse/yokan-projects/fantasim-app-godot/project/tests/App.Ecs.Tests/bin/Debug/net8.0/App.Ecs.Tests.dll" adapterTypeName="executor://xunit/VsTestRunner2/netcoreapp" className="FantaSim.App.Ecs.Tests.ReduceFieldsSystemTests" name="Shuffled_contributions_reduce_to_identical_value_under_canonical_sort" />
    </UnitTest>
    <UnitTest name="FantaSim.App.Ecs.Tests.EcsWorldActorTests.InitializeWorld_flips_initialized_flag_and_second_call_is_noop" storage="/users/apprenticegc/work/lunar-horse/yokan-projects/fantasim-app-godot/project/tests/app.ecs.tests/bin/debug/net8.0/app.ecs.tests.dll" id="a00f5bde-8c84-927e-b095-91137109ee3b">
      <Execution id="596f2c16-5056-4794-9349-d3a93f90f37a" />
      <TestMethod codeBase="/Users/apprenticegc/Work/lunar-horse/yokan-projects/fantasim-app-godot/project/tests/App.Ecs.Tests/bin/Debug/net8.0/App.Ecs.Tests.dll" adapterTypeName="executor://xunit/VsTestRunner2/netcoreapp" className="FantaSim.App.Ecs.Tests.EcsWorldActorTests" name="InitializeWorld_flips_initialized_flag_and_second_call_is_noop" />
    </UnitTest>
    <UnitTest name="FantaSim.App.Ecs.Tests.EcsServiceTests.ListWorlds_returns_all_created_worlds" storage="/users/apprenticegc/work/lunar-horse/yokan-projects/fantasim-app-godot/project/tests/app.ecs.tests/bin/debug/net8.0/app.ecs.tests.dll" id="eb5e8f20-0002-c645-4bf6-9d0059152464">
      <Execution id="ff4d0957-de77-402f-ab63-c963c6d840ab" />
      <TestMethod codeBase="/Users/apprenticegc/Work/lunar-horse/yokan-projects/fantasim-app-godot/project/tests/App.Ecs.Tests/bin/Debug/net8.0/App.Ecs.Tests.dll" adapterTypeName="executor://xunit/VsTestRunner2/netcoreapp" className="FantaSim.App.Ecs.Tests.EcsServiceTests" name="ListWorlds_returns_all_created_worlds" />
    </UnitTest>
    <UnitTest name="FantaSim.App.Ecs.Tests.EcsSupervisorActorTests.UpdateAll_fans_out_update_to_all_worlds" storage="/users/apprenticegc/work/lunar-horse/yokan-projects/fantasim-app-godot/project/tests/app.ecs.tests/bin/debug/net8.0/app.ecs.tests.dll" id="8be46771-1928-df88-9ddc-abab5e1edc27">
      <Execution id="2a407262-c386-4999-965c-ef7a1b5bbaad" />
      <TestMethod codeBase="/Users/apprenticegc/Work/lunar-horse/yokan-projects/fantasim-app-godot/project/tests/App.Ecs.Tests/bin/Debug/net8.0/App.Ecs.Tests.dll" adapterTypeName="executor://xunit/VsTestRunner2/netcoreapp" className="FantaSim.App.Ecs.Tests.EcsSupervisorActorTests" name="UpdateAll_fans_out_update_to_all_worlds" />
    </UnitTest>
    <UnitTest name="FantaSim.App.Ecs.Tests.EcsServiceTests.CreateWorld_is_idempotent_for_existing_id" storage="/users/apprenticegc/work/lunar-horse/yokan-projects/fantasim-app-godot/project/tests/app.ecs.tests/bin/debug/net8.0/app.ecs.tests.dll" id="5351dd2c-c93e-bbed-24ca-6baa74927382">
      <Execution id="ab9fdb64-01da-4fda-8a54-b817ba03e64c" />
      <TestMethod codeBase="/Users/apprenticegc/Work/lunar-horse/yokan-projects/fantasim-app-godot/project/tests/App.Ecs.Tests/bin/Debug/net8.0/App.Ecs.Tests.dll" adapterTypeName="executor://xunit/VsTestRunner2/netcoreapp" className="FantaSim.App.Ecs.Tests.EcsServiceTests" name="CreateWorld_is_idempotent_for_existing_id" />
    </UnitTest>
  </TestDefinitions>
  <TestEntries>
    <TestEntry testId="a6faefa3-5ca3-30ac-086b-049b7fc3c35a" executionId="757a0802-019b-4f34-b1f0-85b97f9a821f" testListId="8c84fa94-04c1-424b-9868-57a2d4851a1d" />
    <TestEntry testId="d1d764b0-c4f7-005d-90e5-6aa3ae95b17e" executionId="63bb0b7b-e560-48a1-bd01-b0f3eff7fd41" testListId="8c84fa94-04c1-424b-9868-57a2d4851a1d" />
    <TestEntry testId="87c9675e-67bc-038b-ed27-6bb427b31b78" executionId="7d6940d3-4089-4af4-988b-8136683ccd3a" testListId="8c84fa94-04c1-424b-9868-57a2d4851a1d" />
    <TestEntry testId="8be46771-1928-df88-9ddc-abab5e1edc27" executionId="2a407262-c386-4999-965c-ef7a1b5bbaad" testListId="8c84fa94-04c1-424b-9868-57a2d4851a1d" />
    <TestEntry testId="3e948fee-642d-9406-61c9-23209049db5f" executionId="179674c8-609f-4989-b41f-0da6ddffc7bb" testListId="8c84fa94-04c1-424b-9868-57a2d4851a1d" />
    <TestEntry testId="a00f5bde-8c84-927e-b095-91137109ee3b" executionId="596f2c16-5056-4794-9349-d3a93f90f37a" testListId="8c84fa94-04c1-424b-9868-57a2d4851a1d" />
    <TestEntry testId="29d59af7-acb9-08bf-ac74-74b258fd4c69" executionId="ae8d0020-1a29-4882-bf22-c9366d64ac4c" testListId="8c84fa94-04c1-424b-9868-57a2d4851a1d" />
    <TestEntry testId="37e2d393-96bf-a070-f7d3-13899a4baa8d" executionId="0e46f7ee-5f60-4694-a39e-93a6182440d4" testListId="8c84fa94-04c1-424b-9868-57a2d4851a1d" />
    <TestEntry testId="eb5e8f20-0002-c645-4bf6-9d0059152464" executionId="ff4d0957-de77-402f-ab63-c963c6d840ab" testListId="8c84fa94-04c1-424b-9868-57a2d4851a1d" />
    <TestEntry testId="f37f0918-3193-30e6-bcac-1d7c4e015240" executionId="4b82111c-373e-498d-a3f5-0c6419fcdb4e" testListId="8c84fa94-04c1-424b-9868-57a2d4851a1d" />
    <TestEntry testId="5351dd2c-c93e-bbed-24ca-6baa74927382" executionId="ab9fdb64-01da-4fda-8a54-b817ba03e64c" testListId="8c84fa94-04c1-424b-9868-57a2d4851a1d" />
    <TestEntry testId="1e7e9a81-de08-fef7-5238-4443af0ca676" executionId="901f6376-33a7-459c-a45e-136423580f03" testListId="8c84fa94-04c1-424b-9868-57a2d4851a1d" />
    <TestEntry testId="bcee7992-2d1e-5969-9c7b-bea7b6368c13" executionId="eb3432ed-2e4f-4d02-a1c0-cb80c3916740" testListId="8c84fa94-04c1-424b-9868-57a2d4851a1d" />
    <TestEntry testId="45843447-4dae-d04f-d949-7d88729bdac3" executionId="147322e4-0719-4d17-b433-ec0ebb2632e2" testListId="8c84fa94-04c1-424b-9868-57a2d4851a1d" />
    <TestEntry testId="22864dae-c804-2e9f-6376-8f3f68b49eba" executionId="d81a59bb-137a-47f0-8f7e-3496517bc547" testListId="8c84fa94-04c1-424b-9868-57a2d4851a1d" />
    <TestEntry testId="f98a0afe-f3bc-5e6e-d438-5d54ae1a921b" executionId="402d91a7-5529-4e57-a06a-ef51b383b2e0" testListId="8c84fa94-04c1-424b-9868-57a2d4851a1d" />
    <TestEntry testId="547625b2-9206-3696-f6d9-081f16216689" executionId="c88171aa-e937-4ff8-916d-34e29ea7c93d" testListId="8c84fa94-04c1-424b-9868-57a2d4851a1d" />
    <TestEntry testId="b6a52668-d919-ec81-d4a5-c648b244f0ab" executionId="2af5d9cb-06a3-4551-a629-a88894cb308a" testListId="8c84fa94-04c1-424b-9868-57a2d4851a1d" />
    <TestEntry testId="3a67dac7-b50d-ec84-8c88-f6c70ff0011b" executionId="2eb4fdde-81a6-429b-91d2-45412cecf2e3" testListId="8c84fa94-04c1-424b-9868-57a2d4851a1d" />
    <TestEntry testId="bd1fd275-35f2-054e-2ebc-f7f82673eb09" executionId="ec4c131b-18ef-459b-8453-460dd506e7b9" testListId="8c84fa94-04c1-424b-9868-57a2d4851a1d" />
  </TestEntries>
  <TestLists>
    <TestList name="Results Not in a List" id="8c84fa94-04c1-424b-9868-57a2d4851a1d" />
    <TestList name="All Loaded Results" id="19431567-8539-422a-85d7-44ee4e166bda" />
  </TestLists>
  <ResultSummary outcome="Completed">
    <Counters total="20" executed="20" passed="20" failed="0" error="0" timeout="0" aborted="0" inconclusive="0" passedButRunAborted="0" notRunnable="0" notExecuted="0" disconnected="0" warning="0" completed="0" inProgress="0" pending="0" />
    <Output>
      <StdOut>[xUnit.net 00:00:00.00] xUnit.net VSTest Adapter v2.8.2+699d445a1a (64-bit .NET 8.0.24)
[xUnit.net 00:00:00.02]   Discovering: App.Ecs.Tests
[xUnit.net 00:00:00.03]   Discovered:  App.Ecs.Tests
[xUnit.net 00:00:00.03]   Starting:    App.Ecs.Tests
[ERROR][06/19/2026 08:42:32.010Z][Thread 0014][akka://test/user/world-acd970c5dfb24047b91adaeee09420c4] Already initialized.
Cause: System.InvalidOperationException: Already initialized.
   at FantaSim.App.Ecs.Actors.EcsWorldActor.&lt;.ctor&gt;b__5_0(RegisterSystem m) in /Users/apprenticegc/Work/lunar-horse/yokan-projects/fantasim-app-godot/project/plugins/App.Ecs/Actors/EcsWorldActor.cs:line 30
   at lambda_method47(Closure, Object, Action`1, Action`1, Action`1, Action`1, Action`1)
   at Akka.Tools.MatchHandler.PartialHandlerArgumentsCapture`6.Handle(T value)
   at Akka.Actor.ReceiveActor.ExecutePartialMessageHandler(Object message, PartialAction`1 partialAction)
   at Akka.Actor.ReceiveActor.OnReceive(Object message)
   at Akka.Actor.UntypedActor.Receive(Object message)
   at Akka.Actor.ActorBase.AroundReceive(Receive receive, Object message)
   at Akka.Actor.ActorCell.ReceiveMessage(Object message)
   at Akka.Actor.ActorCell.Invoke(Envelope envelope)
[ERROR][06/19/2026 08:42:32.012Z][Thread 0014][akka://test/user/world-acd970c5dfb24047b91adaeee09420c4] Call Initialize() before Update().
Cause: System.InvalidOperationException: Call Initialize() before Update().
   at UnifyECS.ArchSystemRunner.Update(Single deltaTime)
   at FantaSim.App.Ecs.Actors.EcsWorldActor.&lt;.ctor&gt;b__5_2(UpdateWorld m) in /Users/apprenticegc/Work/lunar-horse/yokan-projects/fantasim-app-godot/project/plugins/App.Ecs/Actors/EcsWorldActor.cs:line 42
   at lambda_method47(Closure, Object, Action`1, Action`1, Action`1, Action`1, Action`1)
   at Akka.Tools.MatchHandler.PartialHandlerArgumentsCapture`6.Handle(T value)
   at Akka.Actor.ReceiveActor.ExecutePartialMessageHandler(Object message, PartialAction`1 partialAction)
   at Akka.Actor.ReceiveActor.OnReceive(Object message)
   at Akka.Actor.UntypedActor.Receive(Object message)
   at Akka.Actor.ActorBase.AroundReceive(Receive receive, Object message)
   at Akka.Actor.ActorCell.ReceiveMessage(Object message)
   at Akka.Actor.ActorCell.Invoke(Envelope envelope)
[ERROR][06/19/2026 08:42:32.012Z][Thread 0020][akka://test/user/world-acd970c5dfb24047b91adaeee09420c4] Call Initialize() before Update().
Cause: System.InvalidOperationException: Call Initialize() before Update().
   at UnifyECS.ArchSystemRunner.Update(Single deltaTime)
   at FantaSim.App.Ecs.Actors.EcsWorldActor.&lt;.ctor&gt;b__5_2(UpdateWorld m) in /Users/apprenticegc/Work/lunar-horse/yokan-projects/fantasim-app-godot/project/plugins/App.Ecs/Actors/EcsWorldActor.cs:line 42
   at lambda_method47(Closure, Object, Action`1, Action`1, Action`1, Action`1, Action`1)
   at Akka.Tools.MatchHandler.PartialHandlerArgumentsCapture`6.Handle(T value)
   at Akka.Actor.ReceiveActor.ExecutePartialMessageHandler(Object message, PartialAction`1 partialAction)
   at Akka.Actor.ReceiveActor.OnReceive(Object message)
   at Akka.Actor.UntypedActor.Receive(Object message)
   at Akka.Actor.ActorBase.AroundReceive(Receive receive, Object message)
   at Akka.Actor.ActorCell.ReceiveMessage(Object message)
   at Akka.Actor.ActorCell.Invoke(Envelope envelope)
[INFO][06/19/2026 08:42:32.016Z][Thread 0020][CoordinatedShutdown (akka://test)] CoordinatedShutdown invoked due to [Reason:Akka.Actor.CoordinatedShutdown+ActorSystemTerminateReason]. Exiting with [ExitCode:0].
[INFO][06/19/2026 08:42:32.016Z][Thread 0017][CoordinatedShutdown (akka://test)] CoordinatedShutdown invoked due to [Reason:Akka.Actor.CoordinatedShutdown+ActorSystemTerminateReason]. Exiting with [ExitCode:0].
[INFO][06/19/2026 08:42:32.016Z][Thread 0013][CoordinatedShutdown (akka://ecs-svc-tests-df5f15bbc23544b5beca2d7e52f816de)] CoordinatedShutdown invoked due to [Reason:Akka.Actor.CoordinatedShutdown+ActorSystemTerminateReason]. Exiting with [ExitCode:0].
[INFO][06/19/2026 08:42:32.028Z][Thread 0013][CoordinatedShutdown (akka://ecs-svc-tests-78022edb3eda4124b046b99b0f612042)] CoordinatedShutdown invoked due to [Reason:Akka.Actor.CoordinatedShutdown+ActorSystemTerminateReason]. Exiting with [ExitCode:0].
[INFO][06/19/2026 08:42:32.028Z][Thread 0017][CoordinatedShutdown (akka://test)] CoordinatedShutdown invoked due to [Reason:Akka.Actor.CoordinatedShutdown+ActorSystemTerminateReason]. Exiting with [ExitCode:0].
[INFO][06/19/2026 08:42:32.033Z][Thread 0021][CoordinatedShutdown (akka://test)] CoordinatedShutdown invoked due to [Reason:Akka.Actor.CoordinatedShutdown+ActorSystemTerminateReason]. Exiting with [ExitCode:0].
[INFO][06/19/2026 08:42:32.035Z][Thread 0013][CoordinatedShutdown (akka://ecs-svc-tests-88a16bc1a84647a886c512092a5f2019)] CoordinatedShutdown invoked due to [Reason:Akka.Actor.CoordinatedShutdown+ActorSystemTerminateReason]. Exiting with [ExitCode:0].
[INFO][06/19/2026 08:42:32.037Z][Thread 0020][CoordinatedShutdown (akka://test)] CoordinatedShutdown invoked due to [Reason:Akka.Actor.CoordinatedShutdown+ActorSystemTerminateReason]. Exiting with [ExitCode:0].
[INFO][06/19/2026 08:42:32.038Z][Thread 0013][CoordinatedShutdown (akka://ecs-svc-tests-7ea2d1bdac72497bb8eb6108ba4c48ed)] CoordinatedShutdown invoked due to [Reason:Akka.Actor.CoordinatedShutdown+ActorSystemTerminateReason]. Exiting with [ExitCode:0].
[INFO][06/19/2026 08:42:32.042Z][Thread 0018][CoordinatedShutdown (akka://test)] CoordinatedShutdown invoked due to [Reason:Akka.Actor.CoordinatedShutdown+ActorSystemTerminateReason]. Exiting with [ExitCode:0].
[INFO][06/19/2026 08:42:32.042Z][Thread 0013][CoordinatedShutdown (akka://ecs-svc-tests-dbfe9a4bb6c54069ad2ca2e66aa7f43d)] CoordinatedShutdown invoked due to [Reason:Akka.Actor.CoordinatedShutdown+ActorSystemTerminateReason]. Exiting with [ExitCode:0].
[INFO][06/19/2026 08:42:32.045Z][Thread 0013][CoordinatedShutdown (akka://ecs-svc-tests-db1c56dbe09e462fa77ec840c7e065c7)] CoordinatedShutdown invoked due to [Reason:Akka.Actor.CoordinatedShutdown+ActorSystemTerminateReason]. Exiting with [ExitCode:0].
[INFO][06/19/2026 08:42:32.045Z][Thread 0018][CoordinatedShutdown (akka://test)] CoordinatedShutdown invoked due to [Reason:Akka.Actor.CoordinatedShutdown+ActorSystemTerminateReason]. Exiting with [ExitCode:0].
[INFO][06/19/2026 08:42:33.039Z][Thread 0017][CoordinatedShutdown (akka://test)] CoordinatedShutdown invoked due to [Reason:Akka.Actor.CoordinatedShutdown+ActorSystemTerminateReason]. Exiting with [ExitCode:0].
[INFO][06/19/2026 08:42:33.052Z][Thread 0017][CoordinatedShutdown (akka://test)] CoordinatedShutdown invoked due to [Reason:Akka.Actor.CoordinatedShutdown+ActorSystemTerminateReason]. Exiting with [ExitCode:0].
[INFO][06/19/2026 08:42:33.059Z][Thread 0017][CoordinatedShutdown (akka://test)] CoordinatedShutdown invoked due to [Reason:Akka.Actor.CoordinatedShutdown+ActorSystemTerminateReason]. Exiting with [ExitCode:0].
[xUnit.net 00:00:01.17]   Finished:    App.Ecs.Tests
</StdOut>
    </Output>
  </ResultSummary>
</TestRun>