<?xml version="1.0" encoding="utf-8"?>
<TestRun id="4a791bbb-d31e-41db-a75a-484629c737f7" name="@Juis-Mac-mini 2026-06-19 14:53:56" xmlns="http://microsoft.com/schemas/VisualStudio/TeamTest/2010">
  <Times creation="2026-06-19T14:53:56.2302120+08:00" queuing="2026-06-19T14:53:56.2302120+08:00" start="2026-06-19T14:53:55.6323340+08:00" finish="2026-06-19T14:53:56.2382260+08:00" />
  <TestSettings name="default" id="8d8cedb9-1fbb-41fa-9239-53663ad0ac0d">
    <Deployment runDeploymentRoot="_Juis-Mac-mini_2026-06-19_14_53_56" />
  </TestSettings>
  <Results>
    <UnitTestResult executionId="e4625ef5-0da8-42b3-9095-53d1c317f87f" testId="8bdf1c82-3193-9821-8372-92eea6155820" testName="FantaSim.App.World.Projection.Tests.FieldProjectionServiceTests.GenerationChanged_observable_emits_after_generation_change" computerName="Juis-Mac-mini" duration="00:00:00.0028379" startTime="2026-06-19T14:53:56.1755200+08:00" endTime="2026-06-19T14:53:56.1755200+08:00" testType="13cdc9d9-ddb5-4fa4-a97d-d965ccfc6d4b" outcome="Passed" testListId="8c84fa94-04c1-424b-9868-57a2d4851a1d" relativeResultsDirectory="e4625ef5-0da8-42b3-9095-53d1c317f87f" />
    <UnitTestResult executionId="a87c1c92-40d1-47b0-b318-1f039f3d50ee" testId="ff15ab70-c95f-3f0e-80e7-93b4134badd7" testName="FantaSim.App.World.Projection.Tests.FieldProjectionServiceTests.Collection_keeps_configured_fields_but_clears_unreported_values_after_change" computerName="Juis-Mac-mini" duration="00:00:00.0002941" startTime="2026-06-19T14:53:56.1769880+08:00" endTime="2026-06-19T14:53:56.1769880+08:00" testType="13cdc9d9-ddb5-4fa4-a97d-d965ccfc6d4b" outcome="Passed" testListId="8c84fa94-04c1-424b-9868-57a2d4851a1d" relativeResultsDirectory="a87c1c92-40d1-47b0-b318-1f039f3d50ee" />
    <UnitTestResult executionId="c1d5a162-e0da-443d-b846-0b8a1e3d2a87" testId="bba67945-93e8-48ec-c2a5-8676d45e4ef7" testName="FantaSim.App.World.Projection.Tests.FieldProjectionServiceTests.Collection_refreshes_to_latest_values_after_generation_change" computerName="Juis-Mac-mini" duration="00:00:00.0074434" startTime="2026-06-19T14:53:56.1728360+08:00" endTime="2026-06-19T14:53:56.1728440+08:00" testType="13cdc9d9-ddb5-4fa4-a97d-d965ccfc6d4b" outcome="Passed" testListId="8c84fa94-04c1-424b-9868-57a2d4851a1d" relativeResultsDirectory="c1d5a162-e0da-443d-b846-0b8a1e3d2a87" />
    <UnitTestResult executionId="11ed36d1-4d2e-4758-ad8d-9b23784f1464" testId="4dda943c-e012-a033-73e4-01d21cccd742" testName="FantaSim.App.World.Projection.Tests.FieldProjectionServiceTests.Collection_count_matches_seeded_fields_after_construction" computerName="Juis-Mac-mini" duration="00:00:00.0012414" startTime="2026-06-19T14:53:56.1766910+08:00" endTime="2026-06-19T14:53:56.1766910+08:00" testType="13cdc9d9-ddb5-4fa4-a97d-d965ccfc6d4b" outcome="Passed" testListId="8c84fa94-04c1-424b-9868-57a2d4851a1d" relativeResultsDirectory="11ed36d1-4d2e-4758-ad8d-9b23784f1464" />
  </Results>
  <TestDefinitions>
    <UnitTest name="FantaSim.App.World.Projection.Tests.FieldProjectionServiceTests.Collection_refreshes_to_latest_values_after_generation_change" storage="/users/apprenticegc/work/lunar-horse/yokan-projects/fantasim-app-godot/project/tests/app.world.projection.tests/bin/debug/net8.0/app.world.projection.tests.dll" id="bba67945-93e8-48ec-c2a5-8676d45e4ef7">
      <Execution id="c1d5a162-e0da-443d-b846-0b8a1e3d2a87" />
      <TestMethod codeBase="/Users/apprenticegc/Work/lunar-horse/yokan-projects/fantasim-app-godot/project/tests/App.World.Projection.Tests/bin/Debug/net8.0/App.World.Projection.Tests.dll" adapterTypeName="executor://xunit/VsTestRunner2/netcoreapp" className="FantaSim.App.World.Projection.Tests.FieldProjectionServiceTests" name="Collection_refreshes_to_latest_values_after_generation_change" />
    </UnitTest>
    <UnitTest name="FantaSim.App.World.Projection.Tests.FieldProjectionServiceTests.Collection_count_matches_seeded_fields_after_construction" storage="/users/apprenticegc/work/lunar-horse/yokan-projects/fantasim-app-godot/project/tests/app.world.projection.tests/bin/debug/net8.0/app.world.projection.tests.dll" id="4dda943c-e012-a033-73e4-01d21cccd742">
      <Execution id="11ed36d1-4d2e-4758-ad8d-9b23784f1464" />
      <TestMethod codeBase="/Users/apprenticegc/Work/lunar-horse/yokan-projects/fantasim-app-godot/project/tests/App.World.Projection.Tests/bin/Debug/net8.0/App.World.Projection.Tests.dll" adapterTypeName="executor://xunit/VsTestRunner2/netcoreapp" className="FantaSim.App.World.Projection.Tests.FieldProjectionServiceTests" name="Collection_count_matches_seeded_fields_after_construction" />
    </UnitTest>
    <UnitTest name="FantaSim.App.World.Projection.Tests.FieldProjectionServiceTests.Collection_keeps_configured_fields_but_clears_unreported_values_after_change" storage="/users/apprenticegc/work/lunar-horse/yokan-projects/fantasim-app-godot/project/tests/app.world.projection.tests/bin/debug/net8.0/app.world.projection.tests.dll" id="ff15ab70-c95f-3f0e-80e7-93b4134badd7">
      <Execution id="a87c1c92-40d1-47b0-b318-1f039f3d50ee" />
      <TestMethod codeBase="/Users/apprenticegc/Work/lunar-horse/yokan-projects/fantasim-app-godot/project/tests/App.World.Projection.Tests/bin/Debug/net8.0/App.World.Projection.Tests.dll" adapterTypeName="executor://xunit/VsTestRunner2/netcoreapp" className="FantaSim.App.World.Projection.Tests.FieldProjectionServiceTests" name="Collection_keeps_configured_fields_but_clears_unreported_values_after_change" />
    </UnitTest>
    <UnitTest name="FantaSim.App.World.Projection.Tests.FieldProjectionServiceTests.GenerationChanged_observable_emits_after_generation_change" storage="/users/apprenticegc/work/lunar-horse/yokan-projects/fantasim-app-godot/project/tests/app.world.projection.tests/bin/debug/net8.0/app.world.projection.tests.dll" id="8bdf1c82-3193-9821-8372-92eea6155820">
      <Execution id="e4625ef5-0da8-42b3-9095-53d1c317f87f" />
      <TestMethod codeBase="/Users/apprenticegc/Work/lunar-horse/yokan-projects/fantasim-app-godot/project/tests/App.World.Projection.Tests/bin/Debug/net8.0/App.World.Projection.Tests.dll" adapterTypeName="executor://xunit/VsTestRunner2/netcoreapp" className="FantaSim.App.World.Projection.Tests.FieldProjectionServiceTests" name="GenerationChanged_observable_emits_after_generation_change" />
    </UnitTest>
  </TestDefinitions>
  <TestEntries>
    <TestEntry testId="8bdf1c82-3193-9821-8372-92eea6155820" executionId="e4625ef5-0da8-42b3-9095-53d1c317f87f" testListId="8c84fa94-04c1-424b-9868-57a2d4851a1d" />
    <TestEntry testId="ff15ab70-c95f-3f0e-80e7-93b4134badd7" executionId="a87c1c92-40d1-47b0-b318-1f039f3d50ee" testListId="8c84fa94-04c1-424b-9868-57a2d4851a1d" />
    <TestEntry testId="bba67945-93e8-48ec-c2a5-8676d45e4ef7" executionId="c1d5a162-e0da-443d-b846-0b8a1e3d2a87" testListId="8c84fa94-04c1-424b-9868-57a2d4851a1d" />
    <TestEntry testId="4dda943c-e012-a033-73e4-01d21cccd742" executionId="11ed36d1-4d2e-4758-ad8d-9b23784f1464" testListId="8c84fa94-04c1-424b-9868-57a2d4851a1d" />
  </TestEntries>
  <TestLists>
    <TestList name="Results Not in a List" id="8c84fa94-04c1-424b-9868-57a2d4851a1d" />
    <TestList name="All Loaded Results" id="19431567-8539-422a-85d7-44ee4e166bda" />
  </TestLists>
  <ResultSummary outcome="Completed">
    <Counters total="4" executed="4" passed="4" failed="0" error="0" timeout="0" aborted="0" inconclusive="0" passedButRunAborted="0" notRunnable="0" notExecuted="0" disconnected="0" warning="0" completed="0" inProgress="0" pending="0" />
    <Output>
      <StdOut>[xUnit.net 00:00:00.00] xUnit.net VSTest Adapter v2.8.2+699d445a1a (64-bit .NET 8.0.24)
[xUnit.net 00:00:00.03]   Discovering: App.World.Projection.Tests
[xUnit.net 00:00:00.07]   Discovered:  App.World.Projection.Tests
[xUnit.net 00:00:00.07]   Starting:    App.World.Projection.Tests
[xUnit.net 00:00:00.10]   Finished:    App.World.Projection.Tests
</StdOut>
    </Output>
  </ResultSummary>
</TestRun>