  Determining projects to restore...
  Restored /Users/apprenticegc/Work/lunar-horse/yokan-projects/fantasim-app-godot/project/contracts/App.SceneFlow/App.SceneFlow.csproj (in 205 ms).
  Restored /Users/apprenticegc/Work/lunar-horse/yokan-projects/fantasim-app-godot/project/contracts/App.Ecs/App.Ecs.csproj (in 205 ms).
  Restored /Users/apprenticegc/Work/lunar-horse/yokan-projects/fantasim-app-godot/project/hosts/complete-app/complete-app.csproj (in 206 ms).
  Restored /Users/apprenticegc/Work/lunar-horse/yokan-projects/fantasim-app-godot/project/tests/App.Ecs.Tests/App.Ecs.Tests.csproj (in 207 ms).
  Restored /Users/apprenticegc/Work/lunar-horse/yokan-projects/fantasim-app-godot/project/plugins/App.Ecs/App.Ecs.csproj (in 206 ms).
  Restored /Users/apprenticegc/Work/lunar-horse/yokan-projects/fantasim-app-godot/project/tests/App.Ui.Tests/App.Ui.Tests.csproj (in 206 ms).
  Restored /Users/apprenticegc/Work/lunar-horse/yokan-projects/fantasim-app-godot/project/plugins/App.Resource/App.Resource.csproj (in 206 ms).
  Restored /Users/apprenticegc/Work/lunar-horse/yokan-projects/fantasim-app-godot/project/contracts/App.Resource/App.Resource.csproj (in 205 ms).
  Restored /Users/apprenticegc/Work/lunar-horse/yokan-projects/fantasim-app-godot/project/contracts/App.Ui/App.Ui.csproj (in 204 ms).
  Restored /Users/apprenticegc/Work/lunar-horse/yokan-projects/fantasim-app-godot/project/plugins/App.Resource.Bundle.Seam/App.Resource.Bundle.Seam.csproj (in 207 ms).
  Restored /Users/apprenticegc/Work/lunar-horse/yokan-projects/fantasim-app-godot/project/plugins/App.SceneFlow/App.SceneFlow.csproj (in 2 ms).
  Restored /Users/apprenticegc/Work/lunar-horse/yokan-projects/fantasim-app-godot/project/plugins/App.Ui/App.Ui.csproj (in 2 ms).
  Restored /Users/apprenticegc/Work/lunar-horse/yokan-projects/fantasim-app-godot/project/tests/App.SceneFlow.Tests/App.SceneFlow.Tests.csproj (in 2 ms).
  Restored /Users/apprenticegc/Work/lunar-horse/yokan-projects/fantasim-app-godot/project/plugins/App.Ui.Seam/App.Ui.Seam.csproj (in 2 ms).
  Restored /Users/apprenticegc/Work/lunar-horse/yokan-projects/fantasim-app-godot/project/tests/App.Resource.Tests/App.Resource.Tests.csproj (in 3 ms).
  Restored /Users/apprenticegc/Work/lunar-horse/yokan-projects/fantasim-app-godot/project/plugins/App.Common/App.Common.csproj (in 9 ms).
  App.Resource -> /Users/apprenticegc/Work/lunar-horse/yokan-projects/fantasim-app-godot/project/contracts/App.Resource/bin/Debug/netstandard2.1/FantaSim.App.Resource.Contracts.dll
  App.SceneFlow -> /Users/apprenticegc/Work/lunar-horse/yokan-projects/fantasim-app-godot/project/contracts/App.SceneFlow/bin/Debug/netstandard2.1/FantaSim.App.SceneFlow.Contracts.dll
  App.Ecs -> /Users/apprenticegc/Work/lunar-horse/yokan-projects/fantasim-app-godot/project/contracts/App.Ecs/bin/Debug/net8.0/FantaSim.App.Ecs.Contracts.dll
  App.Ui -> /Users/apprenticegc/Work/lunar-horse/yokan-projects/fantasim-app-godot/project/contracts/App.Ui/bin/Debug/net8.0/FantaSim.App.Ui.Contracts.dll
  App.Common -> /Users/apprenticegc/Work/lunar-horse/yokan-projects/fantasim-app-godot/project/plugins/App.Common/bin/Debug/net8.0/FantaSim.App.Common.dll
  App.SceneFlow -> /Users/apprenticegc/Work/lunar-horse/yokan-projects/fantasim-app-godot/project/plugins/App.SceneFlow/bin/Debug/net8.0/FantaSim.App.SceneFlow.dll
  App.Resource -> /Users/apprenticegc/Work/lunar-horse/yokan-projects/fantasim-app-godot/project/plugins/App.Resource/bin/Debug/net8.0/FantaSim.App.Resource.dll
  App.Ui -> /Users/apprenticegc/Work/lunar-horse/yokan-projects/fantasim-app-godot/project/plugins/App.Ui/bin/Debug/net8.0/FantaSim.App.Ui.dll
  App.Ecs -> /Users/apprenticegc/Work/lunar-horse/yokan-projects/fantasim-app-godot/project/plugins/App.Ecs/bin/Debug/net8.0/FantaSim.App.Ecs.dll
  App.SceneFlow.Tests -> /Users/apprenticegc/Work/lunar-horse/yokan-projects/fantasim-app-godot/project/tests/App.SceneFlow.Tests/bin/Debug/net8.0/App.SceneFlow.Tests.dll
  App.Resource.Tests -> /Users/apprenticegc/Work/lunar-horse/yokan-projects/fantasim-app-godot/project/tests/App.Resource.Tests/bin/Debug/net8.0/App.Resource.Tests.dll
  App.Ui.Seam -> /Users/apprenticegc/Work/lunar-horse/yokan-projects/fantasim-app-godot/project/plugins/App.Ui.Seam/.godot/mono/temp/bin/Debug/FantaSim.App.Ui.Seam.dll
  App.Resource.Bundle.Seam -> /Users/apprenticegc/Work/lunar-horse/yokan-projects/fantasim-app-godot/project/plugins/App.Resource.Bundle.Seam/.godot/mono/temp/bin/Debug/FantaSim.App.Resource.Bundle.Seam.dll
  App.Ecs.Tests -> /Users/apprenticegc/Work/lunar-horse/yokan-projects/fantasim-app-godot/project/tests/App.Ecs.Tests/bin/Debug/net8.0/App.Ecs.Tests.dll
  App.Ui.Tests -> /Users/apprenticegc/Work/lunar-horse/yokan-projects/fantasim-app-godot/project/tests/App.Ui.Tests/bin/Debug/net8.0/App.Ui.Tests.dll
  complete-app -> /Users/apprenticegc/Work/lunar-horse/yokan-projects/fantasim-app-godot/project/hosts/complete-app/.godot/mono/temp/bin/Debug/complete-app.dll

Build succeeded.
    0 Warning(s)
    0 Error(s)

Time Elapsed 00:00:04.43
