# Task 9 - Independent Visual/Functional QA Pass (UI/status perspective)
# Generated: 2026-06-19
# Verdict: REVISE
# Task 9 confirmed from fallback-removal perspective: YES
# Task 9 confirmed from full runtime-mode reporting perspective: NO (blocking gap noted)

## Evidence surface

No rendered screenshot was produced in this headless environment. This pass relies on:
- Source-code inspection of ViewRenderer.cs, ViewHost.cs, Host.cs, complete-app.csproj, Bootstrap.cs
- Existing build/test/export/headless smoke evidence in .omo/evidence/task-9-iii-runtime-spine.qa.log
- Git diff of the four Task-9-modified files
- Grep results for stale fallback string and forbidden boundary references

## Checks performed

### 1. Stale fallback string removed

Command: grep -R "iii + Hermes" project/
Result: No matches found.

The stale runtime-mode fallback string "iii + Hermes through App.Command" is absent from the repository.

### 2. Replacement fallback is truthful to delivered runtime

File: project/plugins/App.Ui.Seam/ViewRenderer.cs:196
Change:
  - Before: Text(agentRuntime, "runtime", "iii + Hermes through App.Command")
  + After:  Text(agentRuntime, "runtime", "local in-process orchestration")

The replacement text matches the actual Task 9 runtime wiring:
- Host.cs registers FantaSim.App.Command.Orchestration.LocalOrchestrator as IWorldOrchestration
- LocalOrchestrator is described in source comments as in-process, no Hermes/Python, no native iii bridge
- The IiiBridgeOrchestrator stub is explicitly deferred and throws NotImplementedException

No Hermes, Python, Rust iii bridge, App.Agent, or App.Stage references were introduced by Task 9. The only remaining "Hermes" occurrence in ViewRenderer.cs is the pre-existing Subtitle label at line 153, which is outside Task 9's scope.

### 3. No visual redesign, theme/layout/component churn, or shell binding changes

Git diff of Task 9 files shows:
- Host.cs: added ComposeWorld, ComposeProjection, ComposeCommand methods; no UI code
- complete-app.csproj: added three ProjectReference entries; no UI code
- Bootstrap.cs: added three SharedAssemblyPolicy prefixes; no UI code
- ViewRenderer.cs: one line changed (fallback string only)

No changes to:
- Colors, spacing, typography, borders, corner radii, padding, alpha values
- Control anchoring, size flags, layout presets, autowrap/clip settings
- Label construction helpers (MakeLabel, MakePairRow, MakeItemPanel, ItemBackground)
- Theme/stylebox overrides, RuntimeSurfaceTheme, Badge helpers
- Godot shell binding conventions (SetLabel, Find<T>, BindAction, NormalizeLabels)

Existing Godot shell binding conventions remain fully intact.

### 4. Visual-qa relevant dimensions

- Real UI code, not pasted image: confirmed. ViewRenderer builds a live Godot node tree via RuntimeSurfaceRenderer and shell scene instantiation.
- Functional status text: the runtime-mode label is data-driven with fallback. When agentRuntime JSON contains a "runtime" field, that value is displayed; otherwise the fallback is shown.
- CJK/wrapping risk: the replacement string "local in-process orchestration" is plain ASCII, same length class as the old fallback, and uses AutowrapMode.WordSmart only for dynamically generated labels. No new wrapping risk introduced.
- Alpha/layout risk: no visual property changes. Alpha values in ViewHost/ViewRenderer unchanged. Layout code unchanged.

### 5. Runtime-mode reporting strength assessment

The plan required: "Replace old ViewRenderer.cs:196 fallback with real orchestration health/runtime mode."

What was delivered: only the fallback text was changed from a false Hermes string to a truthful local-orchestration string. No new data source actively populates agentRuntime.runtime with actual orchestration health from LocalOrchestrator or IWorldOrchestration. Grep confirms the "runtime" field is read only in ViewRenderer.cs and written nowhere.

This means:
- When model data is present and contains a runtime value, the UI displays it.
- When model data is missing, the UI still shows a static fallback rather than real command/orchestration health.

This is a blocking gap relative to the plan's wording "real orchestration health/runtime mode." The fallback is truthful, but it is not active health reporting.

## Summary

- Stale fallback removed: PASS
- Replacement truthful to delivered runtime: PASS
- No visual/theme/layout churn: PASS
- Existing Godot shell conventions preserved: PASS
- Real orchestration health exposed in UI: FAIL / NOT IMPLEMENTED

## Final verdict

REVISE.

Task 9 is confirmed from the narrow UI/status perspective of removing the stale Hermes fallback and replacing it with truthful local-in-process wording. It is not confirmed from the broader runtime-mode reporting perspective because it stops at fallback-text replacement and does not wire real orchestration health into the UI data model. The single-line change is correct and safe, but the plan's requirement for "real orchestration health/runtime mode" remains unmet.
