Initialize godot-rust (API v4.6.stable.official, runtime v4.7.stable.mono.official, safeguards strict)
Godot Engine v4.7.stable.mono.official.5b4e0cb0f - https://godotengine.org
Metal 4.0 - Forward+ - Using Device #0: Apple - Apple M4 (Apple9)

[CommonResidentLayer] hooking load context 'IsolatedComponentLoadContext(/Users/apprenticegc/Work/lunar-horse/yokan-projects/fantasim-app-godot/build/_artifacts/0.1.2/godot/osx/complete-app.app/Contents/Resources/data_complete-app_macos_arm64/complete-app.dll)'.
[CommonResidentLayer] extracted 38 assemblies from common.pck; serving on demand via the component ALC's Resolving.
[CommonResidentLayer] resolving: FantaSim.App.Timeline.Contracts, Version=1.0.0.0, Culture=neutral, PublicKeyToken=null -> /var/folders/59/0m_qs0hj5312yyc2c2zg_mf00000gn/T/fantasim_bundles/37412-dbdff4bc3d7c48008c71112b21bf3abb/common/1/FantaSim.App.Timeline.Contracts.dll
[CommonResidentLayer] resolving: FantaSim.App.GpuCompute.Contracts, Version=1.0.0.0, Culture=neutral, PublicKeyToken=null -> /var/folders/59/0m_qs0hj5312yyc2c2zg_mf00000gn/T/fantasim_bundles/37412-dbdff4bc3d7c48008c71112b21bf3abb/common/1/FantaSim.App.GpuCompute.Contracts.dll
[CommonResidentLayer] resolving: FantaSim.App.GpuShader.Contracts, Version=1.0.0.0, Culture=neutral, PublicKeyToken=null -> /var/folders/59/0m_qs0hj5312yyc2c2zg_mf00000gn/T/fantasim_bundles/37412-dbdff4bc3d7c48008c71112b21bf3abb/common/1/FantaSim.App.GpuShader.Contracts.dll
[CommonResidentLayer] resolving: UnifyStorage.Abstractions, Version=0.1.1.0, Culture=neutral, PublicKeyToken=null -> /var/folders/59/0m_qs0hj5312yyc2c2zg_mf00000gn/T/fantasim_bundles/37412-dbdff4bc3d7c48008c71112b21bf3abb/common/1/UnifyStorage.Abstractions.dll
[CommonResidentLayer] resolving: Akka, Version=1.5.69.0, Culture=neutral, PublicKeyToken=null -> /var/folders/59/0m_qs0hj5312yyc2c2zg_mf00000gn/T/fantasim_bundles/37412-dbdff4bc3d7c48008c71112b21bf3abb/common/1/Akka.dll
[CommonResidentLayer] resolving: MessagePipe, Version=1.7.3.0, Culture=neutral, PublicKeyToken=df4c250b14d82627 -> /var/folders/59/0m_qs0hj5312yyc2c2zg_mf00000gn/T/fantasim_bundles/37412-dbdff4bc3d7c48008c71112b21bf3abb/common/1/MessagePipe.dll
[CommonResidentLayer] resolving: FantaSim.App.Camera.Contracts, Version=1.0.0.0, Culture=neutral, PublicKeyToken=null -> /var/folders/59/0m_qs0hj5312yyc2c2zg_mf00000gn/T/fantasim_bundles/37412-dbdff4bc3d7c48008c71112b21bf3abb/common/1/FantaSim.App.Camera.Contracts.dll
[CommonResidentLayer] resolving: FantaSim.App.Command.Contracts, Version=1.0.0.0, Culture=neutral, PublicKeyToken=null -> /var/folders/59/0m_qs0hj5312yyc2c2zg_mf00000gn/T/fantasim_bundles/37412-dbdff4bc3d7c48008c71112b21bf3abb/common/1/FantaSim.App.Command.Contracts.dll
[CommonResidentLayer] resolving: UnifyEcs.Core, Version=0.1.1.0, Culture=neutral, PublicKeyToken=null -> /var/folders/59/0m_qs0hj5312yyc2c2zg_mf00000gn/T/fantasim_bundles/37412-dbdff4bc3d7c48008c71112b21bf3abb/common/1/UnifyEcs.Core.dll
[CommonResidentLayer] resolving: UnifyEcs.Runtime.Arch, Version=0.1.1.0, Culture=neutral, PublicKeyToken=null -> /var/folders/59/0m_qs0hj5312yyc2c2zg_mf00000gn/T/fantasim_bundles/37412-dbdff4bc3d7c48008c71112b21bf3abb/common/1/UnifyEcs.Runtime.Arch.dll
[CommonResidentLayer] resolving: Arch, Version=2.0.0.0, Culture=neutral, PublicKeyToken=null -> /var/folders/59/0m_qs0hj5312yyc2c2zg_mf00000gn/T/fantasim_bundles/37412-dbdff4bc3d7c48008c71112b21bf3abb/common/1/Arch.dll
[CommonResidentLayer] resolving: FantaSim.World.Fields.Contracts, Version=0.0.0.0, Culture=neutral, PublicKeyToken=null -> /var/folders/59/0m_qs0hj5312yyc2c2zg_mf00000gn/T/fantasim_bundles/37412-dbdff4bc3d7c48008c71112b21bf3abb/common/1/FantaSim.World.Fields.Contracts.dll
[CommonResidentLayer] resolving: TimeDete.Time.Primitives, Version=0.1.1.0, Culture=neutral, PublicKeyToken=null -> /var/folders/59/0m_qs0hj5312yyc2c2zg_mf00000gn/T/fantasim_bundles/37412-dbdff4bc3d7c48008c71112b21bf3abb/common/1/TimeDete.Time.Primitives.dll
[CommonResidentLayer] resolving: FantaSim.App.World.Contracts, Version=1.0.0.0, Culture=neutral, PublicKeyToken=null -> /var/folders/59/0m_qs0hj5312yyc2c2zg_mf00000gn/T/fantasim_bundles/37412-dbdff4bc3d7c48008c71112b21bf3abb/common/1/FantaSim.App.World.Contracts.dll
[CommonResidentLayer] resolving: Newtonsoft.Json, Version=13.0.0.0, Culture=neutral, PublicKeyToken=30ad4fe6b2a6aeed -> /var/folders/59/0m_qs0hj5312yyc2c2zg_mf00000gn/T/fantasim_bundles/37412-dbdff4bc3d7c48008c71112b21bf3abb/common/1/Newtonsoft.Json.dll
info: FantaSim.App.Common.Bootstrap[0]
      Resident app kernel registry #14944322 initialized with messaging=MessagePipeMessageBus, akka=fantasim.
info: FantaSim.App.Common.Bootstrap[0]
      App config json /Users/apprenticegc/Work/lunar-horse/yokan-projects/fantasim-app-godot/build/_artifacts/0.1.2/godot/osx/complete-app.app/Contents/MacOS/config/app.json (loaded); env vars override at higher priority.
[CommonResidentLayer] resolving: UnifyStorage.Runtime.LiteDb, Version=0.1.0.0, Culture=neutral, PublicKeyToken=null -> /var/folders/59/0m_qs0hj5312yyc2c2zg_mf00000gn/T/fantasim_bundles/37412-dbdff4bc3d7c48008c71112b21bf3abb/common/1/UnifyStorage.Runtime.LiteDb.dll
[CommonResidentLayer] resolving: LiteDB, Version=5.0.21.0, Culture=neutral, PublicKeyToken=4ee40123013c9f27 -> /var/folders/59/0m_qs0hj5312yyc2c2zg_mf00000gn/T/fantasim_bundles/37412-dbdff4bc3d7c48008c71112b21bf3abb/common/1/LiteDB.dll
info: FantaSim.App.Common.Bootstrap[0]
      Resident document store opened at /Users/apprenticegc/Library/Application Support/FantaSim/complete-app/crust-cache.litedb.
info: Host[0]
      initial window size requested: 2400x1350 logical, applied=3840x1978 px, scale=2, min=2560x1440 px.
info: FantaSim.App.Common.Bootstrap[0]
      Plugin host built with 25 collectible assembly exclusion(s).
info: FantaSim.App.Common.Bootstrap[0]
      Plugin host initialized.
info: HostComposition.Resource[0]
      registered: Resource
info: HostComposition.SceneFlow[0]
      [Host] registered: SceneFlow
info: EcsSupervisorActor[0]
      Created ECS world: main
[CommonResidentLayer] resolving: Collections.Pooled, Version=2.0.0.0, Culture=neutral, PublicKeyToken=null -> /var/folders/59/0m_qs0hj5312yyc2c2zg_mf00000gn/T/fantasim_bundles/37412-dbdff4bc3d7c48008c71112b21bf3abb/common/1/Collections.Pooled.dll
[CommonResidentLayer] resolving: Schedulers, Version=1.1.2.0, Culture=neutral, PublicKeyToken=null -> /var/folders/59/0m_qs0hj5312yyc2c2zg_mf00000gn/T/fantasim_bundles/37412-dbdff4bc3d7c48008c71112b21bf3abb/common/1/Schedulers.dll
[CommonResidentLayer] resolving: Arch.LowLevel, Version=1.1.5.0, Culture=neutral, PublicKeyToken=null -> /var/folders/59/0m_qs0hj5312yyc2c2zg_mf00000gn/T/fantasim_bundles/37412-dbdff4bc3d7c48008c71112b21bf3abb/common/1/Arch.LowLevel.dll
[CommonResidentLayer] resolving: CommunityToolkit.HighPerformance, Version=8.2.0.0, Culture=neutral, PublicKeyToken=4aff67a105548ee2 -> /var/folders/59/0m_qs0hj5312yyc2c2zg_mf00000gn/T/fantasim_bundles/37412-dbdff4bc3d7c48008c71112b21bf3abb/common/1/CommunityToolkit.HighPerformance.dll
info: HostComposition.Ecs[0]
      [Host] ECS world 'main' created + initialized
info: HostComposition.Ecs[0]
      [Host] registered: Ecs
info: HostComposition.Command[0]
      [Host] registered: Command (orchestration degraded, 4 commands)
info: BundleHost[0]
      Bundle loaded: iii from /Users/apprenticegc/Work/lunar-horse/yokan-projects/fantasim-app-godot/build/_artifacts/0.1.2/godot/osx/complete-app.app/Contents/MacOS/bundles/iii.pck
info: Iii.Bridge[0]
      IiiBridge ready @ ws://127.0.0.1:49134
info: HostComposition.Iii[0]
      registered: Iii (bridge, function provider, orchestration, 1 command, 4 worker definitions)
info: HostComposition.Gpu[0]
      registered: Gpu (compute service, resident RenderingDevice seam)
info: HostComposition.GpuShader[0]
      registered: GpuShader (authoring service, resident Godot Shader seam)
info: HostComposition.Activity[0]
      [Host] registered: Activity
[CommonResidentLayer] resolving: BoomHud.Abstractions, Version=0.1.47.0, Culture=neutral, PublicKeyToken=null -> /var/folders/59/0m_qs0hj5312yyc2c2zg_mf00000gn/T/fantasim_bundles/37412-dbdff4bc3d7c48008c71112b21bf3abb/common/1/BoomHud.Abstractions.dll
info: HostComposition.Ui[0]
      registered: Ui (IViewHost + IService)
info: FantaSim.App.Remote.HttpTransport[0]
      Remote HTTP transport listening on http://127.0.0.1:19294/
info: HostComposition.Remote[0]
      registered: Remote ingress (main-thread bridge + transport).
info: HostComposition.Camera[0]
      registered: App.Camera IService (phantom-camera rig); camera.orbit registered = True.
info: HostComposition.Render[0]
      registered: render.screenshot (viewport capture), render.cutaway (wedge), render.exploded (solid crust), render.mantle (deprecated mantle-layer alias), render.lod (wireframe/density debug toggle).
info: Host.SceneTierPckWatcher[0]
      scene-tier pck watch installed on '/Users/apprenticegc/Work/lunar-horse/yokan-projects/fantasim-app-godot/build/_artifacts/0.1.2/godot/osx/complete-app.app/Contents/MacOS/bundles'.
info: Host[0]
      composition activated.
info: Host[0]
      iii bridge: IiiClient registered = True
info: App.SceneFlow.Provider[0]
      Loading scene bundle: stage
info: BundleHost[0]
      Bundle plugin extracted: stage assembly=FantaSim.App.Stage.dll dir=/var/folders/59/0m_qs0hj5312yyc2c2zg_mf00000gn/T/fantasim_bundles/37412-dbdff4bc3d7c48008c71112b21bf3abb/stage/2 dataFiles=2
info: BundleSceneHost[0]
      Bundle scene registered: stage
info: BundleHost[0]
      Bundle loaded: stage from /Users/apprenticegc/Work/lunar-horse/yokan-projects/fantasim-app-godot/build/_artifacts/0.1.2/godot/osx/complete-app.app/Contents/MacOS/bundles/stage.pck
info: Stage.Bootstrap[0]
      Stage tier active — sharing the app kernel registry #14944322.
info: App.SceneFlow.Service[0]
      Scene entered: stage
info: Host[0]
      entered scene 'stage'; bundleLoaded=True; activeScenes=1
info: BundleHost[0]
      Bundle plugin extracted: world assembly=FantaSim.App.World.dll dir=/var/folders/59/0m_qs0hj5312yyc2c2zg_mf00000gn/T/fantasim_bundles/37412-dbdff4bc3d7c48008c71112b21bf3abb/world/3 dataFiles=3
[CommonResidentLayer] resolving: FantaSim.App.World.Rendering, Version=1.0.0.0, Culture=neutral, PublicKeyToken=null -> /var/folders/59/0m_qs0hj5312yyc2c2zg_mf00000gn/T/fantasim_bundles/37412-dbdff4bc3d7c48008c71112b21bf3abb/common/1/FantaSim.App.World.Rendering.dll
[CommonResidentLayer] resolving: UnifyMaths, Version=1.0.0.0, Culture=neutral, PublicKeyToken=null -> /var/folders/59/0m_qs0hj5312yyc2c2zg_mf00000gn/T/fantasim_bundles/37412-dbdff4bc3d7c48008c71112b21bf3abb/common/1/UnifyMaths.dll
[CommonResidentLayer] resolving: Cartography.Globe.Contracts, Version=0.0.0.0, Culture=neutral, PublicKeyToken=null -> /var/folders/59/0m_qs0hj5312yyc2c2zg_mf00000gn/T/fantasim_bundles/37412-dbdff4bc3d7c48008c71112b21bf3abb/common/1/Cartography.Globe.Contracts.dll
info: PresentationPlugin[0]
      PresentationPlugin: IPlanetPresentation registered.
[CommonResidentLayer] resolving: FantaSim.World.Shared.Contracts, Version=0.0.0.0, Culture=neutral, PublicKeyToken=null -> /var/folders/59/0m_qs0hj5312yyc2c2zg_mf00000gn/T/fantasim_bundles/37412-dbdff4bc3d7c48008c71112b21bf3abb/common/1/FantaSim.World.Shared.Contracts.dll
info: PresentationPlugin[0]
      PresentationPlugin: ITunnelPresentation registered.
[CommonResidentLayer] resolving: FantaSim.Mythosphere.Cosmology.Contracts, Version=0.0.0.0, Culture=neutral, PublicKeyToken=null -> /var/folders/59/0m_qs0hj5312yyc2c2zg_mf00000gn/T/fantasim_bundles/37412-dbdff4bc3d7c48008c71112b21bf3abb/common/1/FantaSim.Mythosphere.Cosmology.Contracts.dll
[CommonResidentLayer] resolving: FantaSim.World.Export.Contracts, Version=0.0.0.0, Culture=neutral, PublicKeyToken=null -> /var/folders/59/0m_qs0hj5312yyc2c2zg_mf00000gn/T/fantasim_bundles/37412-dbdff4bc3d7c48008c71112b21bf3abb/common/1/FantaSim.World.Export.Contracts.dll
info: HostComposition.WorldDeclarationRegistry[0]
      Declaration registry composed: science=5e6ec29dc4090f166dc8c0c14f001d10c4826bdcbd04246ecbe9097fd9aee82c, truth=823cd54ff651914363328b77788f62084e6a6b7fa38fd65cd3e0c162b1e231f4, presentation=7a3bb14a2ebf8e5868387a810f7d2acb61204f531f9dc344bc112505163d5281
info: WorldPlugin[0]
      WorldPlugin: declaration registry active (science=5e6ec29dc4090f166dc8c0c14f001d10c4826bdcbd04246ecbe9097fd9aee82c, truth=823cd54ff651914363328b77788f62084e6a6b7fa38fd65cd3e0c162b1e231f4, presentation=7a3bb14a2ebf8e5868387a810f7d2acb61204f531f9dc344bc112505163d5281)
[CommonResidentLayer] resolving: FantaSim.World.Fields.Core, Version=0.0.0.0, Culture=neutral, PublicKeyToken=null -> /var/folders/59/0m_qs0hj5312yyc2c2zg_mf00000gn/T/fantasim_bundles/37412-dbdff4bc3d7c48008c71112b21bf3abb/common/1/FantaSim.World.Fields.Core.dll
info: HostComposition.World[0]
      [Host] registered: World
info: HostComposition.World[0]
      [Host] World detail: crust function provider registered
[CommonResidentLayer] resolving: UnifyMaths.Numerics, Version=0.1.5.0, Culture=neutral, PublicKeyToken=null -> /var/folders/59/0m_qs0hj5312yyc2c2zg_mf00000gn/T/fantasim_bundles/37412-dbdff4bc3d7c48008c71112b21bf3abb/common/1/UnifyMaths.Numerics.dll
info: WorldPlugin[0]
      WorldPlugin: layer-track registry registered.
info: WorldPlugin[0]
      WorldPlugin: registered world.run_generation_graph and registry.reload
info: WorldPlugin[0]
      WorldPlugin: automatic crust generation armed (window=5,000,000, graphRevision=1)
info: BundleHost[0]
      Bundle loaded: world from /Users/apprenticegc/Work/lunar-horse/yokan-projects/fantasim-app-godot/build/_artifacts/0.1.2/godot/osx/complete-app.app/Contents/MacOS/bundles/world.pck
info: Host[0]
      loaded domain bundle 'world'; bundleLoaded=True
info: App.SceneFlow.Provider[0]
      Loading scene bundle: assist
info: BundleHost[0]
      Bundle plugin extracted: assist assembly=FantaSim.App.Assist.dll dir=/var/folders/59/0m_qs0hj5312yyc2c2zg_mf00000gn/T/fantasim_bundles/37412-dbdff4bc3d7c48008c71112b21bf3abb/assist/4 dataFiles=2
info: BundleHost[0]
      Bundle loaded: assist from /Users/apprenticegc/Work/lunar-horse/yokan-projects/fantasim-app-godot/build/_artifacts/0.1.2/godot/osx/complete-app.app/Contents/MacOS/bundles/assist.pck
info: Assist.Bootstrap[0]
      Assist tier active — sharing the app kernel registry #14944322.
info: App.SceneFlow.Service[0]
      Scene entered: assist
info: Host[0]
      entered scene 'assist' under 'stage'; bundleLoaded=True; activeScenes=2
info: App.SceneFlow.Provider[0]
      Loading scene bundle: timeline
info: BundleHost[0]
      Bundle plugin extracted: timeline assembly=FantaSim.App.Timeline.dll dir=/var/folders/59/0m_qs0hj5312yyc2c2zg_mf00000gn/T/fantasim_bundles/37412-dbdff4bc3d7c48008c71112b21bf3abb/timeline/5 dataFiles=2
[CommonResidentLayer] resolving: FantaSim.Cross.Abstractions, Version=1.0.0.0, Culture=neutral, PublicKeyToken=null -> /var/folders/59/0m_qs0hj5312yyc2c2zg_mf00000gn/T/fantasim_bundles/37412-dbdff4bc3d7c48008c71112b21bf3abb/common/1/FantaSim.Cross.Abstractions.dll
info: TimelinePlugin[0]
      Tunnel default-on assert: effective=False, failureReason='tunnel mount unavailable', epoch=1.
info: TimelinePlugin[0]
      TimelinePlugin: IService registered.
info: BundleSceneHost[0]
      Resident script bound for bundle timeline: . -> FantaSim.App.Timeline.Seam.TimelineFace
info: BundleSceneHost[0]
      Bundle scene registered: timeline
info: BundleHost[0]
      Bundle loaded: timeline from /Users/apprenticegc/Work/lunar-horse/yokan-projects/fantasim-app-godot/build/_artifacts/0.1.2/godot/osx/complete-app.app/Contents/MacOS/bundles/timeline.pck
info: TimelinePlugin[0]
      Tunnel default-on assert: effective=False, failureReason='tunnel mount unavailable', epoch=2.
info: Timeline.Bootstrap[0]
      Timeline scene-tier active — sharing the app kernel registry #14944322.
info: App.SceneFlow.Service[0]
      Scene entered: timeline
info: Host[0]
      entered scene 'timeline' under 'stage'; bundleLoaded=True; activeScenes=3
[CommonResidentLayer] resolving: Cartography.Shared.Contracts, Version=0.0.0.0, Culture=neutral, PublicKeyToken=null -> /var/folders/59/0m_qs0hj5312yyc2c2zg_mf00000gn/T/fantasim_bundles/37412-dbdff4bc3d7c48008c71112b21bf3abb/common/1/Cartography.Shared.Contracts.dll
[CommonResidentLayer] resolving: Cartography.Globe.Core, Version=0.0.0.0, Culture=neutral, PublicKeyToken=null -> /var/folders/59/0m_qs0hj5312yyc2c2zg_mf00000gn/T/fantasim_bundles/37412-dbdff4bc3d7c48008c71112b21bf3abb/common/1/Cartography.Globe.Core.dll
[CommonResidentLayer] resolving: UnifyMaths.Numerics, Version=1.0.0.0, Culture=neutral, PublicKeyToken=null -> /var/folders/59/0m_qs0hj5312yyc2c2zg_mf00000gn/T/fantasim_bundles/37412-dbdff4bc3d7c48008c71112b21bf3abb/common/1/UnifyMaths.Numerics.dll
info: World.PlanetPresentation[0]
      Planet outer envelope bound: view=World, source=compatibility, crustVolumeDigest=none, buriedUnderlap=hidden, subdivision=adaptive, plates=1, triangles=5120, meshVertices=15360, scale=0.0008, trueScale=1.5696123057604772E-07, amplification=5096.8x, frequency=4, elevationMetres=[0,0], features=[none], featureMagnitudeMax=[none], boundaryArcs=[none], cellColorRange=[0.14734787224839863,0.5194475866888955], meshColorRange=[0.13900714,0.53335214], radiusRange=[0.9922293120320088,1.007134811235162], normalRadialDot=[0.9754089976018567,0.9949594479890425,0.9999993098641871].
info: World.PlanetPresentation[0]
      Planet presentation mounted under stage Environment: planet=app:main:L2:world:default, plates=0, cells=5120, productLayers=0, revision=0, crustVolumeDigest=none.
info: App.Camera.CameraRig[0]
      ConfigureGlobeOrbit pending: camera id 'globe.default' is not registered yet.
info: World.TunnelPresentation[0]
      Tunnel presentation prepared hidden under stage Environment.
info: World.TunnelPresentation[0]
      Tunnel pending default-enable applied at preparation completion: effective=True, reason=''.
info: TimelinePlugin[0]
      Tunnel out-of-band enablement observed: enabled=True, epoch=3.
info: App.Camera.CameraRig[0]
      Viewport rig created: main (layer bit = 1).
info: App.Camera.CameraRig[0]
      Camera 'globe.default' configured for globe orbit (follow target = GlobeOrbitFollowTarget, spring = 4).
info: App.Camera.CameraRig[0]
      Globe orbit follow engaged: cameraId=globe.default followTarget=GlobeOrbitFollowTarget.
info: App.Camera.CameraRig[0]
      Camera registered: globe.default (viewport = main, position = <0, 1.5, 3>).
info: App.Camera.CameraRig[0]
      Camera activated: globe.default (viewport = main).
info: App.Camera.Service[0]
      Camera registered: globe.default (viewport=main).
info: App.Camera.Service[0]
      Camera activated: globe.default (viewport=main).
info: FantaSim.App.Command.Clients.InProcessClient[0]
      Dispatching command timeline.seek
info: World.PlanetPresentation[0]
      Planet regime transition magma-ocean -> mobile-plate at t=105000000: refreshing presentation.
info: FantaSim.App.World.GenerationGraph.CrustGenerationTrigger[0]
      Crust generation triggered: tick=105,000,000, canonicalTick=105,000,000, window=21, revision=1, snapshots=5
info: FantaSim.App.World.WorldFunctionProvider[0]
      world invoke world.options
info: FantaSim.App.World.WorldFunctionProvider[0]
      world invoke crust.generate
[CommonResidentLayer] resolving: MessagePack, Version=3.1.7.0, Culture=neutral, PublicKeyToken=b4a0369545f0a1be -> /var/folders/59/0m_qs0hj5312yyc2c2zg_mf00000gn/T/fantasim_bundles/37412-dbdff4bc3d7c48008c71112b21bf3abb/common/1/MessagePack.dll
[CommonResidentLayer] resolving: UnifySerialization.MessagePack.Runtime, Version=0.2.0.0, Culture=neutral, PublicKeyToken=null -> /var/folders/59/0m_qs0hj5312yyc2c2zg_mf00000gn/T/fantasim_bundles/37412-dbdff4bc3d7c48008c71112b21bf3abb/common/1/UnifySerialization.MessagePack.Runtime.dll
[CommonResidentLayer] resolving: MessagePack.Annotations, Version=3.1.7.0, Culture=neutral, PublicKeyToken=b4a0369545f0a1be -> /var/folders/59/0m_qs0hj5312yyc2c2zg_mf00000gn/T/fantasim_bundles/37412-dbdff4bc3d7c48008c71112b21bf3abb/common/1/MessagePack.Annotations.dll
info: FantaSim.App.World.GenerationGraph.CrustGenerationTrigger[0]
      Crust generation completed: canonicalTick=105,000,000, window=21, revision=1
info: World.PlanetPresentation[0]
      Crust snapshot transition <none> -> 105,000,000 at t=105000000: refreshing presentation.
info: FantaSim.App.World.Services.Service[0]
      Crust product ready in 42 ms via persisted-cache restore (key=CrustProductCacheKey { Seed = 7, Frequency = 4, SpinRateRadiansPerMegaAnnum = 0.0035, GraphRevision = 1, RotationAuthorityDigest = generated:v1, SnapshotTick = 105000000 }).
info: FantaSim.App.World.Services.Service[0]
      Crust underlap proof: digest=5726f3e842227a4118a58d4676d82490d5fd166e96eb84cdfc070e68ab23126e, arc=19, overriding=7, downGoing=2, downGoingCell=347, rayOrigin=(0.21132605,1.3375797,1.1084772), rayDirection=(-0.12075774,-0.7643313,-0.6334156), overridingInterval=[0.7243793146256793,0.7993426871584757], downGoingInterval=[0.812291713087012,0.8216343078708603].
info: FantaSim.App.World.Services.Service[0]
      Crust volume state materialized: algorithm=crust-volume.v2, tick=105000000, cells=5120, arcs=346, digest=5726f3e842227a4118a58d4676d82490d5fd166e96eb84cdfc070e68ab23126e.
info: World.PlanetPresentation[0]
      Planet outer envelope bound: view=World, source=CrustVolumeState, crustVolumeDigest=5726f3e842227a4118a58d4676d82490d5fd166e96eb84cdfc070e68ab23126e, buriedUnderlap=hidden, subdivision=adaptive, plates=10, triangles=11990, meshVertices=35970, scale=0.0008, trueScale=1.5696123057604772E-07, amplification=5096.8x, frequency=4, elevationMetres=[-2022.321813225024,3747.237676140628], features=[None=4197,Mountain=69,VolcanicArc=77,Trench=69,Ridge=76,Fault=632], featureMagnitudeMax=[Mountain=1,VolcanicArc=0.997896302144189,Trench=1,Ridge=1,Fault=1], boundaryArcs=[Convergent=38,Divergent=15,Transform=293,Inactive=0], cellColorRange=[0.011417102098467854,0.8909362857091322], meshColorRange=[0,0.89554894], radiusRange=[0.9777456424729438,1.0369921097161727], normalRadialDot=[0.5649306407194621,0.9845405183499104,0.9999997959429101].
info: World.PlanetPresentation[0]
      Planet presentation mounted under stage Environment: planet=app:main:L2:world:default, plates=10, cells=5120, productLayers=1, revision=1, crustVolumeDigest=5726f3e842227a4118a58d4676d82490d5fd166e96eb84cdfc070e68ab23126e.
info: FantaSim.App.World.Services.Service[0]
      Crust underlap proof: digest=5726f3e842227a4118a58d4676d82490d5fd166e96eb84cdfc070e68ab23126e, arc=19, overriding=7, downGoing=2, downGoingCell=347, rayOrigin=(0.21132605,1.3375797,1.1084772), rayDirection=(-0.12075774,-0.7643313,-0.6334156), overridingInterval=[0.7243793146256793,0.7993426871584757], downGoingInterval=[0.812291713087012,0.8216343078708603].
info: FantaSim.App.World.Services.Service[0]
      Crust volume state materialized: algorithm=crust-volume.v2, tick=105000000, cells=5120, arcs=346, digest=5726f3e842227a4118a58d4676d82490d5fd166e96eb84cdfc070e68ab23126e.
info: World.PlanetPresentation[0]
      Planet surface re-bind skipped at t=105000000: content stamp unchanged (generation-completion echo).
info: FantaSim.App.World.Services.Service[0]
      Crust product ready in 4 ms via persisted-cache restore (key=CrustProductCacheKey { Seed = 7, Frequency = 3, SpinRateRadiansPerMegaAnnum = 0.0035, GraphRevision = 1, RotationAuthorityDigest = generated:v1, SnapshotTick = 140000000 }).
info: FantaSim.App.World.Services.Service[0]
      Crust product ready in 10 ms via persisted-cache restore (key=CrustProductCacheKey { Seed = 7, Frequency = 3, SpinRateRadiansPerMegaAnnum = 0.0035, GraphRevision = 1, RotationAuthorityDigest = generated:v1, SnapshotTick = 115000000 }).
info: FantaSim.App.World.Services.Service[0]
      Crust product ready in 3 ms via persisted-cache restore (key=CrustProductCacheKey { Seed = 7, Frequency = 3, SpinRateRadiansPerMegaAnnum = 0.0035, GraphRevision = 1, RotationAuthorityDigest = generated:v1, SnapshotTick = 160000000 }).
info: FantaSim.App.World.Services.Service[0]
      Crust product ready in 2 ms via persisted-cache restore (key=CrustProductCacheKey { Seed = 7, Frequency = 3, SpinRateRadiansPerMegaAnnum = 0.0035, GraphRevision = 1, RotationAuthorityDigest = generated:v1, SnapshotTick = 185000000 }).
info: FantaSim.App.Command.Clients.InProcessClient[0]
      Dispatching command timeline.tunnel_view
warn: World.TunnelPresentation[0]
      Tunnel camera restore: previously-current camera is gone; selecting the viewport's next camera.
info: FantaSim.App.Command.Clients.InProcessClient[0]
      Dispatching command render.exploded
info: World.PlanetPresentation[0]
      Focused convergent crust mounted: digest=5726f3e842227a4118a58d4676d82490d5fd166e96eb84cdfc070e68ab23126e, arc=19, overridingPlate=7, downGoingPlate=2, factor=0, plates=2.
info: HostComposition.Render[0]
      render.exploded: factor=0 focusConvergent=True
info: FantaSim.App.Command.Clients.InProcessClient[0]
      Dispatching command camera.orbit
info: HostComposition.Camera[0]
      camera.orbit: yaw=0 pitch=35 distance=6
info: FantaSim.App.Command.Clients.InProcessClient[0]
      Dispatching command render.screenshot
info: HostComposition.Render[0]
      render.screenshot: captured 3840x1914 -> /Users/apprenticegc/Work/lunar-horse/yokan-projects/fantasim-app-godot/vault/specs/evidence/2026-07-17-focused-convergent-underlap-inspection/focused-exact-production.png
info: FantaSim.App.Command.Clients.InProcessClient[0]
      Dispatching command render.exploded
info: World.PlanetPresentation[0]
      Focused convergent crust mounted: digest=5726f3e842227a4118a58d4676d82490d5fd166e96eb84cdfc070e68ab23126e, arc=19, overridingPlate=7, downGoingPlate=2, factor=0.15, plates=2.
info: HostComposition.Render[0]
      render.exploded: factor=0.15 focusConvergent=True
info: FantaSim.App.Command.Clients.InProcessClient[0]
      Dispatching command render.screenshot
info: HostComposition.Render[0]
      render.screenshot: captured 3840x1914 -> /Users/apprenticegc/Work/lunar-horse/yokan-projects/fantasim-app-godot/vault/specs/evidence/2026-07-17-focused-convergent-underlap-inspection/focused-reveal-production.png
